Warning: you are leaving 2 commits behind, not connected to
any of your branches:

  137d3f0 Merge pull request #241 from AlexisRalli/as_matrix_H
  a3edfc0 refactored code and added code comments

If you want to keep them by creating a new branch, this may be a good time
to do so with:

 git branch <new-branch-name> 137d3f0

HEAD is now at cf30131 Merge pull request #246 from lumapools/add_brute_force_tests
Removing src/openqaoa.egg-info/
F                                                                        [100%]
=================================== FAILURES ===================================
_________________ TestingOperators.test_hamiltonian_as_matrix __________________

self = <test_operators.TestingOperators testMethod=test_hamiltonian_as_matrix>

    def test_hamiltonian_as_matrix(self):
        """Test if the method produces
        the correct matrix corresponding to given Hamiltonian.
    
        """
        P_list = ['XIIZ', 'YIII', 'IZXI', 'IXIY', 'IIIZ', 'IIXI', 'ZZII']
        coeff_list = list(range(1, 8))
    
        Pauli_list = []
        for P in P_list:
            P = np.array(list(P))
            non_I = np.where(P != 'I')[0]
            Pauli_list.append(PauliOp(P[non_I], tuple(non_I)))
    
        H = Hamiltonian(Pauli_list, coeff_list, 0)
    
        solution = np.array([[12. + 0.j, 0. + 0.j, 9. + 0.j, 0. + 0.j, 0. + 0.j, 0. - 4.j,
                              0. + 0.j, 0. + 0.j, 1. - 2.j, 0. + 0.j, 0. + 0.j, 0. + 0.j,
                              0. + 0.j, 0. + 0.j, 0. + 0.j, 0. + 0.j],
                             [0. + 0.j, 2. + 0.j, 0. + 0.j, 9. + 0.j, 0. + 4.j, 0. + 0.j,
                              0. + 0.j, 0. + 0.j, 0. + 0.j, -1. - 2.j, 0. + 0.j, 0. + 0.j,
                              0. + 0.j, 0. + 0.j, 0. + 0.j, 0. + 0.j],
                             [9. + 0.j, 0. + 0.j, 12. + 0.j, 0. + 0.j, 0. + 0.j, 0. + 0.j,
                              0. + 0.j, 0. - 4.j, 0. + 0.j, 0. + 0.j, 1. - 2.j, 0. + 0.j,
                              0. + 0.j, 0. + 0.j, 0. + 0.j, 0. + 0.j],
                             [0. + 0.j, 9. + 0.j, 0. + 0.j, 2. + 0.j, 0. + 0.j, 0. + 0.j,
                              0. + 4.j, 0. + 0.j, 0. + 0.j, 0. + 0.j, 0. + 0.j, -1. - 2.j,
                              0. + 0.j, 0. + 0.j, 0. + 0.j, 0. + 0.j],
                             [0. + 0.j, 0. - 4.j, 0. + 0.j, 0. + 0.j, -2. + 0.j, 0. + 0.j,
                              3. + 0.j, 0. + 0.j, 0. + 0.j, 0. + 0.j, 0. + 0.j, 0. + 0.j,
                              1. - 2.j, 0. + 0.j, 0. + 0.j, 0. + 0.j],
                             [0. + 4.j, 0. + 0.j, 0. + 0.j, 0. + 0.j, 0. + 0.j, -12. + 0.j,
                              0. + 0.j, 3. + 0.j, 0. + 0.j, 0. + 0.j, 0. + 0.j, 0. + 0.j,
                              0. + 0.j, -1. - 2.j, 0. + 0.j, 0. + 0.j],
                             [0. + 0.j, 0. + 0.j, 0. + 0.j, 0. - 4.j, 3. + 0.j, 0. + 0.j,
                              -2. + 0.j, 0. + 0.j, 0. + 0.j, 0. + 0.j, 0. + 0.j, 0. + 0.j,
                              0. + 0.j, 0. + 0.j, 1. - 2.j, 0. + 0.j],
                             [0. + 0.j, 0. + 0.j, 0. + 4.j, 0. + 0.j, 0. + 0.j, 3. + 0.j,
                              0. + 0.j, -12. + 0.j, 0. + 0.j, 0. + 0.j, 0. + 0.j, 0. + 0.j,
                              0. + 0.j, 0. + 0.j, 0. + 0.j, -1. - 2.j],
                             [1. + 2.j, 0. + 0.j, 0. + 0.j, 0. + 0.j, 0. + 0.j, 0. + 0.j,
                              0. + 0.j, 0. + 0.j, -2. + 0.j, 0. + 0.j, 9. + 0.j, 0. + 0.j,
                              0. + 0.j, 0. - 4.j, 0. + 0.j, 0. + 0.j],
                             [0. + 0.j, -1. + 2.j, 0. + 0.j, 0. + 0.j, 0. + 0.j, 0. + 0.j,
                              0. + 0.j, 0. + 0.j, 0. + 0.j, -12. + 0.j, 0. + 0.j, 9. + 0.j,
                              0. + 4.j, 0. + 0.j, 0. + 0.j, 0. + 0.j],
                             [0. + 0.j, 0. + 0.j, 1. + 2.j, 0. + 0.j, 0. + 0.j, 0. + 0.j,
                              0. + 0.j, 0. + 0.j, 9. + 0.j, 0. + 0.j, -2. + 0.j, 0. + 0.j,
                              0. + 0.j, 0. + 0.j, 0. + 0.j, 0. - 4.j],
                             [0. + 0.j, 0. + 0.j, 0. + 0.j, -1. + 2.j, 0. + 0.j, 0. + 0.j,
                              0. + 0.j, 0. + 0.j, 0. + 0.j, 9. + 0.j, 0. + 0.j, -12. + 0.j,
                              0. + 0.j, 0. + 0.j, 0. + 4.j, 0. + 0.j],
                             [0. + 0.j, 0. + 0.j, 0. + 0.j, 0. + 0.j, 1. + 2.j, 0. + 0.j,
                              0. + 0.j, 0. + 0.j, 0. + 0.j, 0. - 4.j, 0. + 0.j, 0. + 0.j,
                              12. + 0.j, 0. + 0.j, 3. + 0.j, 0. + 0.j],
                             [0. + 0.j, 0. + 0.j, 0. + 0.j, 0. + 0.j, 0. + 0.j, -1. + 2.j,
                              0. + 0.j, 0. + 0.j, 0. + 4.j, 0. + 0.j, 0. + 0.j, 0. + 0.j,
                              0. + 0.j, 2. + 0.j, 0. + 0.j, 3. + 0.j],
                             [0. + 0.j, 0. + 0.j, 0. + 0.j, 0. + 0.j, 0. + 0.j, 0. + 0.j,
                              1. + 2.j, 0. + 0.j, 0. + 0.j, 0. + 0.j, 0. + 0.j, 0. - 4.j,
                              3. + 0.j, 0. + 0.j, 12. + 0.j, 0. + 0.j],
                             [0. + 0.j, 0. + 0.j, 0. + 0.j, 0. + 0.j, 0. + 0.j, 0. + 0.j,
                              0. + 0.j, -1. + 2.j, 0. + 0.j, 0. + 0.j, 0. + 4.j, 0. + 0.j,
                              0. + 0.j, 3. + 0.j, 0. + 0.j, 2. + 0.j]])
    
        assert np.allclose(solution,
>                   H.as_matrix.toarray()), 'as_matrix method not correct'
E       AttributeError: 'Hamiltonian' object has no attribute 'as_matrix'

tests/test_operators.py:1383: AttributeError
=========================== short test summary info ============================
FAILED tests/test_operators.py::TestingOperators::test_hamiltonian_as_matrix
1 failed, 5 warnings in 5.62s
