Warning: you are leaving 1 commit behind, not connected to
any of your branches:

  e52584a add model serialization by which high level models can be stored and loaded (#339)

If you want to keep it by creating a new branch, this may be a good time
to do so with:

 git branch <new-branch-name> e52584a

HEAD is now at 3672c9e add testfile for llqnn (#350)
F                                                                        [100%]
=================================== FAILURES ===================================
_________________ TestQNNRegressor.test_serialization[qiskit] __________________

self = <tests.qnn.test_qnnr.TestQNNRegressor object at 0x7fffe1e75bd0>
request = <FixtureRequest for <Function test_serialization[qiskit]>>
data = (array([[0.43274505],
       [0.14365581],
       [0.50147978],
       [0.10000747],
       [0.9       ],
       [0.1       ]]), array([ 2.88509522, -0.803089  ,  3.76200899, -1.35995202,  8.84630755,
       -1.36004738]))
framework = 'qiskit'

    @pytest.mark.parametrize("framework", ["qiskit", "pennylane", "qulacs"])
    def test_serialization(self, request, data, framework):
        """Tests concerning the serialization of the QNNRegressor."""
    
        X, y = data
        qnn_regressor = self.get_qnn_regressor(framework)
        qnn_regressor.fit(X, y)
    
        buffer = io.BytesIO()
>       qnn_regressor.dump(buffer)
E       AttributeError: 'QNNRegressor' object has no attribute 'dump'

tests/qnn/test_qnnr.py:227: AttributeError
----------------------------- Captured stdout call -----------------------------
fit:   0%|          | 0/2 [00:00<?, ?it/s]fit:  50%|█████     | 1/2 [00:00<00:00,  4.77it/s]fit: 100%|██████████| 2/2 [00:00<00:00,  4.80it/s]fit: 100%|██████████| 2/2 [00:00<00:00,  4.79it/s]
------------------------------ Captured log call -------------------------------
INFO     executor:executor.py:2190 Set shots to None
INFO     executor:executor.py:784 Executor initialized with qiskit
INFO     executor:executor.py:786 Executor initialized with backend: AerSimulator('aer_simulator_statevector')
INFO     executor:executor.py:800 Executor intial shots: None
INFO     executor:executor.py:2190 Set shots to None
INFO     executor:executor.py:1600 Executor runs estimator with job: a6876e47-173d-4e69-b26e-1a5722332394
INFO     executor:executor.py:1650 Job status: JobStatus.RUNNING
INFO     executor:executor.py:1650 Job status: JobStatus.DONE
INFO     executor:executor.py:1600 Executor runs estimator with job: 585fd3c9-cc5a-4fe3-9db6-c6df91f83f3b
INFO     executor:executor.py:1650 Job status: JobStatus.RUNNING
INFO     executor:executor.py:1650 Job status: JobStatus.DONE
INFO     executor:executor.py:1600 Executor runs estimator with job: 7154507c-4742-4d14-8575-1356f353e7f7
INFO     executor:executor.py:1650 Job status: JobStatus.RUNNING
INFO     executor:executor.py:1650 Job status: JobStatus.DONE
INFO     executor:executor.py:1600 Executor runs estimator with job: f900b51e-7b55-4e59-82fd-b8ba8846eff3
INFO     executor:executor.py:1650 Job status: JobStatus.RUNNING
INFO     executor:executor.py:1650 Job status: JobStatus.DONE
INFO     executor:executor.py:1600 Executor runs estimator with job: ce1d97c8-027b-4dff-97c0-83fe78e2788f
INFO     executor:executor.py:1650 Job status: JobStatus.RUNNING
INFO     executor:executor.py:1650 Job status: JobStatus.DONE
INFO     executor:executor.py:1600 Executor runs estimator with job: 7dbe048c-9846-4fb0-a4e0-2ac64fbf1ce5
INFO     executor:executor.py:1650 Job status: JobStatus.DONE
INFO     executor:executor.py:1600 Executor runs estimator with job: 2b74a021-2340-4b37-9e27-ac1b0a844552
INFO     executor:executor.py:1650 Job status: JobStatus.RUNNING
INFO     executor:executor.py:1650 Job status: JobStatus.DONE
=========================== short test summary info ============================
FAILED tests/qnn/test_qnnr.py::TestQNNRegressor::test_serialization[qiskit]
1 failed, 5 warnings in 3.80s
