#0 building with "desktop-linux" instance using docker driver

#1 [internal] load build definition from Dockerfile
#1 transferring dockerfile: 594B done
#1 DONE 0.0s

#2 [internal] load metadata for docker.io/library/benchmark-base:tequila_406_409
#2 DONE 0.0s

#3 [internal] load .dockerignore
#3 transferring context: 2B done
#3 DONE 0.0s

#4 [internal] load build context
#4 transferring context: 3.42kB done
#4 DONE 0.0s

#5 [1/2] FROM docker.io/library/benchmark-base:tequila_406_409
#5 DONE 0.1s

#6 [2/2] COPY run.sh /benchmark/run.sh
#6 DONE 0.2s

#7 exporting to image
#7 exporting layers 0.0s done
#7 writing image sha256:2ff9c698aeca39f3eea700a060f29747f7df0072ec7fc58e339e4bbb5351bb65
#7 writing image sha256:2ff9c698aeca39f3eea700a060f29747f7df0072ec7fc58e339e4bbb5351bb65 0.3s done
#7 naming to docker.io/library/benchmark-tequila_406_409:latest
#7 naming to docker.io/library/benchmark-tequila_406_409:latest done
#7 DONE 0.3s
