#0 building with "desktop-linux" instance using docker driver

#1 [internal] load build definition from Dockerfile
#1 transferring dockerfile: 656B done
#1 DONE 0.0s

#2 [internal] load metadata for docker.io/library/benchmark-base:tequila_406_409
#2 DONE 0.0s

#3 [internal] load .dockerignore
#3 transferring context: 2B done
#3 DONE 0.0s

#4 [1/3] FROM docker.io/library/benchmark-base:tequila_406_409
#4 DONE 0.0s

#5 [internal] load build context
#5 transferring context: 5.45kB done
#5 DONE 0.0s

#6 [2/3] COPY run.sh evaluator.py test_plan.json /benchmark/
#6 CACHED

#7 [3/3] COPY sample.json /benchmark/sample.json
#7 DONE 0.1s

#8 exporting to image
#8 exporting layers 0.0s done
#8 writing image sha256:cfd9eeabfd41c3edbb648d146aeac86504cad2a7ca57e9c13014daf51d41a6fe done
#8 naming to docker.io/library/benchmark-tequila_406_409:latest 0.0s done
#8 DONE 0.0s
