Warning: you are leaving 1 commit behind, not connected to
any of your branches:

  1b0adcd Remove need for `num_features` before fitting  (#301)

If you want to keep it by creating a new branch, this may be a good time
to do so with:

 git branch <new-branch-name> 1b0adcd

HEAD is now at e3866c7 fix pennylane executor (#343)
ERROR: found no collectors for /workspace/repo/tests/encoding_circuit/circuit_library/test_multi_control_encoding_circuit.py::TestMultiControlEncodingCircuit::test_minimal_fit

ERROR: found no collectors for /workspace/repo/tests/encoding_circuit/circuit_library/test_kyriienko_encoding_circuit.py::TestKyriienkoEncodingCircuit::test_minimal_fit

ERROR: found no collectors for /workspace/repo/tests/encoding_circuit/circuit_library/test_hubregtsen_encoding_circuit.py::TestHubregtsenEncodingCircuit::test_minimal_fit

ERROR: found no collectors for /workspace/repo/tests/encoding_circuit/circuit_library/test_chebyshev_tower.py::TestChebyshevTower::test_minimal_fit

ERROR: found no collectors for /workspace/repo/tests/encoding_circuit/circuit_library/test_chebyshev_pqc.py::TestChebyshevPQC::test_minimal_fit

ERROR: found no collectors for /workspace/repo/tests/encoding_circuit/circuit_library/test_chebyshev_rx.py::TestChebyshevRx::test_minimal_fit

ERROR: found no collectors for /workspace/repo/tests/encoding_circuit/circuit_library/test_yz_cx_encoding_circuit.py::TestYZ_CX_EncodingCircuit::test_minimal_fit

ERROR: found no collectors for /workspace/repo/tests/encoding_circuit/circuit_library/test_multi_control_encoding_circuit.py::TestMultiControlEncodingCircuit::test_feature_consistency

ERROR: found no collectors for /workspace/repo/tests/encoding_circuit/circuit_library/test_kyriienko_encoding_circuit.py::TestKyriienkoEncodingCircuit::test_feature_consistency

ERROR: found no collectors for /workspace/repo/tests/encoding_circuit/circuit_library/test_hubregtsen_encoding_circuit.py::TestHubregtsenEncodingCircuit::test_feature_consistency

ERROR: found no collectors for /workspace/repo/tests/encoding_circuit/circuit_library/test_chebyshev_tower.py::TestChebyshevTower::test_feature_consistency

ERROR: found no collectors for /workspace/repo/tests/encoding_circuit/circuit_library/test_chebyshev_pqc.py::TestChebyshevPQC::test_feature_consistency

ERROR: found no collectors for /workspace/repo/tests/encoding_circuit/circuit_library/test_chebyshev_rx.py::TestChebyshevRx::test_feature_consistency

ERROR: found no collectors for /workspace/repo/tests/encoding_circuit/circuit_library/test_yz_cx_encoding_circuit.py::TestYZ_CX_EncodingCircuit::test_feature_consistency


==================================== ERRORS ====================================
_ ERROR collecting tests/encoding_circuit/circuit_library/test_multi_control_encoding_circuit.py _
ImportError while importing test module '/workspace/repo/tests/encoding_circuit/circuit_library/test_multi_control_encoding_circuit.py'.
Hint: make sure your test modules/packages have valid Python names.
Traceback:
tests/encoding_circuit/circuit_library/test_multi_control_encoding_circuit.py:6: in <module>
    from squlearn.encoding_circuit.encoding_circuit_base import EncodingSlotsMismatchError
E   ImportError: cannot import name 'EncodingSlotsMismatchError' from 'squlearn.encoding_circuit.encoding_circuit_base' (/workspace/repo/src/squlearn/encoding_circuit/encoding_circuit_base.py)
_ ERROR collecting tests/encoding_circuit/circuit_library/test_kyriienko_encoding_circuit.py _
ImportError while importing test module '/workspace/repo/tests/encoding_circuit/circuit_library/test_kyriienko_encoding_circuit.py'.
Hint: make sure your test modules/packages have valid Python names.
Traceback:
tests/encoding_circuit/circuit_library/test_kyriienko_encoding_circuit.py:6: in <module>
    from squlearn.encoding_circuit.encoding_circuit_base import EncodingSlotsMismatchError
E   ImportError: cannot import name 'EncodingSlotsMismatchError' from 'squlearn.encoding_circuit.encoding_circuit_base' (/workspace/repo/src/squlearn/encoding_circuit/encoding_circuit_base.py)
_ ERROR collecting tests/encoding_circuit/circuit_library/test_hubregtsen_encoding_circuit.py _
ImportError while importing test module '/workspace/repo/tests/encoding_circuit/circuit_library/test_hubregtsen_encoding_circuit.py'.
Hint: make sure your test modules/packages have valid Python names.
Traceback:
tests/encoding_circuit/circuit_library/test_hubregtsen_encoding_circuit.py:6: in <module>
    from squlearn.encoding_circuit.encoding_circuit_base import EncodingSlotsMismatchError
E   ImportError: cannot import name 'EncodingSlotsMismatchError' from 'squlearn.encoding_circuit.encoding_circuit_base' (/workspace/repo/src/squlearn/encoding_circuit/encoding_circuit_base.py)
_ ERROR collecting tests/encoding_circuit/circuit_library/test_chebyshev_tower.py _
ImportError while importing test module '/workspace/repo/tests/encoding_circuit/circuit_library/test_chebyshev_tower.py'.
Hint: make sure your test modules/packages have valid Python names.
Traceback:
tests/encoding_circuit/circuit_library/test_chebyshev_tower.py:6: in <module>
    from squlearn.encoding_circuit.encoding_circuit_base import EncodingSlotsMismatchError
E   ImportError: cannot import name 'EncodingSlotsMismatchError' from 'squlearn.encoding_circuit.encoding_circuit_base' (/workspace/repo/src/squlearn/encoding_circuit/encoding_circuit_base.py)
_ ERROR collecting tests/encoding_circuit/circuit_library/test_chebyshev_pqc.py _
ImportError while importing test module '/workspace/repo/tests/encoding_circuit/circuit_library/test_chebyshev_pqc.py'.
Hint: make sure your test modules/packages have valid Python names.
Traceback:
tests/encoding_circuit/circuit_library/test_chebyshev_pqc.py:6: in <module>
    from squlearn.encoding_circuit.encoding_circuit_base import EncodingSlotsMismatchError
E   ImportError: cannot import name 'EncodingSlotsMismatchError' from 'squlearn.encoding_circuit.encoding_circuit_base' (/workspace/repo/src/squlearn/encoding_circuit/encoding_circuit_base.py)
_ ERROR collecting tests/encoding_circuit/circuit_library/test_chebyshev_rx.py _
ImportError while importing test module '/workspace/repo/tests/encoding_circuit/circuit_library/test_chebyshev_rx.py'.
Hint: make sure your test modules/packages have valid Python names.
Traceback:
tests/encoding_circuit/circuit_library/test_chebyshev_rx.py:7: in <module>
    from squlearn.encoding_circuit.encoding_circuit_base import EncodingSlotsMismatchError
E   ImportError: cannot import name 'EncodingSlotsMismatchError' from 'squlearn.encoding_circuit.encoding_circuit_base' (/workspace/repo/src/squlearn/encoding_circuit/encoding_circuit_base.py)
_ ERROR collecting tests/encoding_circuit/circuit_library/test_yz_cx_encoding_circuit.py _
ImportError while importing test module '/workspace/repo/tests/encoding_circuit/circuit_library/test_yz_cx_encoding_circuit.py'.
Hint: make sure your test modules/packages have valid Python names.
Traceback:
tests/encoding_circuit/circuit_library/test_yz_cx_encoding_circuit.py:5: in <module>
    from squlearn.encoding_circuit.encoding_circuit_base import EncodingSlotsMismatchError
E   ImportError: cannot import name 'EncodingSlotsMismatchError' from 'squlearn.encoding_circuit.encoding_circuit_base' (/workspace/repo/src/squlearn/encoding_circuit/encoding_circuit_base.py)
=========================== short test summary info ============================
ERROR tests/encoding_circuit/circuit_library/test_multi_control_encoding_circuit.py
ERROR tests/encoding_circuit/circuit_library/test_kyriienko_encoding_circuit.py
ERROR tests/encoding_circuit/circuit_library/test_hubregtsen_encoding_circuit.py
ERROR tests/encoding_circuit/circuit_library/test_chebyshev_tower.py
ERROR tests/encoding_circuit/circuit_library/test_chebyshev_pqc.py
ERROR tests/encoding_circuit/circuit_library/test_chebyshev_rx.py
ERROR tests/encoding_circuit/circuit_library/test_yz_cx_encoding_circuit.py
2 warnings, 7 errors in 3.31s
