#0 building with "desktop-linux" instance using docker driver

#1 [internal] load build definition from Dockerfile
#1 DONE 0.0s

#1 [internal] load build definition from Dockerfile
#1 transferring dockerfile: 592B done
#1 DONE 0.0s

#2 [internal] load metadata for docker.io/library/benchmark-base:squlearn_274_279
#2 DONE 0.0s

#3 [internal] load .dockerignore
#3 transferring context: 2B done
#3 DONE 0.0s

#4 [internal] load build context
#4 transferring context: 3.42kB done
#4 DONE 0.1s

#5 [1/2] FROM docker.io/library/benchmark-base:squlearn_274_279
#5 DONE 0.3s

#6 [2/2] COPY run.sh /benchmark/run.sh
#6 DONE 0.3s

#7 exporting to image
#7 exporting layers
#7 exporting layers 0.2s done
#7 writing image sha256:e306b355149624dedb14a41fb5fd003b1f4e630e12c5d02640dd45c2f1db4d43
#7 writing image sha256:e306b355149624dedb14a41fb5fd003b1f4e630e12c5d02640dd45c2f1db4d43 0.5s done
#7 naming to docker.io/library/benchmark-squlearn_274_279:latest
#7 naming to docker.io/library/benchmark-squlearn_274_279:latest 0.0s done
#7 DONE 0.7s
