#0 building with "desktop-linux" instance using docker driver

#1 [stage-0 1/7] FROM docker.io/library/qfea-python310:trixie-db7a1753878f
#1 DONE 0.0s

#2 [internal] load build definition from Dockerfile.repo-base
#2 transferring dockerfile: 1.26kB done
#2 DONE 0.0s

#3 [internal] load metadata for docker.io/library/qfea-python310:trixie-db7a1753878f
#3 DONE 0.0s

#4 [internal] load .dockerignore
#4 transferring context: 2B done
#4 DONE 0.0s

#5 [internal] load build context
#5 transferring context: 72B done
#5 DONE 0.0s

#6 [stage-0 3/7] WORKDIR /workspace/repo
#6 CACHED

#7 [stage-0 2/7] RUN sed -i "s|http://deb.debian.org/debian-security|https://mirrors.tuna.tsinghua.edu.cn/debian-security|g; s|http://deb.debian.org/debian|https://mirrors.tuna.tsinghua.edu.cn/debian|g" /etc/apt/sources.list.d/debian.sources && apt-get -o Acquire::Retries=3 update && apt-get install -y --no-install-recommends git gcc g++ gfortran make libgomp1 && rm -rf /var/lib/apt/lists/*
#7 CACHED

#8 [stage-0 4/7] ADD --chown=0:0 source.tar.gz /workspace/repo
#8 CACHED

#9 [stage-0 5/7] RUN chown -R root:root /workspace/repo && git checkout --detach 7b6c981d2a08db5a0f3cbde627d6b3410616245e && git cat-file -e 0127e85477854bdc87e1dc3fd0b7f1f6ff3c2026^{commit}
#9 0.827 HEAD is now at 7b6c981 Adaption of kernel optimizer (#279)
#9 DONE 1.0s

#10 [stage-0 6/7] COPY constraints.txt /opt/constraints.txt
#10 DONE 0.0s

#11 [stage-0 7/7] RUN --mount=type=cache,id=quanbench-pip,target=/root/.cache/pip python -m pip install 'pip<25' 'setuptools<81' wheel && python -m pip install -c /opt/constraints.txt -e . pytest && python -m pip freeze > /opt/build-freeze.txt
#11 2.168 Looking in indexes: https://pypi.tuna.tsinghua.edu.cn/simple
#11 2.169 Requirement already satisfied: pip<25 in /usr/local/lib/python3.10/site-packages (23.0.1)
#11 2.170 Requirement already satisfied: setuptools<81 in /usr/local/lib/python3.10/site-packages (79.0.1)
#11 2.171 Requirement already satisfied: wheel in /usr/local/lib/python3.10/site-packages (0.45.1)
#11 2.217 WARNING: Running pip as the 'root' user can result in broken permissions and conflicting behaviour with the system package manager. It is recommended to use a virtual environment instead: https://pip.pypa.io/warnings/venv
#11 2.227 
#11 2.227 [notice] A new release of pip is available: 23.0.1 -> 26.2.1
#11 2.227 [notice] To update, run: pip install --upgrade pip
#11 2.855 Looking in indexes: https://pypi.tuna.tsinghua.edu.cn/simple
#11 2.855 Obtaining file:///workspace/repo
#11 2.860   Installing build dependencies: started
#11 3.984   Installing build dependencies: finished with status 'done'
#11 3.988   Checking if build backend supports build_editable: started
#11 4.294   Checking if build backend supports build_editable: finished with status 'done'
#11 4.298   Getting requirements to build editable: started
#11 4.505   Getting requirements to build editable: finished with status 'done'
#11 4.511   Preparing editable metadata (pyproject.toml): started
#11 4.760   Preparing editable metadata (pyproject.toml): finished with status 'done'
#11 5.255 Collecting pytest
#11 5.331   Using cached https://pypi.tuna.tsinghua.edu.cn/packages/24/25/1de2678b631f5a49215c6c96fff41ba892b0a34df68d6d80292b1b48aa7f/pytest-9.1.1-py3-none-any.whl (386 kB)
#11 5.441 Collecting iniconfig>=1.0.1
#11 5.508   Using cached https://pypi.tuna.tsinghua.edu.cn/packages/cb/b1/3846dd7f199d53cb17f49cba7e651e9ce294d8497c8c150530ed11865bb8/iniconfig-2.3.0-py3-none-any.whl (7.5 kB)
#11 5.625 Collecting tomli>=1
#11 5.689   Using cached https://pypi.tuna.tsinghua.edu.cn/packages/7b/61/cceae43728b7de99d9b847560c262873a1f6c98202171fd5ed62640b494b/tomli-2.4.1-py3-none-any.whl (14 kB)
#11 5.782 Collecting pygments>=2.7.2
#11 5.852   Using cached https://pypi.tuna.tsinghua.edu.cn/packages/71/46/17f022dd3e953bf20a04a028a21ec746d942f8d2af30fa0f124fa0e6a684/pygments-2.21.0-py3-none-any.whl (1.3 MB)
#11 5.957 Collecting packaging>=22
#11 6.020   Using cached https://pypi.tuna.tsinghua.edu.cn/packages/63/34/ba1c580383c9eada3711951fef0795c80b829a078d72188184bcab9dd527/packaging-26.3-py3-none-any.whl (129 kB)
#11 6.100 Collecting exceptiongroup>=1
#11 6.161   Using cached https://pypi.tuna.tsinghua.edu.cn/packages/8a/0e/97c33bf5009bdbac74fd2beace167cab3f978feb69cc36f1ef79360d6c4e/exceptiongroup-1.3.1-py3-none-any.whl (16 kB)
#11 6.242 Collecting pluggy<2,>=1.5
#11 6.307   Using cached https://pypi.tuna.tsinghua.edu.cn/packages/54/20/4d324d65cc6d9205fabedc306948156824eb9f0ee1633355a8f7ec5c66bf/pluggy-1.6.0-py3-none-any.whl (20 kB)
#11 6.410 Collecting dill>=0.3
#11 6.470   Using cached https://pypi.tuna.tsinghua.edu.cn/packages/1e/77/dc8c558f7593132cf8fefec57c4f60c83b16941c574ac5f619abb3ae7933/dill-0.4.1-py3-none-any.whl (120 kB)
#11 6.572 Collecting qiskit-ibm-runtime>=0.15.1
#11 6.646   Downloading https://pypi.tuna.tsinghua.edu.cn/packages/ae/e3/959f3e610998f861ed5a17291a8055fbdf73976a23ecc20891ebf02de3a8/qiskit_ibm_runtime-0.23.0-py3-none-any.whl (3.0 MB)
#11 7.408      ━━━━━━━━━━━━━━━━━━━━━━━━━━━━━━━━━━━━━━━━ 3.0/3.0 MB 4.0 MB/s eta 0:00:00
#11 7.684 Collecting qiskit<1.1.0,>=0.43.0
#11 7.763   Downloading https://pypi.tuna.tsinghua.edu.cn/packages/7a/a5/1632e574c24befa2783ab15db022112444ea39fdf0ec7be29b8975613071/qiskit-1.0.2-cp38-abi3-manylinux_2_17_x86_64.manylinux2014_x86_64.whl (5.6 MB)
#11 8.084      ━━━━━━━━━━━━━━━━━━━━━━━━━━━━━━━━━━━━━━━━ 5.6/5.6 MB 17.7 MB/s eta 0:00:00
#11 8.212 Collecting pennylane>=0.34.0
#11 8.270   Downloading https://pypi.tuna.tsinghua.edu.cn/packages/c0/c1/37d745789378cd2d8a48a6e2ecc9deb9948b984c074b87daa721ac0f6cf8/PennyLane-0.36.0-py3-none-any.whl (1.7 MB)
#11 8.360      ━━━━━━━━━━━━━━━━━━━━━━━━━━━━━━━━━━━━━━━━ 1.7/1.7 MB 19.9 MB/s eta 0:00:00
#11 8.601 Collecting tqdm>=4.0
#11 8.667   Using cached https://pypi.tuna.tsinghua.edu.cn/packages/a7/03/921a3d3c75785aca9ebfbfcabfbc3a1be12e2ab5265deb026d55a5a3f83e/tqdm-4.70.1-py3-none-any.whl (80 kB)
#11 9.010 Collecting scikit-learn<1.4.2,>=1.0
#11 9.073   Downloading https://pypi.tuna.tsinghua.edu.cn/packages/bc/b9/6a637668d69de04b7f8b917e837aff282950601f09998a5f6c9f23f6642d/scikit_learn-1.4.1.post1-cp310-cp310-manylinux_2_17_x86_64.manylinux2014_x86_64.whl (12.1 MB)
#11 9.681      ━━━━━━━━━━━━━━━━━━━━━━━━━━━━━━━━━━━━━━━━ 12.1/12.1 MB 18.9 MB/s eta 0:00:00
#11 9.805 Collecting qiskit-machine-learning>=0.6.1
#11 9.867   Downloading https://pypi.tuna.tsinghua.edu.cn/packages/7f/4a/ed252b41533f0fef82d0085339040277cdfba5c5ec7e816eefd92cf97b26/qiskit_machine_learning-0.7.2-py3-none-any.whl (97 kB)
#11 9.873      ━━━━━━━━━━━━━━━━━━━━━━━━━━━━━━━━━━━━━━━━ 97.8/97.8 kB 22.8 MB/s eta 0:00:00
#11 9.947 Collecting qiskit-algorithms>=0.3.0
#11 10.01   Downloading https://pypi.tuna.tsinghua.edu.cn/packages/e0/2f/9a71fc36ff8de0188d4325399e1ad29c8fce2c2b427dae6c900003510943/qiskit_algorithms-0.3.0-py3-none-any.whl (308 kB)
#11 10.02      ━━━━━━━━━━━━━━━━━━━━━━━━━━━━━━━━━━━━━━ 308.6/308.6 kB 24.5 MB/s eta 0:00:00
#11 10.10 Collecting bayesian-optimization>=1.4.3
#11 10.16   Downloading https://pypi.tuna.tsinghua.edu.cn/packages/c5/fd/5998d2f9d693b5ef2954e3d9ddb96ede395373faa5d9bcfbd7da4b945d47/bayesian_optimization-1.5.1-py3-none-any.whl (28 kB)
#11 10.92 Collecting numpy<2.0,>=1.17
#11 11.18   Using cached https://pypi.tuna.tsinghua.edu.cn/packages/4b/d7/ecf66c1cd12dc28b4040b15ab4d17b773b87fa9d29ca16125de01adb36cd/numpy-1.26.4-cp310-cp310-manylinux_2_17_x86_64.manylinux2014_x86_64.whl (18.2 MB)
#11 11.61 Collecting qiskit-aer>=0.12.0
#11 11.67   Downloading https://pypi.tuna.tsinghua.edu.cn/packages/7c/4b/492d8efe4e9120727abbefa14fa87d277297863658b222fb107bb7e6c70b/qiskit_aer-0.14.2-cp310-cp310-manylinux_2_17_x86_64.manylinux2014_x86_64.whl (12.4 MB)
#11 12.25      ━━━━━━━━━━━━━━━━━━━━━━━━━━━━━━━━━━━━━━━━ 12.4/12.4 MB 20.5 MB/s eta 0:00:00
#11 12.74 Collecting scipy>=1.5
#11 13.28   Using cached https://pypi.tuna.tsinghua.edu.cn/packages/8e/6d/41991e503e51fc1134502694c5fa7a1671501a17ffa12716a4a9151af3df/scipy-1.15.3-cp310-cp310-manylinux_2_17_x86_64.manylinux2014_x86_64.whl (37.7 MB)
#11 14.07 Collecting colorama<0.5.0,>=0.4.6
#11 14.13   Downloading https://pypi.tuna.tsinghua.edu.cn/packages/d1/d6/3965ed04c63042e047cb6a3e6ed1a63a35087b6a609aa3a15ed8ac56c221/colorama-0.4.6-py2.py3-none-any.whl (25 kB)
#11 14.27 Collecting typing-extensions>=4.6.0
#11 14.35   Using cached https://pypi.tuna.tsinghua.edu.cn/packages/49/d3/b8441a820a491ddfc024b0b0cf0393375b75ea13866d9c66727e54c2fc80/typing_extensions-4.16.0-py3-none-any.whl (45 kB)
#11 14.44 Collecting toml
#11 14.50   Downloading https://pypi.tuna.tsinghua.edu.cn/packages/44/6f/7120676b6d73228c96e17f1f794d8ab046fc910d781c8d151120c3f1569e/toml-0.10.2-py2.py3-none-any.whl (16 kB)
#11 14.57 Collecting autograd
#11 14.64   Using cached https://pypi.tuna.tsinghua.edu.cn/packages/6e/ce/8c98e6604bb1ec9d03c8493c328185b69bb7533fe08f3640f0f3641bd9d1/autograd-1.9.1-py3-none-any.whl (54 kB)
#11 14.72 Collecting semantic-version>=2.7
#11 14.78   Downloading https://pypi.tuna.tsinghua.edu.cn/packages/6a/23/8146aad7d88f4fcb3a6218f41a60f6c2d4e3a72de72da1825dc7c8f7877c/semantic_version-2.10.0-py2.py3-none-any.whl (15 kB)
#11 15.07 Collecting pennylane-lightning>=0.36
#11 15.14   Downloading https://pypi.tuna.tsinghua.edu.cn/packages/d0/24/e95792186daccb6b5e7f65c58c523471e3fb10b87c4ebcfe901e6e284cee/pennylane_lightning-0.42.0-cp310-cp310-manylinux_2_28_x86_64.whl (2.6 MB)
#11 15.25      ━━━━━━━━━━━━━━━━━━━━━━━━━━━━━━━━━━━━━━━━ 2.6/2.6 MB 24.7 MB/s eta 0:00:00
#11 15.38 Collecting requests
#11 15.46   Using cached https://pypi.tuna.tsinghua.edu.cn/packages/a0/f4/c67b0b3f1b9245e8d266f0f112c500d50e5b4e83cb6f3b71b6528104182a/requests-2.34.2-py3-none-any.whl (73 kB)
#11 15.53 Collecting appdirs
#11 15.61   Downloading https://pypi.tuna.tsinghua.edu.cn/packages/3b/00/2344469e2084fb287c2e0b57b72910309874c3245463acd6cf5e3db69324/appdirs-1.4.4-py2.py3-none-any.whl (9.6 kB)
#11 15.73 Collecting cachetools
#11 15.83   Downloading https://pypi.tuna.tsinghua.edu.cn/packages/cc/bb/1c6e7a89b11da19f137e4ef5a5c5fe47a5bb686449ba343944ccf8fb34b2/cachetools-7.2.0-py3-none-any.whl (16 kB)
#11 15.95 Collecting autoray>=0.6.1
#11 16.01   Downloading https://pypi.tuna.tsinghua.edu.cn/packages/f1/b9/247b924f4ad3c303f0fa512e6eb249bf5a56c1a84395ca93aa21a314ae47/autoray-0.6.11-py3-none-any.whl (50 kB)
#11 16.02      ━━━━━━━━━━━━━━━━━━━━━━━━━━━━━━━━━━━━━━━━ 50.8/50.8 kB 11.2 MB/s eta 0:00:00
#11 16.12 Collecting networkx
#11 16.20   Using cached https://pypi.tuna.tsinghua.edu.cn/packages/b9/54/dd730b32ea14ea797530a4479b2ed46a6fb250f682a9cfb997e968bf0261/networkx-3.4.2-py3-none-any.whl (1.7 MB)
#11 16.42 Collecting rustworkx
#11 16.71   Using cached https://pypi.tuna.tsinghua.edu.cn/packages/a2/ec/80ffcc38ffd28798a31563485a7c35d7d7ccebad83d388717442731e7477/rustworkx-0.18.1-cp310-abi3-manylinux2014_x86_64.manylinux_2_17_x86_64.whl (2.4 MB)
#11 16.84 Collecting sympy>=1.3
#11 16.94   Using cached https://pypi.tuna.tsinghua.edu.cn/packages/a2/09/77d55d46fd61b4a135c444fc97158ef34a095e5681d0a6c10b75bf356191/sympy-1.14.0-py3-none-any.whl (6.3 MB)
#11 17.07 Collecting stevedore>=3.0.0
#11 17.13   Using cached https://pypi.tuna.tsinghua.edu.cn/packages/f5/ac/19f9941c74add59d17694930ec8105d5eddeee4ce56dd8632b765ca16d6c/stevedore-5.8.0-py3-none-any.whl (54 kB)
#11 17.27 Collecting symengine>=0.11
#11 17.33   Downloading https://pypi.tuna.tsinghua.edu.cn/packages/5e/8f/3c335e44db300f4d91f7b098661a2add403367833cc27d26dc235520661a/symengine-0.14.1-cp310-cp310-manylinux_2_17_x86_64.manylinux2014_x86_64.whl (50.4 MB)
#11 19.51      ━━━━━━━━━━━━━━━━━━━━━━━━━━━━━━━━━━━━━━━━ 50.4/50.4 MB 15.7 MB/s eta 0:00:00
#11 19.76 Collecting python-dateutil>=2.8.0
#11 19.82   Using cached https://pypi.tuna.tsinghua.edu.cn/packages/ec/57/56b9bcc3c9c6a792fcbaf139543cee77261f3651ca9da0c93f5c1221264b/python_dateutil-2.9.0.post0-py2.py3-none-any.whl (229 kB)
#11 20.04 Collecting psutil>=5
#11 20.10   Using cached https://pypi.tuna.tsinghua.edu.cn/packages/b5/70/5d8df3b09e25bce090399cf48e452d25c935ab72dad19406c77f4e828045/psutil-7.2.2-cp36-abi3-manylinux2010_x86_64.manylinux_2_12_x86_64.manylinux_2_28_x86_64.whl (155 kB)
#11 20.26 Collecting websocket-client>=1.5.1
#11 20.32   Using cached https://pypi.tuna.tsinghua.edu.cn/packages/d5/d2/cc4dc1271e464942db7ee278baae2daa99ee77cb2af744025c04da585a3e/websocket_client-1.9.2-py3-none-any.whl (95 kB)
#11 20.38 Collecting requests-ntlm>=1.1.0
#11 20.44   Using cached https://pypi.tuna.tsinghua.edu.cn/packages/9e/5d/836b97537a390cf811b0488490c389c5a614f0a93acb23f347bd37a2d914/requests_ntlm-1.3.0-py3-none-any.whl (6.6 kB)
#11 20.58 Collecting urllib3>=1.21.1
#11 20.65   Using cached https://pypi.tuna.tsinghua.edu.cn/packages/92/9d/c4e665119135114480843e7ab388fa94d8480650450e6f8e26b70d323a4c/urllib3-2.8.0-py3-none-any.whl (135 kB)
#11 20.77 Collecting ibm-platform-services>=0.22.6
#11 20.84   Using cached https://pypi.tuna.tsinghua.edu.cn/packages/9e/99/2eaa76acb5bbf1bcd3bbc21e8c9851ceac2b7fabc1f5b51c690325f5ea0c/ibm_platform_services-0.77.1-py3-none-any.whl (412 kB)
#11 21.31 Collecting pydantic
#11 21.36   Downloading https://pypi.tuna.tsinghua.edu.cn/packages/eb/47/c95ffc2009878c7aac0c5e08528022dcb885933252a88b5f170058014464/pydantic-2.13.5-py3-none-any.whl (472 kB)
#11 21.39      ━━━━━━━━━━━━━━━━━━━━━━━━━━━━━━━━━━━━━━ 472.6/472.6 kB 17.8 MB/s eta 0:00:00
#11 21.42 Requirement already satisfied: setuptools>=40.1.0 in /usr/local/lib/python3.10/site-packages (from qiskit-machine-learning>=0.6.1->squlearn==0.7.6) (79.0.1)
#11 21.49 Collecting fastdtw
#11 21.49   Using cached fastdtw-0.3.4-py3-none-any.whl
#11 21.83 Collecting threadpoolctl>=2.0.0
#11 22.09   Using cached https://pypi.tuna.tsinghua.edu.cn/packages/43/3f/f88a53f60a472b46f4023f56d204dd7de33d34c5d2acbfa0d70a674e639e/threadpoolctl-3.7.0-py3-none-any.whl (26 kB)
#11 22.24 Collecting joblib>=1.2.0
#11 22.34   Using cached https://pypi.tuna.tsinghua.edu.cn/packages/18/53/84099323c2ec4be98d935f63c033ac4151ee83836ca1050ede3b3aadf155/joblib-1.6.0-py3-none-any.whl (306 kB)
#11 22.63 Collecting ibm_cloud_sdk_core<4.0.0,>=3.24.4
#11 22.70   Using cached https://pypi.tuna.tsinghua.edu.cn/packages/71/71/82bfdb1b11e2f7013e639a9b50dc96209a628d8f6672e82b45b6835b6f0f/ibm_cloud_sdk_core-3.26.2-py3-none-any.whl (76 kB)
#11 22.80 Collecting cloudpickle>=3.0
#11 22.86   Using cached https://pypi.tuna.tsinghua.edu.cn/packages/88/39/799be3f2f0f38cc727ee3b4f1445fe6d5e4133064ec2e4115069418a5bb6/cloudpickle-3.1.2-py3-none-any.whl (22 kB)
#11 23.03 Collecting scipy-openblas32>=0.3.26
#11 23.10   Downloading https://pypi.tuna.tsinghua.edu.cn/packages/23/f5/5fa81b7505d876d6f18c0247e61d147e1e6e758a9a848a8764c27c1569d5/scipy_openblas32-0.3.34.237.0-py3-none-manylinux_2_27_x86_64.manylinux_2_28_x86_64.whl (8.8 MB)
#11 23.55      ━━━━━━━━━━━━━━━━━━━━━━━━━━━━━━━━━━━━━━━━ 8.8/8.8 MB 19.3 MB/s eta 0:00:00
#11 23.59 Collecting pennylane-lightning>=0.36
#11 23.66   Downloading https://pypi.tuna.tsinghua.edu.cn/packages/48/1b/4eba095919b616710c6be1368dfc9423a673c9ea4b3b6a5daa9aa8bccd5d/pennylane_lightning-0.41.1-cp310-cp310-manylinux_2_28_x86_64.whl (2.5 MB)
#11 23.76      ━━━━━━━━━━━━━━━━━━━━━━━━━━━━━━━━━━━━━━━━ 2.5/2.5 MB 25.9 MB/s eta 0:00:00
#11 23.88   Downloading https://pypi.tuna.tsinghua.edu.cn/packages/45/64/70ccaa61ef7be531ce8d11860930f0d60ae93f7ce0b3fc109b67101b70b5/pennylane_lightning-0.41.0-cp310-cp310-manylinux_2_28_x86_64.whl (2.5 MB)
#11 23.98      ━━━━━━━━━━━━━━━━━━━━━━━━━━━━━━━━━━━━━━━━ 2.5/2.5 MB 25.1 MB/s eta 0:00:00
#11 24.07   Downloading https://pypi.tuna.tsinghua.edu.cn/packages/f8/1c/7954b0f12e5d601a3858445dee97ce84b7b446af3b2506dbc4ab2ffc769d/PennyLane_Lightning-0.40.0-cp310-cp310-manylinux_2_28_x86_64.whl (2.4 MB)
#11 24.19      ━━━━━━━━━━━━━━━━━━━━━━━━━━━━━━━━━━━━━━━━ 2.4/2.4 MB 21.9 MB/s eta 0:00:00
#11 24.27   Downloading https://pypi.tuna.tsinghua.edu.cn/packages/e5/c0/bf3d6b2a9cb6179df978b440cc3c7821d32954cda54f79fa4ddc9cad66fc/PennyLane_Lightning-0.39.0-cp310-cp310-manylinux_2_28_x86_64.whl (1.7 MB)
#11 24.39      ━━━━━━━━━━━━━━━━━━━━━━━━━━━━━━━━━━━━━━━━ 1.7/1.7 MB 14.0 MB/s eta 0:00:00
#11 24.51   Downloading https://pypi.tuna.tsinghua.edu.cn/packages/33/82/4973961c056be09ef3d0b7c522caaa5a3e0d9eb130d4f0849bf2781763e3/PennyLane_Lightning-0.38.0-cp310-cp310-manylinux_2_28_x86_64.whl (15.3 MB)
#11 25.19      ━━━━━━━━━━━━━━━━━━━━━━━━━━━━━━━━━━━━━━━━ 15.3/15.3 MB 20.4 MB/s eta 0:00:00
#11 25.33   Downloading https://pypi.tuna.tsinghua.edu.cn/packages/1f/60/730e7f31d29e8aa664f7b79d47443cd6698d9574671ef5f58a984cb13636/PennyLane_Lightning-0.37.0-cp310-cp310-manylinux_2_28_x86_64.whl (15.5 MB)
#11 26.05      ━━━━━━━━━━━━━━━━━━━━━━━━━━━━━━━━━━━━━━━━ 15.5/15.5 MB 18.8 MB/s eta 0:00:00
#11 26.23 Collecting six>=1.5
#11 26.30   Using cached https://pypi.tuna.tsinghua.edu.cn/packages/b7/ce/149a00dd41f10bc29e5921b496af8b574d8413afcd5e30dfa0ed46c2cc5e/six-1.17.0-py2.py3-none-any.whl (11 kB)
#11 26.39 Collecting idna<4,>=2.5
#11 26.46   Using cached https://pypi.tuna.tsinghua.edu.cn/packages/58/a2/bb081bab032533a855d44de1d56f8e8426114ff1ba5d1f07a438a0a654f8/idna-3.20-py3-none-any.whl (69 kB)
#11 26.98 Collecting charset_normalizer<4,>=2
#11 27.04   Using cached https://pypi.tuna.tsinghua.edu.cn/packages/c4/9f/9f52d2886d52645987d603425482c63c5045a3005db1354a7097e5ed1ae9/charset_normalizer-3.5.2-cp310-cp310-manylinux2014_x86_64.manylinux_2_17_x86_64.manylinux_2_28_x86_64.whl (271 kB)
#11 27.14 Collecting certifi>=2023.5.7
#11 27.21   Using cached https://pypi.tuna.tsinghua.edu.cn/packages/0b/a7/71ac2cff56fec219ed242bb11b8efb69fcc4bec75db06fb7bfe35de520e6/certifi-2026.7.22-py3-none-any.whl (136 kB)
#11 27.41 Collecting pyspnego>=0.4.0
#11 27.48   Using cached https://pypi.tuna.tsinghua.edu.cn/packages/93/fd/0e09467d5b8e229388c897126b4aed1e5fef2295a8661e2cad21fa9a8214/pyspnego-0.12.3-py3-none-any.whl (130 kB)
#11 28.39 Collecting cryptography>=1.3
#11 28.56   Using cached https://pypi.tuna.tsinghua.edu.cn/packages/8c/eb/5d7124083e8d8cda8f5b348f544b71ad6f707ad63193758ef4d8e569da02/cryptography-50.0.1-cp39-abi3-manylinux_2_34_x86_64.whl (4.8 MB)
#11 28.81 Collecting mpmath<1.4,>=1.1.0
#11 28.88   Using cached https://pypi.tuna.tsinghua.edu.cn/packages/43/e3/7d92a15f894aa0c9c4b49b8ee9ac9850d6e63b03c9c32c0367a13ae62209/mpmath-1.3.0-py3-none-any.whl (536 kB)
#11 29.05 Collecting annotated-types>=0.6.0
#11 29.11   Downloading https://pypi.tuna.tsinghua.edu.cn/packages/99/91/8acff4f5e50511b911bbccb72b8628a49c68ce14148cd9f6431094859a90/annotated_types-0.8.0-py3-none-any.whl (13 kB)
#11 31.69 Collecting pydantic-core==2.46.5
#11 31.74   Downloading https://pypi.tuna.tsinghua.edu.cn/packages/34/a1/c8e6b66f499f510752c07a092dfe27621f9c255635e59d38704b5681c35a/pydantic_core-2.46.5-cp310-cp310-manylinux_2_17_x86_64.manylinux2014_x86_64.whl (2.1 MB)
#11 31.82      ━━━━━━━━━━━━━━━━━━━━━━━━━━━━━━━━━━━━━━━━ 2.1/2.1 MB 28.9 MB/s eta 0:00:00
#11 31.90 Collecting typing-inspection>=0.4.2
#11 31.96   Downloading https://pypi.tuna.tsinghua.edu.cn/packages/67/81/4add07e5172b7ac40d8ed5ff580409a7801a4fe26d529bdd915401dabfbe/typing_inspection-0.4.4-py3-none-any.whl (14 kB)
#11 32.54 Collecting cffi>=2.0.0
#11 32.68   Using cached https://pypi.tuna.tsinghua.edu.cn/packages/75/77/60bebf6f818bec84210ac5b6979ce4eeadce6fbbaabc9c7ab23e506d1ce5/cffi-2.1.1-cp310-cp310-manylinux2014_x86_64.manylinux_2_17_x86_64.whl (218 kB)
#11 32.82 Collecting PyJWT<3.0.0,>=2.11.0
#11 32.88   Using cached https://pypi.tuna.tsinghua.edu.cn/packages/50/ca/44de4e75f8aadc457f0634be3b542815078ded46dca30efb960edeecad6e/pyjwt-2.15.1-py3-none-any.whl (33 kB)
#11 33.05 Collecting pycparser
#11 33.12   Using cached https://pypi.tuna.tsinghua.edu.cn/packages/0c/c3/44f3fbbfa403ea2a7c779186dc20772604442dde72947e7d01069cbe98e3/pycparser-3.0-py3-none-any.whl (48 kB)
#11 33.23 Building wheels for collected packages: squlearn
#11 33.24   Building editable for squlearn (pyproject.toml): started
#11 33.54   Building editable for squlearn (pyproject.toml): finished with status 'done'
#11 33.54   Created wheel for squlearn: filename=squlearn-0.7.6-py3-none-any.whl size=7349 sha256=09d50973bfe2956817dc3e0cf477646cda9802bc891b6734541c40a71b1f881a
#11 33.54   Stored in directory: /tmp/pip-ephem-wheel-cache-ov2rv08x/wheels/cc/57/e9/7b2753aadf0528eeb98ef2dfdd21de00453ccef9cb8e7cbb2a
#11 33.55 Successfully built squlearn
#11 34.01 Installing collected packages: mpmath, appdirs, websocket-client, urllib3, typing-extensions, tqdm, tomli, toml, threadpoolctl, sympy, symengine, stevedore, six, semantic-version, pygments, pycparser, psutil, pluggy, packaging, numpy, networkx, iniconfig, idna, dill, colorama, cloudpickle, charset_normalizer, certifi, cachetools, autoray, annotated-types, typing-inspection, scipy, rustworkx, requests, python-dateutil, PyJWT, pydantic-core, joblib, fastdtw, exceptiongroup, cffi, autograd, scikit-learn, qiskit, pytest, pydantic, ibm_cloud_sdk_core, cryptography, qiskit-algorithms, qiskit-aer, pyspnego, ibm-platform-services, bayesian-optimization, requests-ntlm, qiskit-machine-learning, qiskit-ibm-runtime, pennylane-lightning, pennylane, squlearn
#11 60.49 Successfully installed PyJWT-2.15.1 annotated-types-0.8.0 appdirs-1.4.4 autograd-1.9.1 autoray-0.6.11 bayesian-optimization-1.5.1 cachetools-7.2.0 certifi-2026.7.22 cffi-2.1.1 charset_normalizer-3.5.2 cloudpickle-3.1.2 colorama-0.4.6 cryptography-50.0.1 dill-0.4.1 exceptiongroup-1.3.1 fastdtw-0.3.4 ibm-platform-services-0.77.1 ibm_cloud_sdk_core-3.26.2 idna-3.20 iniconfig-2.3.0 joblib-1.6.0 mpmath-1.3.0 networkx-3.4.2 numpy-1.26.4 packaging-26.3 pennylane-0.36.0 pennylane-lightning-0.37.0 pluggy-1.6.0 psutil-7.2.2 pycparser-3.0 pydantic-2.13.5 pydantic-core-2.46.5 pygments-2.21.0 pyspnego-0.12.3 pytest-9.1.1 python-dateutil-2.9.0.post0 qiskit-1.0.2 qiskit-aer-0.14.2 qiskit-algorithms-0.3.0 qiskit-ibm-runtime-0.23.0 qiskit-machine-learning-0.7.2 requests-2.34.2 requests-ntlm-1.3.0 rustworkx-0.18.1 scikit-learn-1.4.1.post1 scipy-1.15.3 semantic-version-2.10.0 six-1.17.0 squlearn-0.7.6 stevedore-5.8.0 symengine-0.14.1 sympy-1.14.0 threadpoolctl-3.7.0 toml-0.10.2 tomli-2.4.1 tqdm-4.70.1 typing-extensions-4.16.0 typing-inspection-0.4.4 urllib3-2.8.0 websocket-client-1.9.2
#11 60.49 WARNING: Running pip as the 'root' user can result in broken permissions and conflicting behaviour with the system package manager. It is recommended to use a virtual environment instead: https://pip.pypa.io/warnings/venv
#11 60.55 
#11 60.55 [notice] A new release of pip is available: 23.0.1 -> 26.2.1
#11 60.55 [notice] To update, run: pip install --upgrade pip
#11 DONE 63.4s

#12 exporting to image
#12 exporting layers
#12 exporting layers 4.6s done
#12 writing image sha256:faa0374413decb00e4917ae33375e29fb6671b3f0e6cb17155717ff84aca9c78 done
#12 naming to docker.io/library/benchmark-base:squlearn_274_279 0.0s done
#12 DONE 4.7s
