HEAD is now at 297f65a Accept NumPy bitstrings in fermionic diagonalization (#343)
ERROR: found no collectors for /workspace/repo/test/test_fermion.py::TestFermion::test_diagonalize_fermionic_hamiltonian_numpy_bitstrings


==================================== ERRORS ====================================
____________________ ERROR collecting test/test_fermion.py _____________________
test/test_fermion.py:25: in <module>
    from qiskit_addon_sqd.fermion import (
qiskit_addon_sqd/fermion.py:22: in <module>
    from jax import Array, config, grad, jit, vmap
/usr/local/lib/python3.10/site-packages/jax/__init__.py:25: in <module>
    from jax._src.cloud_tpu_init import cloud_tpu_init as _cloud_tpu_init
/usr/local/lib/python3.10/site-packages/jax/_src/cloud_tpu_init.py:20: in <module>
    from jax._src import config
/usr/local/lib/python3.10/site-packages/jax/_src/config.py:27: in <module>
    from jax._src.lib import guard_lib
/usr/local/lib/python3.10/site-packages/jax/_src/lib/__init__.py:84: in <module>
    cpu_feature_guard.check_cpu_features()
E   RuntimeError: This version of jaxlib was built using AVX instructions, which your CPU and/or operating system do not support. You may be able work around this issue by building jaxlib from source.
=========================== short test summary info ============================
ERROR test/test_fermion.py - RuntimeError: This version of jaxlib was built u...
no tests collected, 1 error in 1.54s
