HEAD is now at 1b0adcd Remove need for `num_features` before fitting  (#301)
tests/encoding_circuit/circuit_library/test_multi_control_encoding_circuit.py::TestMultiControlEncodingCircuit::test_minimal_fit
tests/encoding_circuit/circuit_library/test_random_layered_encoding_circuit.py::TestRandomLayeredEncodingCircuit::test_minimal_fit
tests/encoding_circuit/circuit_library/test_param_z_feature_map.py::TestParamZFeatureMap::test_minimal_fit
tests/encoding_circuit/circuit_library/test_kyriienko_encoding_circuit.py::TestKyriienkoEncodingCircuit::test_minimal_fit
tests/encoding_circuit/circuit_library/test_high_dim_encoding_circuit.py::TestHighDimEncodingCircuit::test_minimal_fit
tests/encoding_circuit/circuit_library/test_hubregtsen_encoding_circuit.py::TestHubregtsenEncodingCircuit::test_minimal_fit
tests/encoding_circuit/circuit_library/test_random_encoding_circuit.py::TestRandomEncodingCircuit::test_minimal_fit
tests/encoding_circuit/circuit_library/test_chebyshev_tower.py::TestChebyshevTower::test_minimal_fit
tests/encoding_circuit/circuit_library/test_chebyshev_pqc.py::TestChebyshevPQC::test_minimal_fit
tests/encoding_circuit/circuit_library/test_chebyshev_rx.py::TestChebyshevRx::test_minimal_fit
tests/encoding_circuit/circuit_library/test_yz_cx_encoding_circuit.py::TestYZ_CX_EncodingCircuit::test_minimal_fit
tests/kernel/ml/test_qsvr.py::TestQSVR::test_predict_without_num_features[qsvr_fidelity_without_num_features]
tests/kernel/ml/test_qsvr.py::TestQSVR::test_predict_without_num_features[qsvr_pqk_without_num_features]
tests/kernel/ml/test_qgpr.py::TestQGPR::test_predict_without_num_features[qgpr_fidelity_without_num_features]
tests/kernel/ml/test_qgpr.py::TestQGPR::test_predict_without_num_features[qgpr_pqk_without_num_features]
tests/kernel/ml/test_qkrr.py::TestQKRR::test_predict_without_num_features[qkrr_fidelity_without_num_features]
tests/kernel/ml/test_qkrr.py::TestQKRR::test_predict_without_num_features[qkrr_pqk_without_num_features]
tests/kernel/ml/test_qsvc.py::TestQSVC::test_predict_without_num_features[qsvc_fidelity_without_num_features]
tests/kernel/ml/test_qsvc.py::TestQSVC::test_predict_without_num_features[qsvc_pqk_without_num_features]
tests/kernel/ml/test_qgpc.py::TestQGPC::test_predict_without_num_features[qgpc_fidelity_without_num_features]
tests/kernel/ml/test_qgpc.py::TestQGPC::test_predict_without_num_features[qgpc_pqk_without_num_features]
tests/encoding_circuit/test_layered_encoding_circuit.py::TestLayeredEncodingCircuit::test_minimal_fit
tests/encoding_circuit/test_layered_encoding_circuit.py::TestLayeredEncodingCircuit::test_feature_consistency
tests/encoding_circuit/circuit_library/test_multi_control_encoding_circuit.py::TestMultiControlEncodingCircuit::test_feature_consistency
tests/encoding_circuit/circuit_library/test_random_layered_encoding_circuit.py::TestRandomLayeredEncodingCircuit::test_feature_consistency
tests/encoding_circuit/circuit_library/test_param_z_feature_map.py::TestParamZFeatureMap::test_feature_consistency
tests/encoding_circuit/circuit_library/test_kyriienko_encoding_circuit.py::TestKyriienkoEncodingCircuit::test_feature_consistency
tests/encoding_circuit/circuit_library/test_high_dim_encoding_circuit.py::TestHighDimEncodingCircuit::test_feature_consistency
tests/encoding_circuit/circuit_library/test_hubregtsen_encoding_circuit.py::TestHubregtsenEncodingCircuit::test_feature_consistency
tests/encoding_circuit/circuit_library/test_random_encoding_circuit.py::TestRandomEncodingCircuit::test_feature_consistency
tests/encoding_circuit/circuit_library/test_chebyshev_tower.py::TestChebyshevTower::test_feature_consistency
tests/encoding_circuit/circuit_library/test_chebyshev_pqc.py::TestChebyshevPQC::test_feature_consistency
tests/encoding_circuit/circuit_library/test_chebyshev_rx.py::TestChebyshevRx::test_feature_consistency
tests/encoding_circuit/circuit_library/test_yz_cx_encoding_circuit.py::TestYZ_CX_EncodingCircuit::test_feature_consistency

34 tests collected in 11.76s
