#0 building with "desktop-linux" instance using docker driver

#1 [stage-0 1/7] FROM docker.io/library/qfea-python310:trixie-db7a1753878f
#1 DONE 0.0s

#2 [internal] load build definition from Dockerfile.repo-base
#2 transferring dockerfile: 1.26kB done
#2 DONE 0.0s

#3 [internal] load metadata for docker.io/library/qfea-python310:trixie-db7a1753878f
#3 DONE 0.0s

#4 [internal] load .dockerignore
#4 transferring context: 2B done
#4 DONE 0.0s

#5 [internal] load build context
#5 transferring context: 71B done
#5 DONE 0.0s

#6 [stage-0 2/7] RUN sed -i "s|http://deb.debian.org/debian-security|https://mirrors.tuna.tsinghua.edu.cn/debian-security|g; s|http://deb.debian.org/debian|https://mirrors.tuna.tsinghua.edu.cn/debian|g" /etc/apt/sources.list.d/debian.sources && apt-get -o Acquire::Retries=3 update && apt-get install -y --no-install-recommends git gcc g++ gfortran make libgomp1 && rm -rf /var/lib/apt/lists/*
#6 CACHED

#7 [stage-0 3/7] WORKDIR /workspace/repo
#7 CACHED

#8 [stage-0 4/7] ADD --chown=0:0 source.tar.gz /workspace/repo
#8 CACHED

#9 [stage-0 5/7] RUN chown -R root:root /workspace/repo && git checkout --detach 6a41d14c9668fcf736b791ce216e26abc11e8b07 && git cat-file -e a744a781ef9720cc817b8eecfae778495d5064e1^{commit}
#9 0.735 HEAD is now at 6a41d14 Add `get_params` and `set_params`  for qnns (#99)
#9 DONE 1.0s

#10 [stage-0 6/7] COPY constraints.txt /opt/constraints.txt
#10 DONE 0.1s

#11 [stage-0 7/7] RUN --mount=type=cache,id=quanbench-pip,target=/root/.cache/pip python -m pip install 'pip<25' 'setuptools<81' wheel && python -m pip install -c /opt/constraints.txt -e . pytest && python -m pip freeze > /opt/build-freeze.txt
#11 2.569 Looking in indexes: https://pypi.tuna.tsinghua.edu.cn/simple
#11 2.569 Requirement already satisfied: pip<25 in /usr/local/lib/python3.10/site-packages (23.0.1)
#11 2.570 Requirement already satisfied: setuptools<81 in /usr/local/lib/python3.10/site-packages (79.0.1)
#11 2.571 Requirement already satisfied: wheel in /usr/local/lib/python3.10/site-packages (0.45.1)
#11 2.612 WARNING: Running pip as the 'root' user can result in broken permissions and conflicting behaviour with the system package manager. It is recommended to use a virtual environment instead: https://pip.pypa.io/warnings/venv
#11 2.621 
#11 2.621 [notice] A new release of pip is available: 23.0.1 -> 26.2.1
#11 2.621 [notice] To update, run: pip install --upgrade pip
#11 3.121 Looking in indexes: https://pypi.tuna.tsinghua.edu.cn/simple
#11 3.122 Obtaining file:///workspace/repo
#11 3.126   Installing build dependencies: started
#11 4.526   Installing build dependencies: finished with status 'done'
#11 4.528   Checking if build backend supports build_editable: started
#11 4.748   Checking if build backend supports build_editable: finished with status 'done'
#11 4.751   Getting requirements to build editable: started
#11 4.946   Getting requirements to build editable: finished with status 'done'
#11 4.947   Preparing editable metadata (pyproject.toml): started
#11 5.133   Preparing editable metadata (pyproject.toml): finished with status 'done'
#11 5.526 Collecting pytest
#11 5.592   Using cached https://pypi.tuna.tsinghua.edu.cn/packages/24/25/1de2678b631f5a49215c6c96fff41ba892b0a34df68d6d80292b1b48aa7f/pytest-9.1.1-py3-none-any.whl (386 kB)
#11 5.692 Collecting exceptiongroup>=1
#11 5.998   Using cached https://pypi.tuna.tsinghua.edu.cn/packages/8a/0e/97c33bf5009bdbac74fd2beace167cab3f978feb69cc36f1ef79360d6c4e/exceptiongroup-1.3.1-py3-none-any.whl (16 kB)
#11 6.151 Collecting tomli>=1
#11 6.214   Using cached https://pypi.tuna.tsinghua.edu.cn/packages/7b/61/cceae43728b7de99d9b847560c262873a1f6c98202171fd5ed62640b494b/tomli-2.4.1-py3-none-any.whl (14 kB)
#11 6.318 Collecting iniconfig>=1.0.1
#11 6.381   Using cached https://pypi.tuna.tsinghua.edu.cn/packages/cb/b1/3846dd7f199d53cb17f49cba7e651e9ce294d8497c8c150530ed11865bb8/iniconfig-2.3.0-py3-none-any.whl (7.5 kB)
#11 6.471 Collecting pluggy<2,>=1.5
#11 6.530   Using cached https://pypi.tuna.tsinghua.edu.cn/packages/54/20/4d324d65cc6d9205fabedc306948156824eb9f0ee1633355a8f7ec5c66bf/pluggy-1.6.0-py3-none-any.whl (20 kB)
#11 6.630 Collecting pygments>=2.7.2
#11 6.703   Using cached https://pypi.tuna.tsinghua.edu.cn/packages/71/46/17f022dd3e953bf20a04a028a21ec746d942f8d2af30fa0f124fa0e6a684/pygments-2.21.0-py3-none-any.whl (1.3 MB)
#11 6.802 Collecting packaging>=22
#11 6.863   Using cached https://pypi.tuna.tsinghua.edu.cn/packages/63/34/ba1c580383c9eada3711951fef0795c80b829a078d72188184bcab9dd527/packaging-26.3-py3-none-any.whl (129 kB)
#11 7.463 Collecting qiskit-aer>=0.12.0
#11 7.532   Downloading https://pypi.tuna.tsinghua.edu.cn/packages/20/71/04e7d2a4265445d107b4bd17d6602b241a18b912c9d7f5697e3a7dc6d6f0/qiskit_aer-0.12.2-cp310-cp310-manylinux_2_17_x86_64.manylinux2014_x86_64.whl (12.8 MB)
#11 8.220      ━━━━━━━━━━━━━━━━━━━━━━━━━━━━━━━━━━━━━━━━ 12.8/12.8 MB 20.9 MB/s eta 0:00:00
#11 8.350 Collecting dill>=0.3
#11 8.486   Using cached https://pypi.tuna.tsinghua.edu.cn/packages/1e/77/dc8c558f7593132cf8fefec57c4f60c83b16941c574ac5f619abb3ae7933/dill-0.4.1-py3-none-any.whl (120 kB)
#11 8.613 Collecting qiskit-ibm-runtime>=0.9
#11 8.676   Downloading https://pypi.tuna.tsinghua.edu.cn/packages/96/82/1f5674509d9740ba7f3eb6075624b342806514165917f077b041bf8b56ea/qiskit_ibm_runtime-0.11.3-py3-none-any.whl (128 kB)
#11 8.691      ━━━━━━━━━━━━━━━━━━━━━━━━━━━━━━━━━━━━━━ 128.3/128.3 kB 10.4 MB/s eta 0:00:00
#11 8.768 Collecting qiskit-machine-learning>=0.6.0
#11 8.828   Downloading https://pypi.tuna.tsinghua.edu.cn/packages/39/0b/92569d96e15f6325dd02ce627ce8dd4cd1833e3a459f27ad6d5d285363d1/qiskit_machine_learning-0.6.1-py3-none-any.whl (148 kB)
#11 8.841      ━━━━━━━━━━━━━━━━━━━━━━━━━━━━━━━━━━━━━━ 148.7/148.7 kB 13.2 MB/s eta 0:00:00
#11 9.504 Collecting numpy>=1.17
#11 9.560   Downloading https://pypi.tuna.tsinghua.edu.cn/packages/4b/d7/ecf66c1cd12dc28b4040b15ab4d17b773b87fa9d29ca16125de01adb36cd/numpy-1.26.4-cp310-cp310-manylinux_2_17_x86_64.manylinux2014_x86_64.whl (18.2 MB)
#11 10.35      ━━━━━━━━━━━━━━━━━━━━━━━━━━━━━━━━━━━━━━━━ 18.2/18.2 MB 20.6 MB/s eta 0:00:00
#11 10.62 Collecting qiskit>=0.42.1
#11 10.68   Downloading https://pypi.tuna.tsinghua.edu.cn/packages/15/1b/e1648e9891010668b005f257393a7ee619a65b3ee20df4ac926f1e28a78d/qiskit-0.44.0.tar.gz (8.9 kB)
#11 10.69   Installing build dependencies: started
#11 12.82   Installing build dependencies: finished with status 'done'
#11 12.82   Getting requirements to build wheel: started
#11 13.11   Getting requirements to build wheel: finished with status 'done'
#11 13.11   Preparing metadata (pyproject.toml): started
#11 13.41   Preparing metadata (pyproject.toml): finished with status 'done'
#11 13.74 Collecting scikit-learn>=1.0
#11 13.80   Downloading https://pypi.tuna.tsinghua.edu.cn/packages/d0/0b/26ad95cf0b747be967b15fb71a06f5ac67aba0fd2f9cd174de6edefc4674/scikit_learn-1.3.2-cp310-cp310-manylinux_2_17_x86_64.manylinux2014_x86_64.whl (10.8 MB)
#11 15.21      ━━━━━━━━━━━━━━━━━━━━━━━━━━━━━━━━━━━━━━━━ 10.8/10.8 MB 7.3 MB/s eta 0:00:00
#11 15.77 Collecting scipy>=1.5
#11 16.18   Using cached https://pypi.tuna.tsinghua.edu.cn/packages/8e/6d/41991e503e51fc1134502694c5fa7a1671501a17ffa12716a4a9151af3df/scipy-1.15.3-cp310-cp310-manylinux_2_17_x86_64.manylinux2014_x86_64.whl (37.7 MB)
#11 16.52 Collecting typing-extensions>=4.6.0
#11 16.58   Using cached https://pypi.tuna.tsinghua.edu.cn/packages/49/d3/b8441a820a491ddfc024b0b0cf0393375b75ea13866d9c66727e54c2fc80/typing_extensions-4.16.0-py3-none-any.whl (45 kB)
#11 16.97 Collecting qiskit-terra==0.25.0
#11 17.03   Downloading https://pypi.tuna.tsinghua.edu.cn/packages/2d/a8/1697d8eeedfc005558a6652866e6c0b3a03b2cc30a91ba49df7a7f8c9586/qiskit_terra-0.25.0-cp38-abi3-manylinux_2_17_x86_64.manylinux2014_x86_64.whl (6.1 MB)
#11 17.28      ━━━━━━━━━━━━━━━━━━━━━━━━━━━━━━━━━━━━━━━━ 6.1/6.1 MB 25.1 MB/s eta 0:00:00
#11 17.62 Collecting psutil>=5
#11 17.69   Using cached https://pypi.tuna.tsinghua.edu.cn/packages/b5/70/5d8df3b09e25bce090399cf48e452d25c935ab72dad19406c77f4e828045/psutil-7.2.2-cp36-abi3-manylinux2010_x86_64.manylinux_2_12_x86_64.manylinux_2_28_x86_64.whl (155 kB)
#11 17.83 Collecting rustworkx>=0.13.0
#11 17.90   Using cached https://pypi.tuna.tsinghua.edu.cn/packages/a2/ec/80ffcc38ffd28798a31563485a7c35d7d7ccebad83d388717442731e7477/rustworkx-0.18.1-cp310-abi3-manylinux2014_x86_64.manylinux_2_17_x86_64.whl (2.4 MB)
#11 18.00 Collecting sympy>=1.3
#11 18.12   Using cached https://pypi.tuna.tsinghua.edu.cn/packages/a2/09/77d55d46fd61b4a135c444fc97158ef34a095e5681d0a6c10b75bf356191/sympy-1.14.0-py3-none-any.whl (6.3 MB)
#11 18.22 Collecting ply>=3.10
#11 18.28   Downloading https://pypi.tuna.tsinghua.edu.cn/packages/a3/58/35da89ee790598a0700ea49b2a66594140f44dec458c07e8e3d4979137fc/ply-3.11-py2.py3-none-any.whl (49 kB)
#11 18.29      ━━━━━━━━━━━━━━━━━━━━━━━━━━━━━━━━━━━━━━━━ 49.6/49.6 kB 5.4 MB/s eta 0:00:00
#11 18.46 Collecting symengine<0.10,>=0.9
#11 18.52   Downloading https://pypi.tuna.tsinghua.edu.cn/packages/92/51/81cc0ee766b32661b16831df8205def2b84e06f3041ef6d2e30144955786/symengine-0.9.2-cp310-cp310-manylinux2010_x86_64.whl (37.5 MB)
#11 20.43      ━━━━━━━━━━━━━━━━━━━━━━━━━━━━━━━━━━━━━━━━ 37.5/37.5 MB 14.1 MB/s eta 0:00:00
#11 21.50 Collecting python-dateutil>=2.8.0
#11 21.57   Using cached https://pypi.tuna.tsinghua.edu.cn/packages/ec/57/56b9bcc3c9c6a792fcbaf139543cee77261f3651ca9da0c93f5c1221264b/python_dateutil-2.9.0.post0-py2.py3-none-any.whl (229 kB)
#11 21.69 Collecting stevedore>=3.0.0
#11 21.76   Using cached https://pypi.tuna.tsinghua.edu.cn/packages/f5/ac/19f9941c74add59d17694930ec8105d5eddeee4ce56dd8632b765ca16d6c/stevedore-5.8.0-py3-none-any.whl (54 kB)
#11 21.96 Collecting requests>=2.19
#11 22.02   Using cached https://pypi.tuna.tsinghua.edu.cn/packages/a0/f4/c67b0b3f1b9245e8d266f0f112c500d50e5b4e83cb6f3b71b6528104182a/requests-2.34.2-py3-none-any.whl (73 kB)
#11 22.12 Collecting ibm-platform-services>=0.22.6
#11 22.19   Downloading https://pypi.tuna.tsinghua.edu.cn/packages/9e/99/2eaa76acb5bbf1bcd3bbc21e8c9851ceac2b7fabc1f5b51c690325f5ea0c/ibm_platform_services-0.77.1-py3-none-any.whl (412 kB)
#11 22.21      ━━━━━━━━━━━━━━━━━━━━━━━━━━━━━━━━━━━━━━ 412.6/412.6 kB 24.3 MB/s eta 0:00:00
#11 22.36 Collecting urllib3>=1.21.1
#11 22.42   Using cached https://pypi.tuna.tsinghua.edu.cn/packages/92/9d/c4e665119135114480843e7ab388fa94d8480650450e6f8e26b70d323a4c/urllib3-2.8.0-py3-none-any.whl (135 kB)
#11 22.51 Collecting qiskit-ibm-provider>=0.6.3
#11 22.58   Downloading https://pypi.tuna.tsinghua.edu.cn/packages/a3/86/2f775a9ce2514da2ad2b0a5e52640536cbd6dcc1b5e0f6a48297ede96dcb/qiskit_ibm_provider-0.11.0-py3-none-any.whl (249 kB)
#11 22.59      ━━━━━━━━━━━━━━━━━━━━━━━━━━━━━━━━━━━━━━ 249.9/249.9 kB 34.2 MB/s eta 0:00:00
#11 22.69 Collecting websocket-client>=1.5.1
#11 22.75   Downloading https://pypi.tuna.tsinghua.edu.cn/packages/d5/d2/cc4dc1271e464942db7ee278baae2daa99ee77cb2af744025c04da585a3e/websocket_client-1.9.2-py3-none-any.whl (95 kB)
#11 22.75      ━━━━━━━━━━━━━━━━━━━━━━━━━━━━━━━━━━━━━━━━ 95.8/95.8 kB 20.5 MB/s eta 0:00:00
#11 22.84 Collecting requests-ntlm>=1.1.0
#11 22.90   Downloading https://pypi.tuna.tsinghua.edu.cn/packages/9e/5d/836b97537a390cf811b0488490c389c5a614f0a93acb23f347bd37a2d914/requests_ntlm-1.3.0-py3-none-any.whl (6.6 kB)
#11 23.00 Collecting fastdtw
#11 23.08   Downloading https://pypi.tuna.tsinghua.edu.cn/packages/99/43/30f2d8db076f216b15c10db663b46e22d1750b1ebacd7af6e62b83d6ab98/fastdtw-0.3.4.tar.gz (133 kB)
#11 23.17      ━━━━━━━━━━━━━━━━━━━━━━━━━━━━━━━━━━━━━━━ 133.4/133.4 kB 1.3 MB/s eta 0:00:00
#11 23.19   Preparing metadata (setup.py): started
#11 23.76   Preparing metadata (setup.py): finished with status 'done'
#11 23.77 Requirement already satisfied: setuptools>=40.1.0 in /usr/local/lib/python3.10/site-packages (from qiskit-machine-learning>=0.6.0->squlearn==0.2.0) (79.0.1)
#11 23.89 Collecting joblib>=1.1.1
#11 23.95   Downloading https://pypi.tuna.tsinghua.edu.cn/packages/18/53/84099323c2ec4be98d935f63c033ac4151ee83836ca1050ede3b3aadf155/joblib-1.6.0-py3-none-any.whl (306 kB)
#11 23.96      ━━━━━━━━━━━━━━━━━━━━━━━━━━━━━━━━━━━━━━ 306.1/306.1 kB 31.8 MB/s eta 0:00:00
#11 24.05 Collecting threadpoolctl>=2.0.0
#11 24.11   Downloading https://pypi.tuna.tsinghua.edu.cn/packages/43/3f/f88a53f60a472b46f4023f56d204dd7de33d34c5d2acbfa0d70a674e639e/threadpoolctl-3.7.0-py3-none-any.whl (26 kB)
#11 24.26 Collecting ibm_cloud_sdk_core<4.0.0,>=3.24.4
#11 24.32   Downloading https://pypi.tuna.tsinghua.edu.cn/packages/71/71/82bfdb1b11e2f7013e639a9b50dc96209a628d8f6672e82b45b6835b6f0f/ibm_cloud_sdk_core-3.26.2-py3-none-any.whl (76 kB)
#11 24.32      ━━━━━━━━━━━━━━━━━━━━━━━━━━━━━━━━━━━━━━━━ 76.6/76.6 kB 18.7 MB/s eta 0:00:00
#11 24.44 Collecting cloudpickle>=3.0
#11 24.50   Downloading https://pypi.tuna.tsinghua.edu.cn/packages/88/39/799be3f2f0f38cc727ee3b4f1445fe6d5e4133064ec2e4115069418a5bb6/cloudpickle-3.1.2-py3-none-any.whl (22 kB)
#11 24.61 Collecting six>=1.5
#11 24.68   Using cached https://pypi.tuna.tsinghua.edu.cn/packages/b7/ce/149a00dd41f10bc29e5921b496af8b574d8413afcd5e30dfa0ed46c2cc5e/six-1.17.0-py2.py3-none-any.whl (11 kB)
#11 24.73 Collecting qiskit-ibm-provider>=0.6.3
#11 24.79   Downloading https://pypi.tuna.tsinghua.edu.cn/packages/8d/76/acdf3470dd77c24d72508aaca84b2f64f24421c7d8c5a3bd5377bbfbd70b/qiskit_ibm_provider-0.10.0-py3-none-any.whl (249 kB)
#11 24.80      ━━━━━━━━━━━━━━━━━━━━━━━━━━━━━━━━━━━━━━ 249.6/249.6 kB 20.3 MB/s eta 0:00:00
#11 24.88   Downloading https://pypi.tuna.tsinghua.edu.cn/packages/ff/48/73fa9d2201353b8592cd880d36024c9e902801b32f253fca2240b72c7cca/qiskit_ibm_provider-0.9.0-py3-none-any.whl (249 kB)
#11 24.89      ━━━━━━━━━━━━━━━━━━━━━━━━━━━━━━━━━━━━━━ 249.3/249.3 kB 21.9 MB/s eta 0:00:00
#11 24.98   Downloading https://pypi.tuna.tsinghua.edu.cn/packages/fa/e7/7910f29c8e39a32d30f9722038e1d186b8abb8944cfe3daa86430b973d5c/qiskit_ibm_provider-0.8.0-py3-none-any.whl (245 kB)
#11 24.99      ━━━━━━━━━━━━━━━━━━━━━━━━━━━━━━━━━━━━━━ 245.9/245.9 kB 41.0 MB/s eta 0:00:00
#11 25.07   Downloading https://pypi.tuna.tsinghua.edu.cn/packages/6d/c0/5713b33ccd39add399d045132d3b2f4c3e515f5b4a98d0264d040b14666f/qiskit_ibm_provider-0.7.3-py3-none-any.whl (243 kB)
#11 25.11      ━━━━━━━━━━━━━━━━━━━━━━━━━━━━━━━━━━━━━━━ 243.9/243.9 kB 8.2 MB/s eta 0:00:00
#11 25.21   Downloading https://pypi.tuna.tsinghua.edu.cn/packages/6e/b1/f8bff4f9000b460fa66721c71f7633a84197d6a8f965173a940bdea0adea/qiskit_ibm_provider-0.7.2-py3-none-any.whl (243 kB)
#11 25.22      ━━━━━━━━━━━━━━━━━━━━━━━━━━━━━━━━━━━━━━ 243.3/243.3 kB 20.5 MB/s eta 0:00:00
#11 25.37   Downloading https://pypi.tuna.tsinghua.edu.cn/packages/04/95/fc0a506288305270fc99f8795c4fcd872962a24123df043ca086ed220ab0/qiskit_ibm_provider-0.7.1-py3-none-any.whl (242 kB)
#11 25.41      ━━━━━━━━━━━━━━━━━━━━━━━━━━━━━━━━━━━━━━━ 242.9/242.9 kB 7.7 MB/s eta 0:00:00
#11 25.51   Downloading https://pypi.tuna.tsinghua.edu.cn/packages/3a/7b/42ff08ff51969f032e8a508bcb9e295ef28ba03710cd0013af4e19eca6db/qiskit_ibm_provider-0.7.0-py3-none-any.whl (242 kB)
#11 25.53      ━━━━━━━━━━━━━━━━━━━━━━━━━━━━━━━━━━━━━━ 242.9/242.9 kB 14.4 MB/s eta 0:00:00
#11 25.61   Downloading https://pypi.tuna.tsinghua.edu.cn/packages/c0/18/cacae80a8962c838efc6e432e1e2a8b26d853beb704b9d9974bc768859e4/qiskit_ibm_provider-0.6.3-py3-none-any.whl (239 kB)
#11 25.63      ━━━━━━━━━━━━━━━━━━━━━━━━━━━━━━━━━━━━━━ 239.2/239.2 kB 17.1 MB/s eta 0:00:00
#11 26.09 Collecting websockets>=10.0
#11 26.15   Downloading https://pypi.tuna.tsinghua.edu.cn/packages/f3/18/a17e2f0cde02dc10154c808deed7e1d8528afff93612f70d3f0a5b19b011/websockets-16.1.1-cp310-cp310-manylinux1_x86_64.manylinux_2_28_x86_64.manylinux_2_5_x86_64.whl (186 kB)
#11 26.17      ━━━━━━━━━━━━━━━━━━━━━━━━━━━━━━━━━━━━━━ 186.0/186.0 kB 18.8 MB/s eta 0:00:00
#11 26.28 Collecting idna<4,>=2.5
#11 26.35   Using cached https://pypi.tuna.tsinghua.edu.cn/packages/58/a2/bb081bab032533a855d44de1d56f8e8426114ff1ba5d1f07a438a0a654f8/idna-3.20-py3-none-any.whl (69 kB)
#11 26.45 Collecting certifi>=2023.5.7
#11 26.52   Using cached https://pypi.tuna.tsinghua.edu.cn/packages/0b/a7/71ac2cff56fec219ed242bb11b8efb69fcc4bec75db06fb7bfe35de520e6/certifi-2026.7.22-py3-none-any.whl (136 kB)
#11 27.05 Collecting charset_normalizer<4,>=2
#11 27.11   Using cached https://pypi.tuna.tsinghua.edu.cn/packages/c4/9f/9f52d2886d52645987d603425482c63c5045a3005db1354a7097e5ed1ae9/charset_normalizer-3.5.2-cp310-cp310-manylinux2014_x86_64.manylinux_2_17_x86_64.manylinux_2_28_x86_64.whl (271 kB)
#11 27.27 Collecting pyspnego>=0.4.0
#11 27.34   Downloading https://pypi.tuna.tsinghua.edu.cn/packages/93/fd/0e09467d5b8e229388c897126b4aed1e5fef2295a8661e2cad21fa9a8214/pyspnego-0.12.3-py3-none-any.whl (130 kB)
#11 27.35      ━━━━━━━━━━━━━━━━━━━━━━━━━━━━━━━━━━━━━━ 130.3/130.3 kB 30.0 MB/s eta 0:00:00
#11 28.16 Collecting cryptography>=1.3
#11 28.23   Downloading https://pypi.tuna.tsinghua.edu.cn/packages/8c/eb/5d7124083e8d8cda8f5b348f544b71ad6f707ad63193758ef4d8e569da02/cryptography-50.0.1-cp39-abi3-manylinux_2_34_x86_64.whl (4.8 MB)
#11 28.48      ━━━━━━━━━━━━━━━━━━━━━━━━━━━━━━━━━━━━━━━━ 4.8/4.8 MB 19.0 MB/s eta 0:00:00
#11 29.04 Collecting cffi>=2.0.0
#11 29.09   Downloading https://pypi.tuna.tsinghua.edu.cn/packages/75/77/60bebf6f818bec84210ac5b6979ce4eeadce6fbbaabc9c7ab23e506d1ce5/cffi-2.1.1-cp310-cp310-manylinux2014_x86_64.manylinux_2_17_x86_64.whl (218 kB)
#11 29.11      ━━━━━━━━━━━━━━━━━━━━━━━━━━━━━━━━━━━━━━ 218.7/218.7 kB 16.4 MB/s eta 0:00:00
#11 29.25 Collecting PyJWT<3.0.0,>=2.11.0
#11 29.31   Downloading https://pypi.tuna.tsinghua.edu.cn/packages/50/ca/44de4e75f8aadc457f0634be3b542815078ded46dca30efb960edeecad6e/pyjwt-2.15.1-py3-none-any.whl (33 kB)
#11 29.49 Collecting mpmath<1.4,>=1.1.0
#11 29.55   Using cached https://pypi.tuna.tsinghua.edu.cn/packages/43/e3/7d92a15f894aa0c9c4b49b8ee9ac9850d6e63b03c9c32c0367a13ae62209/mpmath-1.3.0-py3-none-any.whl (536 kB)
#11 29.65 Collecting pycparser
#11 29.70   Downloading https://pypi.tuna.tsinghua.edu.cn/packages/0c/c3/44f3fbbfa403ea2a7c779186dc20772604442dde72947e7d01069cbe98e3/pycparser-3.0-py3-none-any.whl (48 kB)
#11 29.71      ━━━━━━━━━━━━━━━━━━━━━━━━━━━━━━━━━━━━━━━━ 48.2/48.2 kB 11.6 MB/s eta 0:00:00
#11 29.80 Building wheels for collected packages: squlearn, qiskit, fastdtw
#11 29.80   Building editable for squlearn (pyproject.toml): started
#11 30.13   Building editable for squlearn (pyproject.toml): finished with status 'done'
#11 30.13   Created wheel for squlearn: filename=squlearn-0.2.0-py3-none-any.whl size=6834 sha256=6564626ee825216958b066112eaf17afccfb04bd12f6a35c7888a4f3a44b1fc3
#11 30.13   Stored in directory: /tmp/pip-ephem-wheel-cache-qe84ep_j/wheels/cc/57/e9/7b2753aadf0528eeb98ef2dfdd21de00453ccef9cb8e7cbb2a
#11 30.14   Building wheel for qiskit (pyproject.toml): started
#11 30.53   Building wheel for qiskit (pyproject.toml): finished with status 'done'
#11 30.54   Created wheel for qiskit: filename=qiskit-0.44.0-py3-none-any.whl size=7739 sha256=6765da3d7606a2e5fb554ccfb9caf4aabc0d22c93c97ee03a4ed14abf37349c6
#11 30.54   Stored in directory: /root/.cache/pip/wheels/f7/0e/2b/8585276da177e3c511c52fc74648fa28e01c43271b271cf718
#11 30.54   Building wheel for fastdtw (setup.py): started
#11 31.42   Building wheel for fastdtw (setup.py): finished with status 'done'
#11 31.42   Created wheel for fastdtw: filename=fastdtw-0.3.4-py3-none-any.whl size=3612 sha256=c0a7f8cfc173a4b85caf88842ad2e5f1d135c2381d2497d17649cc3eaec6779a
#11 31.42   Stored in directory: /root/.cache/pip/wheels/23/02/6b/d32728f5ef5d70ad3e13d50cadda91097f4fb770c4eff6cf27
#11 31.43 Successfully built squlearn qiskit fastdtw
#11 31.87 Installing collected packages: ply, mpmath, websockets, websocket-client, urllib3, typing-extensions, tomli, threadpoolctl, sympy, symengine, stevedore, six, pygments, pycparser, psutil, pluggy, packaging, numpy, iniconfig, idna, dill, cloudpickle, charset_normalizer, certifi, scipy, rustworkx, requests, python-dateutil, PyJWT, joblib, fastdtw, exceptiongroup, cffi, scikit-learn, qiskit-terra, pytest, ibm_cloud_sdk_core, cryptography, qiskit-machine-learning, qiskit-aer, qiskit, pyspnego, ibm-platform-services, requests-ntlm, qiskit-ibm-provider, qiskit-ibm-runtime, squlearn
#11 51.31 Successfully installed PyJWT-2.15.1 certifi-2026.7.22 cffi-2.1.1 charset_normalizer-3.5.2 cloudpickle-3.1.2 cryptography-50.0.1 dill-0.4.1 exceptiongroup-1.3.1 fastdtw-0.3.4 ibm-platform-services-0.77.1 ibm_cloud_sdk_core-3.26.2 idna-3.20 iniconfig-2.3.0 joblib-1.6.0 mpmath-1.3.0 numpy-1.26.4 packaging-26.3 pluggy-1.6.0 ply-3.11 psutil-7.2.2 pycparser-3.0 pygments-2.21.0 pyspnego-0.12.3 pytest-9.1.1 python-dateutil-2.9.0.post0 qiskit-0.44.0 qiskit-aer-0.12.2 qiskit-ibm-provider-0.6.3 qiskit-ibm-runtime-0.11.3 qiskit-machine-learning-0.6.1 qiskit-terra-0.25.0 requests-2.34.2 requests-ntlm-1.3.0 rustworkx-0.18.1 scikit-learn-1.3.2 scipy-1.15.3 six-1.17.0 squlearn-0.2.0 stevedore-5.8.0 symengine-0.9.2 sympy-1.14.0 threadpoolctl-3.7.0 tomli-2.4.1 typing-extensions-4.16.0 urllib3-2.8.0 websocket-client-1.9.2 websockets-16.1.1
#11 51.31 WARNING: Running pip as the 'root' user can result in broken permissions and conflicting behaviour with the system package manager. It is recommended to use a virtual environment instead: https://pip.pypa.io/warnings/venv
#11 51.32 
#11 51.32 [notice] A new release of pip is available: 23.0.1 -> 26.2.1
#11 51.32 [notice] To update, run: pip install --upgrade pip
#11 DONE 52.8s

#12 exporting to image
#12 exporting layers
#12 exporting layers 2.0s done
#12 writing image sha256:821e40cd20feb4a47d781c524ecf6b782f3c0f21998934f725408022bcf6b75a
#12 writing image sha256:821e40cd20feb4a47d781c524ecf6b782f3c0f21998934f725408022bcf6b75a done
#12 naming to docker.io/library/benchmark-base:squlearn_62_99 done
#12 DONE 2.0s
