#0 building with "desktop-linux" instance using docker driver

#1 [internal] load build definition from Dockerfile
#1 transferring dockerfile: 586B done
#1 DONE 0.0s

#2 [internal] load metadata for docker.io/library/benchmark-base:squlearn_62_99
#2 DONE 0.0s

#3 [internal] load .dockerignore
#3 transferring context: 2B done
#3 DONE 0.0s

#4 [internal] load build context
#4 transferring context: 3.42kB done
#4 DONE 0.0s

#5 [1/2] FROM docker.io/library/benchmark-base:squlearn_62_99
#5 DONE 0.1s

#6 [2/2] COPY run.sh /benchmark/run.sh
#6 DONE 0.1s

#7 exporting to image
#7 exporting layers 0.0s done
#7 writing image sha256:64db8e944a71faa5db9213efa8254819c85e1398ac18b3d13a29b8488a20b118 done
#7 naming to docker.io/library/benchmark-squlearn_62_99:latest done
#7 DONE 0.0s
