#0 building with "desktop-linux" instance using docker driver

#1 [internal] load build definition from Dockerfile
#1 transferring dockerfile: 608B done
#1 DONE 0.0s

#2 [internal] load metadata for docker.io/library/benchmark-base:squlearn_62_99
#2 DONE 0.0s

#3 [internal] load .dockerignore
#3 transferring context: 2B done
#3 DONE 0.0s

#4 [1/2] FROM docker.io/library/benchmark-base:squlearn_62_99
#4 CACHED

#5 [internal] load build context
#5 transferring context: 4.63kB done
#5 DONE 0.0s

#6 [2/2] COPY run.sh evaluator.py test_plan.json /benchmark/
#6 DONE 0.1s

#7 exporting to image
#7 exporting layers 0.0s done
#7 writing image sha256:623ff1114123b35240fb2b5e726107479efe1b3996c1dd94807d6c823aa9e32c done
#7 naming to docker.io/library/benchmark-squlearn_62_99:latest 0.0s done
#7 DONE 0.1s
