#0 building with "desktop-linux" instance using docker driver

#1 [internal] load build definition from Dockerfile
#1 DONE 0.0s

#1 [internal] load build definition from Dockerfile
#1 transferring dockerfile: 632B done
#1 DONE 0.0s

#2 [internal] load metadata for docker.io/library/benchmark-base:qiskit_addon_sqd_148_230
#2 DONE 0.0s

#3 [internal] load .dockerignore
#3 transferring context: 2B done
#3 DONE 0.1s

#4 [internal] load build context
#4 transferring context: 3.42kB done
#4 DONE 0.1s

#5 [1/2] FROM docker.io/library/benchmark-base:qiskit_addon_sqd_148_230
#5 DONE 0.4s

#6 [2/2] COPY run.sh /benchmark/run.sh
#6 DONE 0.3s

#7 exporting to image
#7 exporting layers
#7 exporting layers 0.3s done
#7 writing image sha256:5061d79f11ac6ac3ca76c812a58869479d138a859aeddabfd490a3c4578e285e done
#7 naming to docker.io/library/benchmark-qiskit_addon_sqd_148_230:latest 0.0s done
#7 DONE 0.3s
