#0 building with "desktop-linux" instance using docker driver

#1 [internal] load build definition from Dockerfile.repo-base
#1 transferring dockerfile: 1.26kB done
#1 DONE 0.0s

#2 [internal] load metadata for docker.io/library/qfea-python310:trixie-db7a1753878f
#2 DONE 0.0s

#3 [internal] load .dockerignore
#3 transferring context: 2B done
#3 DONE 0.0s

#4 [stage-0 1/7] FROM docker.io/library/qfea-python310:trixie-db7a1753878f
#4 DONE 0.0s

#5 [internal] load build context
#5 transferring context: 70B done
#5 DONE 0.0s

#6 [stage-0 2/7] RUN sed -i "s|http://deb.debian.org/debian-security|https://mirrors.tuna.tsinghua.edu.cn/debian-security|g; s|http://deb.debian.org/debian|https://mirrors.tuna.tsinghua.edu.cn/debian|g" /etc/apt/sources.list.d/debian.sources && apt-get -o Acquire::Retries=3 update && apt-get install -y --no-install-recommends git gcc g++ gfortran make libgomp1 && rm -rf /var/lib/apt/lists/*
#6 CACHED

#7 [stage-0 3/7] WORKDIR /workspace/repo
#7 CACHED

#8 [stage-0 4/7] ADD --chown=0:0 source.tar.gz /workspace/repo
#8 CACHED

#9 [stage-0 5/7] RUN chown -R root:root /workspace/repo && git checkout --detach 0f8d2805b811fb0853f99de2756dc97893edcbb3 && git cat-file -e 780c30c68c877db7d4ce8f70a1ecd055a580277a^{commit}
#9 0.432 HEAD is now at 0f8d280 Add max_dim argument to diagonalize_fermionic_hamiltonian (#230)
#9 DONE 0.5s

#10 [stage-0 6/7] COPY constraints.txt /opt/constraints.txt
#10 DONE 0.0s

#11 [stage-0 7/7] RUN --mount=type=cache,id=quanbench-pip,target=/root/.cache/pip python -m pip install 'pip<25' 'setuptools<81' wheel && python -m pip install -c /opt/constraints.txt -e . pytest && python -m pip freeze > /opt/build-freeze.txt
#11 2.023 Looking in indexes: https://pypi.tuna.tsinghua.edu.cn/simple
#11 2.024 Requirement already satisfied: pip<25 in /usr/local/lib/python3.10/site-packages (23.0.1)
#11 2.024 Requirement already satisfied: setuptools<81 in /usr/local/lib/python3.10/site-packages (79.0.1)
#11 2.024 Requirement already satisfied: wheel in /usr/local/lib/python3.10/site-packages (0.45.1)
#11 2.064 WARNING: Running pip as the 'root' user can result in broken permissions and conflicting behaviour with the system package manager. It is recommended to use a virtual environment instead: https://pip.pypa.io/warnings/venv
#11 2.881 
#11 2.881 [notice] A new release of pip is available: 23.0.1 -> 26.2.1
#11 2.881 [notice] To update, run: pip install --upgrade pip
#11 3.319 Looking in indexes: https://pypi.tuna.tsinghua.edu.cn/simple
#11 3.319 Obtaining file:///workspace/repo
#11 3.324   Installing build dependencies: started
#11 5.647   Installing build dependencies: finished with status 'done'
#11 5.649   Checking if build backend supports build_editable: started
#11 5.758   Checking if build backend supports build_editable: finished with status 'done'
#11 5.760   Getting requirements to build editable: started
#11 5.921   Getting requirements to build editable: finished with status 'done'
#11 5.925   Installing backend dependencies: started
#11 6.836   Installing backend dependencies: finished with status 'done'
#11 6.837   Preparing editable metadata (pyproject.toml): started
#11 7.118   Preparing editable metadata (pyproject.toml): finished with status 'done'
#11 7.496 Collecting pytest
#11 7.559   Using cached https://pypi.tuna.tsinghua.edu.cn/packages/24/25/1de2678b631f5a49215c6c96fff41ba892b0a34df68d6d80292b1b48aa7f/pytest-9.1.1-py3-none-any.whl (386 kB)
#11 7.757 Collecting exceptiongroup>=1
#11 7.891   Using cached https://pypi.tuna.tsinghua.edu.cn/packages/8a/0e/97c33bf5009bdbac74fd2beace167cab3f978feb69cc36f1ef79360d6c4e/exceptiongroup-1.3.1-py3-none-any.whl (16 kB)
#11 7.982 Collecting pluggy<2,>=1.5
#11 8.116   Using cached https://pypi.tuna.tsinghua.edu.cn/packages/54/20/4d324d65cc6d9205fabedc306948156824eb9f0ee1633355a8f7ec5c66bf/pluggy-1.6.0-py3-none-any.whl (20 kB)
#11 8.289 Collecting packaging>=22
#11 8.476   Using cached https://pypi.tuna.tsinghua.edu.cn/packages/63/34/ba1c580383c9eada3711951fef0795c80b829a078d72188184bcab9dd527/packaging-26.3-py3-none-any.whl (129 kB)
#11 8.629 Collecting iniconfig>=1.0.1
#11 8.829   Using cached https://pypi.tuna.tsinghua.edu.cn/packages/cb/b1/3846dd7f199d53cb17f49cba7e651e9ce294d8497c8c150530ed11865bb8/iniconfig-2.3.0-py3-none-any.whl (7.5 kB)
#11 9.085 Collecting tomli>=1
#11 9.190   Using cached https://pypi.tuna.tsinghua.edu.cn/packages/7b/61/cceae43728b7de99d9b847560c262873a1f6c98202171fd5ed62640b494b/tomli-2.4.1-py3-none-any.whl (14 kB)
#11 9.290 Collecting pygments>=2.7.2
#11 9.377   Using cached https://pypi.tuna.tsinghua.edu.cn/packages/71/46/17f022dd3e953bf20a04a028a21ec746d942f8d2af30fa0f124fa0e6a684/pygments-2.21.0-py3-none-any.whl (1.3 MB)
#11 10.00 Collecting numpy>=1.26
#11 10.18   Using cached https://pypi.tuna.tsinghua.edu.cn/packages/b4/63/3de6a34ad7ad6646ac7d2f55ebc6ad439dbbf9c4370017c50cf403fb19b5/numpy-2.2.6-cp310-cp310-manylinux_2_17_x86_64.manylinux2014_x86_64.whl (16.8 MB)
#11 10.82 Collecting pyscf>=2.5
#11 10.95   Downloading https://pypi.tuna.tsinghua.edu.cn/packages/88/30/8e48717aff32f11fd78f981192d0b567971eb285ea048414b7dac2a211cf/pyscf-2.14.0-py3-none-manylinux_2_17_x86_64.manylinux2014_x86_64.whl (52.8 MB)
#11 14.19      ━━━━━━━━━━━━━━━━━━━━━━━━━━━━━━━━━━━━━━━━ 52.8/52.8 MB 16.1 MB/s eta 0:00:00
#11 14.56 Collecting jaxlib>=0.4.30
#11 14.62   Downloading https://pypi.tuna.tsinghua.edu.cn/packages/7e/d8/b7ae9e819c62c1854dbc2c70540a5c041173fbc8bec5e78ab7fd615a4aee/jaxlib-0.6.2-cp310-cp310-manylinux2014_x86_64.whl (89.9 MB)
#11 18.71      ━━━━━━━━━━━━━━━━━━━━━━━━━━━━━━━━━━━━━━━━ 89.9/89.9 MB 9.9 MB/s eta 0:00:00
#11 19.14 Collecting qiskit<3,>=1.2
#11 19.21   Downloading https://pypi.tuna.tsinghua.edu.cn/packages/c4/32/1e411db90b68a6096275186e7fc57ea16d99355fc3b498182845dd5419ff/qiskit-2.5.2-cp310-abi3-manylinux_2_28_x86_64.whl (9.8 MB)
#11 19.77      ━━━━━━━━━━━━━━━━━━━━━━━━━━━━━━━━━━━━━━━━ 9.8/9.8 MB 17.2 MB/s eta 0:00:00
#11 20.24 Collecting scipy>=1.13.1
#11 20.56   Using cached https://pypi.tuna.tsinghua.edu.cn/packages/8e/6d/41991e503e51fc1134502694c5fa7a1671501a17ffa12716a4a9151af3df/scipy-1.15.3-cp310-cp310-manylinux_2_17_x86_64.manylinux2014_x86_64.whl (37.7 MB)
#11 20.82 Collecting jax>=0.4.30
#11 20.88   Downloading https://pypi.tuna.tsinghua.edu.cn/packages/31/a8/97ef0cbb7a17143ace2643d600a7b80d6705b2266fc31078229e406bdef2/jax-0.6.2-py3-none-any.whl (2.7 MB)
#11 20.97      ━━━━━━━━━━━━━━━━━━━━━━━━━━━━━━━━━━━━━━━━ 2.7/2.7 MB 30.7 MB/s eta 0:00:00
#11 21.06 Collecting typing-extensions>=4.6.0
#11 21.12   Using cached https://pypi.tuna.tsinghua.edu.cn/packages/49/d3/b8441a820a491ddfc024b0b0cf0393375b75ea13866d9c66727e54c2fc80/typing_extensions-4.16.0-py3-none-any.whl (45 kB)
#11 21.26 Collecting ml_dtypes>=0.5.0
#11 21.32   Downloading https://pypi.tuna.tsinghua.edu.cn/packages/e9/15/844f5402145ce73bec8eb3afeb9f41d2bf99e0c8617c93f9e9886f26b419/ml_dtypes-0.6.0-cp310-cp310-manylinux_2_27_x86_64.manylinux_2_28_x86_64.whl (412 kB)
#11 21.33      ━━━━━━━━━━━━━━━━━━━━━━━━━━━━━━━━━━━━━━ 412.0/412.0 kB 30.5 MB/s eta 0:00:00
#11 21.41 Collecting opt_einsum
#11 21.46   Downloading https://pypi.tuna.tsinghua.edu.cn/packages/23/cd/066e86230ae37ed0be70aae89aabf03ca8d9f39c8aea0dec8029455b5540/opt_einsum-3.4.0-py3-none-any.whl (71 kB)
#11 21.47      ━━━━━━━━━━━━━━━━━━━━━━━━━━━━━━━━━━━━━━━━ 71.9/71.9 kB 20.2 MB/s eta 0:00:00
#11 21.66 Collecting h5py>=2.7
#11 21.74   Using cached https://pypi.tuna.tsinghua.edu.cn/packages/cb/92/a8851d936547efe30cc0ce5245feac01f3ec6171f7899bc3f775c72030b3/h5py-3.16.0-cp310-cp310-manylinux_2_28_x86_64.whl (5.1 MB)
#11 21.77 Requirement already satisfied: setuptools in /usr/local/lib/python3.10/site-packages (from pyscf>=2.5->qiskit-addon-sqd==0.11.0) (79.0.1)
#11 21.94 Collecting rustworkx>=0.15.0
#11 22.01   Downloading https://pypi.tuna.tsinghua.edu.cn/packages/a2/ec/80ffcc38ffd28798a31563485a7c35d7d7ccebad83d388717442731e7477/rustworkx-0.18.1-cp310-abi3-manylinux2014_x86_64.manylinux_2_17_x86_64.whl (2.4 MB)
#11 22.08      ━━━━━━━━━━━━━━━━━━━━━━━━━━━━━━━━━━━━━━━━ 2.4/2.4 MB 31.9 MB/s eta 0:00:00
#11 22.19 Collecting stevedore>=3.0.0
#11 22.25   Downloading https://pypi.tuna.tsinghua.edu.cn/packages/f5/ac/19f9941c74add59d17694930ec8105d5eddeee4ce56dd8632b765ca16d6c/stevedore-5.8.0-py3-none-any.whl (54 kB)
#11 22.26      ━━━━━━━━━━━━━━━━━━━━━━━━━━━━━━━━━━━━━━━━ 54.6/54.6 kB 7.0 MB/s eta 0:00:00
#11 22.34 Collecting dill>=0.3
#11 22.40   Downloading https://pypi.tuna.tsinghua.edu.cn/packages/1e/77/dc8c558f7593132cf8fefec57c4f60c83b16941c574ac5f619abb3ae7933/dill-0.4.1-py3-none-any.whl (120 kB)
#11 22.40      ━━━━━━━━━━━━━━━━━━━━━━━━━━━━━━━━━━━━━━ 120.0/120.0 kB 19.4 MB/s eta 0:00:00
#11 22.58 Building wheels for collected packages: qiskit-addon-sqd
#11 22.58   Building editable for qiskit-addon-sqd (pyproject.toml): started
#11 22.70   Building editable for qiskit-addon-sqd (pyproject.toml): finished with status 'done'
#11 22.70   Created wheel for qiskit-addon-sqd: filename=qiskit_addon_sqd-0.11.0-py3-none-any.whl size=13422 sha256=a9ff8e7c836c088f17d6748b9b68e49705cdcaa3e242cdcef84ae4ee81e9c4e6
#11 22.70   Stored in directory: /tmp/pip-ephem-wheel-cache-22ccy0nl/wheels/cc/57/e9/7b2753aadf0528eeb98ef2dfdd21de00453ccef9cb8e7cbb2a
#11 22.70 Successfully built qiskit-addon-sqd
#11 22.86 Installing collected packages: typing-extensions, tomli, stevedore, pygments, pluggy, packaging, opt_einsum, numpy, iniconfig, dill, scipy, rustworkx, ml_dtypes, h5py, exceptiongroup, qiskit, pytest, pyscf, jaxlib, jax, qiskit-addon-sqd
#11 36.80 Successfully installed dill-0.4.1 exceptiongroup-1.3.1 h5py-3.16.0 iniconfig-2.3.0 jax-0.6.2 jaxlib-0.6.2 ml_dtypes-0.6.0 numpy-2.2.6 opt_einsum-3.4.0 packaging-26.3 pluggy-1.6.0 pygments-2.21.0 pyscf-2.14.0 pytest-9.1.1 qiskit-2.5.2 qiskit-addon-sqd-0.11.0 rustworkx-0.18.1 scipy-1.15.3 stevedore-5.8.0 tomli-2.4.1 typing-extensions-4.16.0
#11 36.80 WARNING: Running pip as the 'root' user can result in broken permissions and conflicting behaviour with the system package manager. It is recommended to use a virtual environment instead: https://pip.pypa.io/warnings/venv
#11 36.81 
#11 36.81 [notice] A new release of pip is available: 23.0.1 -> 26.2.1
#11 36.81 [notice] To update, run: pip install --upgrade pip
#11 DONE 38.9s

#12 exporting to image
#12 exporting layers
#12 exporting layers 1.9s done
#12 writing image sha256:7015cd17b4856f0a36d3c6ee3ecb45d097c4346895e9669b2e4a0ba29e56f213 done
#12 naming to docker.io/library/benchmark-base:qiskit_addon_sqd_148_230 done
#12 DONE 1.9s
