#0 building with "desktop-linux" instance using docker driver

#1 [internal] load build definition from Dockerfile
#1 transferring dockerfile: 654B 0.0s done
#1 DONE 0.3s

#2 [internal] load metadata for docker.io/library/benchmark-base:qiskit_addon_sqd_148_230
#2 DONE 0.0s

#3 [internal] load .dockerignore
#3 transferring context: 2B done
#3 DONE 0.1s

#4 [1/2] FROM docker.io/library/benchmark-base:qiskit_addon_sqd_148_230
#4 CACHED

#5 [internal] load build context
#5 transferring context: 4.35kB 0.0s done
#5 DONE 0.0s

#6 [2/2] COPY run.sh evaluator.py test_plan.json /benchmark/
#6 DONE 0.4s

#7 exporting to image
#7 exporting layers 0.1s done
#7 writing image sha256:3148e7104dbc3118705c3556bf23cd7f212df8f406d4d9b0673ffd57992a1b26
#7 writing image sha256:3148e7104dbc3118705c3556bf23cd7f212df8f406d4d9b0673ffd57992a1b26 0.7s done
#7 naming to docker.io/library/benchmark-qiskit_addon_sqd_148_230:latest
#7 naming to docker.io/library/benchmark-qiskit_addon_sqd_148_230:latest 0.1s done
#7 DONE 0.9s
