#0 building with "desktop-linux" instance using docker driver

#1 [internal] load build definition from Dockerfile
#1 transferring dockerfile: 694B done
#1 DONE 0.0s

#2 [internal] load metadata for docker.io/library/benchmark-base:qiskit_addon_sqd_148_230
#2 DONE 0.0s

#3 [internal] load .dockerignore
#3 transferring context:
#3 transferring context: 2B done
#3 DONE 0.0s

#4 [1/3] FROM docker.io/library/benchmark-base:qiskit_addon_sqd_148_230
#4 DONE 0.0s

#5 [internal] load build context
#5 transferring context: 5.30kB 0.0s done
#5 DONE 0.1s

#6 [2/3] COPY run.sh evaluator.py test_plan.json /benchmark/
#6 CACHED

#7 [3/3] COPY sample.json /benchmark/sample.json
#7 DONE 0.2s

#8 exporting to image
#8 exporting layers 0.1s done
#8 writing image sha256:b0de3cead001a67de2f3f310e6b1d530e3bd3da2744240b50e0f0454e31f7c5b
#8 writing image sha256:b0de3cead001a67de2f3f310e6b1d530e3bd3da2744240b50e0f0454e31f7c5b 0.2s done
#8 naming to docker.io/library/benchmark-qiskit_addon_sqd_148_230:latest
#8 naming to docker.io/library/benchmark-qiskit_addon_sqd_148_230:latest done
#8 DONE 0.3s
