Warning: you are leaving 1 commit behind, not connected to
any of your branches:

  e52584a add model serialization by which high level models can be stored and loaded (#339)

If you want to keep it by creating a new branch, this may be a good time
to do so with:

 git branch <new-branch-name> e52584a

HEAD is now at 3672c9e add testfile for llqnn (#350)
F                                                                        [100%]
=================================== FAILURES ===================================
_________________ TestQNNClassifier.test_serialization[qiskit] _________________

self = <tests.qnn.test_qnnc.TestQNNClassifier object at 0x7fffe19d9210>
request = <FixtureRequest for <Function test_serialization[qiskit]>>
data = (array([[0.87909297, 0.34157351],
       [0.1       , 0.78589188],
       [0.16013294, 0.76436588],
       [0.9       ...7408025, 0.24706199],
       [0.83617927, 0.1770553 ],
       [0.11927146, 0.9       ]]), array([0, 1, 1, 0, 0, 0, 1]))
framework = 'qiskit'

    @pytest.mark.parametrize("framework", ["qiskit", "pennylane", "qulacs"])
    def test_serialization(self, request, data, framework):
        """Tests concerning the serialization of the QNNClassifier."""
        X, y = data
        qnn_classifier = self.get_qnn_classifier(framework)
        qnn_classifier.fit(X, y)
    
        buffer = io.BytesIO()
>       qnn_classifier.dump(buffer)
E       AttributeError: 'QNNClassifier' object has no attribute 'dump'

tests/qnn/test_qnnc.py:226: AttributeError
----------------------------- Captured stdout call -----------------------------
fit:   0%|          | 0/2 [00:00<?, ?it/s]fit:  50%|█████     | 1/2 [00:00<00:00,  2.68it/s]fit: 100%|██████████| 2/2 [00:00<00:00,  3.72it/s]fit: 100%|██████████| 2/2 [00:00<00:00,  3.52it/s]
------------------------------ Captured log call -------------------------------
INFO     executor:executor.py:2190 Set shots to None
INFO     executor:executor.py:784 Executor initialized with qiskit
INFO     executor:executor.py:786 Executor initialized with backend: AerSimulator('aer_simulator_statevector')
INFO     executor:executor.py:800 Executor intial shots: None
INFO     executor:executor.py:2190 Set shots to None
INFO     executor:executor.py:1600 Executor runs estimator with job: 5d9349de-d6ff-4690-92b3-0be15cdc4b7a
INFO     executor:executor.py:1650 Job status: JobStatus.RUNNING
INFO     executor:executor.py:1650 Job status: JobStatus.DONE
INFO     executor:executor.py:1600 Executor runs estimator with job: acfa3bb6-e5e6-40c5-90ee-335f439b6eb1
INFO     executor:executor.py:1650 Job status: JobStatus.RUNNING
INFO     executor:executor.py:1650 Job status: JobStatus.DONE
INFO     executor:executor.py:1600 Executor runs estimator with job: 629d61f4-2f03-49d7-aa3b-92de1b60b987
INFO     executor:executor.py:1650 Job status: JobStatus.RUNNING
INFO     executor:executor.py:1650 Job status: JobStatus.DONE
INFO     executor:executor.py:1600 Executor runs estimator with job: 89b2eff4-1747-496c-b89e-05312afc9441
INFO     executor:executor.py:1650 Job status: JobStatus.RUNNING
INFO     executor:executor.py:1650 Job status: JobStatus.DONE
INFO     executor:executor.py:1600 Executor runs estimator with job: 262bf521-deb0-4383-84ee-f6b305203219
INFO     executor:executor.py:1650 Job status: JobStatus.RUNNING
INFO     executor:executor.py:1650 Job status: JobStatus.DONE
INFO     executor:executor.py:1600 Executor runs estimator with job: b537a997-aee9-4ebf-940f-15e85bdf138e
INFO     executor:executor.py:1650 Job status: JobStatus.RUNNING
INFO     executor:executor.py:1650 Job status: JobStatus.DONE
INFO     executor:executor.py:1600 Executor runs estimator with job: 9268ed8a-5123-4475-b7d7-c3e2f0be2915
INFO     executor:executor.py:1650 Job status: JobStatus.RUNNING
INFO     executor:executor.py:1650 Job status: JobStatus.DONE
=========================== short test summary info ============================
FAILED tests/qnn/test_qnnc.py::TestQNNClassifier::test_serialization[qiskit]
1 failed, 6 warnings in 3.74s
