HEAD is now at 137d3f0 Merge pull request #241 from AlexisRalli/as_matrix_H
Removing src/openqaoa.egg-info/
ERROR: found no collectors for /workspace/repo/tests/test_operators.py::TestingOperators::test_hamiltonian_init

ERROR: found no collectors for /workspace/repo/tests/test_operators.py::TestingOperators::test_hamiltonian_qureg

ERROR: found no collectors for /workspace/repo/tests/test_operators.py::TestingOperators::test_hamiltonian_divide_into_singlets_pairs

ERROR: found no collectors for /workspace/repo/tests/test_operators.py::TestingOperators::test_hamiltonian_str

ERROR: found no collectors for /workspace/repo/tests/test_operators.py::TestingOperators::test_hamiltonian_len

ERROR: found no collectors for /workspace/repo/tests/test_operators.py::TestingOperators::test_hamiltonian_expression

ERROR: found no collectors for /workspace/repo/tests/test_operators.py::TestingOperators::test_hamiltonian_add

ERROR: found no collectors for /workspace/repo/tests/test_operators.py::TestingOperators::test_hamiltonian_squared

ERROR: found no collectors for /workspace/repo/tests/test_operators.py::TestingOperators::test_hamiltonian_dict

ERROR: found no collectors for /workspace/repo/tests/test_operators.py::TestingOperators::test_pauli_matrix


==================================== ERRORS ====================================
___________________ ERROR collecting tests/test_operators.py ___________________
ImportError while importing test module '/workspace/repo/tests/test_operators.py'.
Hint: make sure your test modules/packages have valid Python names.
Traceback:
/usr/local/lib/python3.10/importlib/__init__.py:126: in import_module
    return _bootstrap._gcd_import(name[level:], package, level)
tests/test_operators.py:5: in <module>
    from openqaoa.qaoa_components import PauliOp, Hamiltonian
src/openqaoa-core/__init__.py:1: in <module>
    from .algorithms import QAOA, RQAOA, QAOABenchmark
src/openqaoa-core/algorithms/__init__.py:1: in <module>
    from .qaoa import QAOA, QAOAResult, QAOABenchmark
src/openqaoa-core/algorithms/qaoa/__init__.py:3: in <module>
    from .qaoa_benchmark import QAOABenchmark
src/openqaoa-core/algorithms/qaoa/qaoa_benchmark.py:7: in <module>
    from IPython.display import clear_output
E   ModuleNotFoundError: No module named 'IPython'
------------------------------- Captured stdout --------------------------------
The azure module has not been installed.
The qiskit module has not been installed.
The azure module has not been installed.
The qiskit module has not been installed.
=========================== short test summary info ============================
ERROR tests/test_operators.py
no tests collected, 1 error in 5.28s
