Warning: you are leaving 1 commit behind, not connected to
any of your branches:

  d4b99fe From Docplex to Ising Model (QUBO) (#71)

If you want to keep it by creating a new branch, this may be a good time
to do so with:

 git branch <new-branch-name> d4b99fe

HEAD is now at a2444b5 adding a best solution for raw data (#72)
Removing openqaoa.egg-info/
ERROR: not found: /workspace/repo/tests/test_converters.py::TestDocplex2IsingClass::test_qubo
(no name '/workspace/repo/tests/test_converters.py::TestDocplex2IsingClass::test_qubo' in any of [<Module tests/test_converters.py>])


==================================== ERRORS ====================================
__________________ ERROR collecting tests/test_converters.py ___________________
ImportError while importing test module '/workspace/repo/tests/test_converters.py'.
Hint: make sure your test modules/packages have valid Python names.
Traceback:
/usr/local/lib/python3.10/importlib/__init__.py:126: in import_module
    return _bootstrap._gcd_import(name[level:], package, level)
tests/test_converters.py:18: in <module>
    from openqaoa.problems.converters import FromDocplex2IsingModel
E   ModuleNotFoundError: No module named 'openqaoa.problems.converters'
=========================== short test summary info ============================
ERROR tests/test_converters.py
16 warnings, 1 error in 4.84s
