#0 building with "desktop-linux" instance using docker driver

#1 [stage-0 1/7] FROM docker.io/library/qfea-python310:trixie-db7a1753878f
#1 DONE 0.0s

#2 [stage-0 2/7] RUN sed -i "s|http://deb.debian.org/debian-security|https://mirrors.tuna.tsinghua.edu.cn/debian-security|g; s|http://deb.debian.org/debian|https://mirrors.tuna.tsinghua.edu.cn/debian|g" /etc/apt/sources.list.d/debian.sources && apt-get -o Acquire::Retries=3 update && apt-get install -y --no-install-recommends git gcc g++ gfortran make libgomp1 && rm -rf /var/lib/apt/lists/*
#2 CACHED

#3 [stage-0 3/7] WORKDIR /workspace/repo
#3 CACHED

#4 [internal] load build definition from Dockerfile.repo-base
#4 transferring dockerfile: 1.22kB done
#4 DONE 0.0s

#5 [internal] load metadata for docker.io/library/qfea-python310:trixie-db7a1753878f
#5 DONE 0.0s

#6 [internal] load .dockerignore
#6 transferring context: 2B done
#6 DONE 0.0s

#7 [internal] load build context
#7 transferring context: 71B done
#7 DONE 0.0s

#8 [stage-0 4/7] ADD --chown=0:0 source.tar.gz /workspace/repo
#8 DONE 0.2s

#9 [stage-0 5/7] RUN git checkout --detach e52584adc105f8fa211a135cd8343218f7ea4377 && git cat-file -e 3672c9e97cac7307ebaed16a5cfdd15aa836f5d2^{commit}
#9 0.177 fatal: detected dubious ownership in repository at '/workspace/repo'
#9 0.177 To add an exception for this directory, call:
#9 0.177 
#9 0.177 	git config --global --add safe.directory /workspace/repo
#9 ERROR: process "/bin/sh -c git checkout --detach e52584adc105f8fa211a135cd8343218f7ea4377 && git cat-file -e 3672c9e97cac7307ebaed16a5cfdd15aa836f5d2^{commit}" did not complete successfully: exit code: 128
------
 > [stage-0 5/7] RUN git checkout --detach e52584adc105f8fa211a135cd8343218f7ea4377 && git cat-file -e 3672c9e97cac7307ebaed16a5cfdd15aa836f5d2^{commit}:
0.177 fatal: detected dubious ownership in repository at '/workspace/repo'
0.177 To add an exception for this directory, call:
0.177 
0.177 	git config --global --add safe.directory /workspace/repo
------
Dockerfile.repo-base:9
--------------------
   7 |     WORKDIR /workspace/repo
   8 |     ADD --chown=0:0 source.tar.gz /workspace/repo
   9 | >>> RUN git checkout --detach e52584adc105f8fa211a135cd8343218f7ea4377 && git cat-file -e 3672c9e97cac7307ebaed16a5cfdd15aa836f5d2^{commit}
  10 |     COPY constraints.txt /opt/constraints.txt
  11 |     RUN --mount=type=cache,id=quanbench-pip,target=/root/.cache/pip python -m pip install 'pip<25' 'setuptools<81' wheel && python -m pip install -c /opt/constraints.txt -e . pytest && python -m pip freeze > /opt/build-freeze.txt
--------------------
ERROR: failed to solve: process "/bin/sh -c git checkout --detach e52584adc105f8fa211a135cd8343218f7ea4377 && git cat-file -e 3672c9e97cac7307ebaed16a5cfdd15aa836f5d2^{commit}" did not complete successfully: exit code: 128
