#0 building with "desktop-linux" instance using docker driver

#1 [internal] load build definition from Dockerfile
#1 transferring dockerfile: 592B done
#1 DONE 0.0s

#2 [internal] load metadata for docker.io/library/benchmark-base:squlearn_275_339
#2 DONE 0.0s

#3 [internal] load .dockerignore
#3 transferring context: 2B done
#3 DONE 0.0s

#4 [internal] load build context
#4 transferring context: 3.42kB 0.0s done
#4 DONE 0.1s

#5 [1/2] FROM docker.io/library/benchmark-base:squlearn_275_339
#5 DONE 0.3s

#6 [2/2] COPY run.sh /benchmark/run.sh
#6 DONE 0.2s

#7 exporting to image
#7 exporting layers 0.1s done
#7 writing image sha256:8d73c00a88d356a39722efc8171857820e2e87a5c952f3c3f7a4d6c24245dbb2 0.0s done
#7 naming to docker.io/library/benchmark-squlearn_275_339:latest 0.0s done
#7 DONE 0.3s
