#0 building with "desktop-linux" instance using docker driver

#1 [internal] load build definition from Dockerfile
#1 transferring dockerfile: 614B done
#1 DONE 0.0s

#2 [internal] load metadata for docker.io/library/benchmark-base:squlearn_275_339
#2 DONE 0.0s

#3 [internal] load .dockerignore
#3 transferring context: 2B done
#3 DONE 0.0s

#4 [1/2] FROM docker.io/library/benchmark-base:squlearn_275_339
#4 CACHED

#5 [internal] load build context
#5 transferring context: 6.21kB done
#5 DONE 0.0s

#6 [2/2] COPY run.sh evaluator.py test_plan.json /benchmark/
#6 DONE 0.1s

#7 exporting to image
#7 exporting layers 0.0s done
#7 writing image sha256:7699c2d24d4fed405bbf5007b19f24c2a3d80f1b80bb1d1bb81f5a740de7cd83 done
#7 naming to docker.io/library/benchmark-squlearn_275_339:latest done
#7 DONE 0.0s
