#0 building with "desktop-linux" instance using docker driver

#1 [internal] load build definition from Dockerfile
#1 transferring dockerfile: 654B done
#1 DONE 0.0s

#2 [internal] load metadata for docker.io/library/benchmark-base:squlearn_275_339
#2 DONE 0.0s

#3 [internal] load .dockerignore
#3 transferring context: 2B done
#3 DONE 0.0s

#4 [1/3] FROM docker.io/library/benchmark-base:squlearn_275_339
#4 DONE 0.0s

#5 [internal] load build context
#5 transferring context: 10.76kB done
#5 DONE 0.0s

#6 [2/3] COPY run.sh evaluator.py test_plan.json /benchmark/
#6 CACHED

#7 [3/3] COPY sample.json /benchmark/sample.json
#7 DONE 0.0s

#8 exporting to image
#8 exporting layers 0.0s done
#8 writing image sha256:024537b41ca2f0ed77059b509c33634401ea7d36725f0c86da710cf0f30436cc
#8 writing image sha256:024537b41ca2f0ed77059b509c33634401ea7d36725f0c86da710cf0f30436cc done
#8 naming to docker.io/library/benchmark-squlearn_275_339:latest done
#8 DONE 0.0s
