Warning: you are leaving 1 commit behind, not connected to
any of your branches:

  e52584a add model serialization by which high level models can be stored and loaded (#339)

If you want to keep it by creating a new branch, this may be a good time
to do so with:

 git branch <new-branch-name> e52584a

HEAD is now at 3672c9e add testfile for llqnn (#350)
F                                                                        [100%]
=================================== FAILURES ===================================
_________________ TestQNNRegressor.test_serialization[qulacs] __________________

self = <tests.qnn.test_qnnr.TestQNNRegressor object at 0x7fffe1902f50>
request = <FixtureRequest for <Function test_serialization[qulacs]>>
data = (array([[0.43274505],
       [0.14365581],
       [0.50147978],
       [0.10000747],
       [0.9       ],
       [0.1       ]]), array([ 2.88509522, -0.803089  ,  3.76200899, -1.35995202,  8.84630755,
       -1.36004738]))
framework = 'qulacs'

    @pytest.mark.parametrize("framework", ["qiskit", "pennylane", "qulacs"])
    def test_serialization(self, request, data, framework):
        """Tests concerning the serialization of the QNNRegressor."""
    
        X, y = data
        qnn_regressor = self.get_qnn_regressor(framework)
        qnn_regressor.fit(X, y)
    
        buffer = io.BytesIO()
>       qnn_regressor.dump(buffer)
E       AttributeError: 'QNNRegressor' object has no attribute 'dump'

tests/qnn/test_qnnr.py:227: AttributeError
----------------------------- Captured stdout call -----------------------------
fit:   0%|          | 0/2 [00:00<?, ?it/s]fit: 100%|██████████| 2/2 [00:00<00:00, 78.15it/s]
------------------------------ Captured log call -------------------------------
INFO     executor:executor.py:2190 Set shots to None
INFO     executor:executor.py:784 Executor initialized with qulacs
INFO     executor:executor.py:800 Executor intial shots: None
INFO     executor:executor.py:849 Execution of qulacs circuit
INFO     executor:executor.py:852 Execution of qulacs successful
INFO     executor:executor.py:849 Execution of qulacs circuit
INFO     executor:executor.py:852 Execution of qulacs successful
INFO     executor:executor.py:849 Execution of qulacs circuit
INFO     executor:executor.py:852 Execution of qulacs successful
INFO     executor:executor.py:849 Execution of qulacs circuit
INFO     executor:executor.py:852 Execution of qulacs successful
INFO     executor:executor.py:849 Execution of qulacs circuit
INFO     executor:executor.py:852 Execution of qulacs successful
INFO     executor:executor.py:849 Execution of qulacs circuit
INFO     executor:executor.py:852 Execution of qulacs successful
INFO     executor:executor.py:849 Execution of qulacs circuit
INFO     executor:executor.py:852 Execution of qulacs successful
INFO     executor:executor.py:849 Execution of qulacs circuit
INFO     executor:executor.py:852 Execution of qulacs successful
INFO     executor:executor.py:849 Execution of qulacs circuit
INFO     executor:executor.py:852 Execution of qulacs successful
INFO     executor:executor.py:849 Execution of qulacs circuit
INFO     executor:executor.py:852 Execution of qulacs successful
INFO     executor:executor.py:849 Execution of qulacs circuit
INFO     executor:executor.py:852 Execution of qulacs successful
INFO     executor:executor.py:849 Execution of qulacs circuit
INFO     executor:executor.py:852 Execution of qulacs successful
INFO     executor:executor.py:849 Execution of qulacs circuit
INFO     executor:executor.py:852 Execution of qulacs successful
INFO     executor:executor.py:849 Execution of qulacs circuit
INFO     executor:executor.py:852 Execution of qulacs successful
INFO     executor:executor.py:849 Execution of qulacs circuit
INFO     executor:executor.py:852 Execution of qulacs successful
INFO     executor:executor.py:849 Execution of qulacs circuit
INFO     executor:executor.py:852 Execution of qulacs successful
INFO     executor:executor.py:849 Execution of qulacs circuit
INFO     executor:executor.py:852 Execution of qulacs successful
INFO     executor:executor.py:849 Execution of qulacs circuit
INFO     executor:executor.py:852 Execution of qulacs successful
INFO     executor:executor.py:849 Execution of qulacs circuit
INFO     executor:executor.py:852 Execution of qulacs successful
INFO     executor:executor.py:849 Execution of qulacs circuit
INFO     executor:executor.py:852 Execution of qulacs successful
INFO     executor:executor.py:849 Execution of qulacs circuit
INFO     executor:executor.py:852 Execution of qulacs successful
INFO     executor:executor.py:849 Execution of qulacs circuit
INFO     executor:executor.py:852 Execution of qulacs successful
INFO     executor:executor.py:849 Execution of qulacs circuit
INFO     executor:executor.py:852 Execution of qulacs successful
INFO     executor:executor.py:849 Execution of qulacs circuit
INFO     executor:executor.py:852 Execution of qulacs successful
INFO     executor:executor.py:849 Execution of qulacs circuit
INFO     executor:executor.py:852 Execution of qulacs successful
INFO     executor:executor.py:849 Execution of qulacs circuit
INFO     executor:executor.py:852 Execution of qulacs successful
INFO     executor:executor.py:849 Execution of qulacs circuit
INFO     executor:executor.py:852 Execution of qulacs successful
INFO     executor:executor.py:849 Execution of qulacs circuit
INFO     executor:executor.py:852 Execution of qulacs successful
INFO     executor:executor.py:849 Execution of qulacs circuit
INFO     executor:executor.py:852 Execution of qulacs successful
INFO     executor:executor.py:849 Execution of qulacs circuit
INFO     executor:executor.py:852 Execution of qulacs successful
INFO     executor:executor.py:849 Execution of qulacs circuit
INFO     executor:executor.py:852 Execution of qulacs successful
INFO     executor:executor.py:849 Execution of qulacs circuit
INFO     executor:executor.py:852 Execution of qulacs successful
INFO     executor:executor.py:849 Execution of qulacs circuit
INFO     executor:executor.py:852 Execution of qulacs successful
INFO     executor:executor.py:849 Execution of qulacs circuit
INFO     executor:executor.py:852 Execution of qulacs successful
INFO     executor:executor.py:849 Execution of qulacs circuit
INFO     executor:executor.py:852 Execution of qulacs successful
INFO     executor:executor.py:849 Execution of qulacs circuit
INFO     executor:executor.py:852 Execution of qulacs successful
INFO     executor:executor.py:849 Execution of qulacs circuit
INFO     executor:executor.py:852 Execution of qulacs successful
INFO     executor:executor.py:849 Execution of qulacs circuit
INFO     executor:executor.py:852 Execution of qulacs successful
INFO     executor:executor.py:849 Execution of qulacs circuit
INFO     executor:executor.py:852 Execution of qulacs successful
INFO     executor:executor.py:849 Execution of qulacs circuit
INFO     executor:executor.py:852 Execution of qulacs successful
INFO     executor:executor.py:849 Execution of qulacs circuit
INFO     executor:executor.py:852 Execution of qulacs successful
INFO     executor:executor.py:849 Execution of qulacs circuit
INFO     executor:executor.py:852 Execution of qulacs successful
=========================== short test summary info ============================
FAILED tests/qnn/test_qnnr.py::TestQNNRegressor::test_serialization[qulacs]
1 failed, 3 warnings in 3.30s
