#0 building with "desktop-linux" instance using docker driver

#1 [internal] load build definition from Dockerfile
#1 transferring dockerfile: 606B done
#1 DONE 0.0s

#2 [internal] load metadata for docker.io/library/benchmark-base:openqaoa_36_71
#2 DONE 0.0s

#3 [internal] load .dockerignore
#3 transferring context: 2B done
#3 DONE 0.0s

#4 [internal] load build context
#4 transferring context: 3.42kB done
#4 DONE 0.0s

#5 [1/2] FROM docker.io/library/benchmark-base:openqaoa_36_71
#5 DONE 0.1s

#6 [2/2] COPY run.sh /benchmark/run.sh
#6 DONE 0.7s

#7 exporting to image
#7 exporting layers 0.0s done
#7 writing image sha256:b843d5bcd2766ee35f6206e62bbf38ab6301419692c3c3b703d308b24dbb2bca done
#7 naming to docker.io/library/benchmark-openqaoa_36_71:latest 0.0s done
#7 DONE 0.1s
