#0 building with "desktop-linux" instance using docker driver

#1 [internal] load build definition from Dockerfile
#1 transferring dockerfile: 628B done
#1 DONE 0.0s

#2 [internal] load metadata for docker.io/library/benchmark-base:openqaoa_36_71
#2 DONE 0.0s

#3 [internal] load .dockerignore
#3 transferring context: 2B done
#3 DONE 0.0s

#4 [1/2] FROM docker.io/library/benchmark-base:openqaoa_36_71
#4 CACHED

#5 [internal] load build context
#5 transferring context: 4.36kB done
#5 DONE 0.0s

#6 [2/2] COPY run.sh evaluator.py test_plan.json /benchmark/
#6 DONE 0.1s

#7 exporting to image
#7 exporting layers 0.1s done
#7 writing image sha256:f547d394c2614f2ebdaec134508b29229a1e0293317d39e1eba8211122985c75
#7 writing image sha256:f547d394c2614f2ebdaec134508b29229a1e0293317d39e1eba8211122985c75 done
#7 naming to docker.io/library/benchmark-openqaoa_36_71:latest done
#7 DONE 0.1s
