#0 building with "desktop-linux" instance using docker driver

#1 [internal] load build definition from Dockerfile
#1 transferring dockerfile: 668B done
#1 DONE 0.0s

#2 [internal] load metadata for docker.io/library/benchmark-base:openqaoa_36_71
#2 DONE 0.0s

#3 [internal] load .dockerignore
#3 transferring context: 2B done
#3 DONE 0.0s

#4 [1/3] FROM docker.io/library/benchmark-base:openqaoa_36_71
#4 DONE 0.0s

#5 [internal] load build context
#5 transferring context: 5.10kB done
#5 DONE 0.0s

#6 [2/3] COPY run.sh evaluator.py test_plan.json /benchmark/
#6 CACHED

#7 [3/3] COPY sample.json /benchmark/sample.json
#7 DONE 0.1s

#8 exporting to image
#8 exporting layers 0.0s done
#8 writing image sha256:4939c968ef4c6f66cd441c350ad981900ea28d4541a5ae96e26908b135cd8f8d done
#8 naming to docker.io/library/benchmark-openqaoa_36_71:latest done
#8 DONE 0.0s
