#0 building with "desktop-linux" instance using docker driver

#1 [internal] load build definition from Dockerfile.repo-base
#1 transferring dockerfile: 1.21kB done
#1 DONE 0.1s

#2 [internal] load metadata for docker.io/library/qfea-python310:trixie-db7a1753878f
#2 DONE 0.0s

#3 [internal] load .dockerignore
#3 transferring context:
#3 transferring context: 2B done
#3 DONE 0.1s

#4 [stage-0 1/7] FROM docker.io/library/qfea-python310:trixie-db7a1753878f
#4 DONE 0.0s

#5 [internal] load build context
#5 transferring context: 13.61MB 0.1s done
#5 DONE 0.2s

#6 [stage-0 2/7] RUN sed -i "s|http://deb.debian.org/debian-security|https://mirrors.tuna.tsinghua.edu.cn/debian-security|g; s|http://deb.debian.org/debian|https://mirrors.tuna.tsinghua.edu.cn/debian|g" /etc/apt/sources.list.d/debian.sources && apt-get -o Acquire::Retries=3 update && apt-get install -y --no-install-recommends git gcc g++ gfortran make libgomp1 && rm -rf /var/lib/apt/lists/*
#6 CACHED

#7 [stage-0 3/7] WORKDIR /workspace/repo
#7 CACHED

#8 [stage-0 4/7] ADD source.tar.gz /workspace/repo
#8 DONE 0.4s

#9 [stage-0 5/7] RUN git checkout --detach 1b0adcd9d26f56ce19ae8122e8631901c5b303df && git cat-file -e e3866c7448a9d05e4ba2360fdc9b309168caa3e1^{commit}
#9 0.170 fatal: detected dubious ownership in repository at '/workspace/repo'
#9 0.170 To add an exception for this directory, call:
#9 0.170 
#9 0.170 	git config --global --add safe.directory /workspace/repo
#9 ERROR: process "/bin/sh -c git checkout --detach 1b0adcd9d26f56ce19ae8122e8631901c5b303df && git cat-file -e e3866c7448a9d05e4ba2360fdc9b309168caa3e1^{commit}" did not complete successfully: exit code: 128
------
 > [stage-0 5/7] RUN git checkout --detach 1b0adcd9d26f56ce19ae8122e8631901c5b303df && git cat-file -e e3866c7448a9d05e4ba2360fdc9b309168caa3e1^{commit}:
0.170 fatal: detected dubious ownership in repository at '/workspace/repo'
0.170 To add an exception for this directory, call:
0.170 
0.170 	git config --global --add safe.directory /workspace/repo
------
Dockerfile.repo-base:9
--------------------
   7 |     WORKDIR /workspace/repo
   8 |     ADD source.tar.gz /workspace/repo
   9 | >>> RUN git checkout --detach 1b0adcd9d26f56ce19ae8122e8631901c5b303df && git cat-file -e e3866c7448a9d05e4ba2360fdc9b309168caa3e1^{commit}
  10 |     COPY constraints.txt /opt/constraints.txt
  11 |     RUN --mount=type=cache,id=quanbench-pip,target=/root/.cache/pip python -m pip install 'pip<25' 'setuptools<81' wheel && python -m pip install -c /opt/constraints.txt -e . pytest && python -m pip freeze > /opt/build-freeze.txt
--------------------
ERROR: failed to solve: process "/bin/sh -c git checkout --detach 1b0adcd9d26f56ce19ae8122e8631901c5b303df && git cat-file -e e3866c7448a9d05e4ba2360fdc9b309168caa3e1^{commit}" did not complete successfully: exit code: 128
