#0 building with "desktop-linux" instance using docker driver

#1 [internal] load build definition from Dockerfile
#1 transferring dockerfile: 592B done
#1 DONE 0.0s

#2 [internal] load metadata for docker.io/library/benchmark-base:squlearn_266_301
#2 DONE 0.0s

#3 [internal] load .dockerignore
#3 transferring context: 2B done
#3 DONE 0.0s

#4 [internal] load build context
#4 transferring context: 3.42kB done
#4 DONE 0.1s

#5 [1/2] FROM docker.io/library/benchmark-base:squlearn_266_301
#5 DONE 0.3s

#6 [2/2] COPY run.sh /benchmark/run.sh
#6 DONE 0.3s

#7 exporting to image
#7 exporting layers 0.1s done
#7 writing image sha256:79f625f4b3e7e39635531fac87ea9c5959c41b46e41cadf70b5a83b8dcfe1f1d done
#7 naming to docker.io/library/benchmark-squlearn_266_301:latest 0.0s done
#7 DONE 0.1s
