#0 building with "desktop-linux" instance using docker driver

#1 [internal] load build definition from Dockerfile
#1 transferring dockerfile: 614B 0.0s done
#1 DONE 0.1s

#2 [internal] load metadata for docker.io/library/benchmark-base:squlearn_266_301
#2 DONE 0.0s

#3 [internal] load .dockerignore
#3 transferring context: 2B done
#3 DONE 0.0s

#4 [1/2] FROM docker.io/library/benchmark-base:squlearn_266_301
#4 CACHED

#5 [internal] load build context
#5 transferring context: 8.35kB done
#5 DONE 0.0s

#6 [2/2] COPY run.sh evaluator.py test_plan.json /benchmark/
#6 DONE 0.2s

#7 exporting to image
#7 exporting layers 0.0s done
#7 writing image sha256:05ff08bdc96d9f4010173276ad3dfe8e9f42eb142c1a7d43026a7db00eb560aa done
#7 naming to docker.io/library/benchmark-squlearn_266_301:latest done
#7 DONE 0.0s
