#0 building with "desktop-linux" instance using docker driver

#1 [internal] load build definition from Dockerfile
#1 transferring dockerfile: 654B done
#1 DONE 0.0s

#2 [internal] load metadata for docker.io/library/benchmark-base:squlearn_266_301
#2 DONE 0.0s

#3 [internal] load .dockerignore
#3 transferring context: 2B done
#3 DONE 0.0s

#4 [1/3] FROM docker.io/library/benchmark-base:squlearn_266_301
#4 DONE 0.0s

#5 [internal] load build context
#5 transferring context: 29.20kB done
#5 DONE 0.0s

#6 [2/3] COPY run.sh evaluator.py test_plan.json /benchmark/
#6 CACHED

#7 [3/3] COPY sample.json /benchmark/sample.json
#7 DONE 0.1s

#8 exporting to image
#8 exporting layers 0.0s done
#8 writing image sha256:2cd3e8a642d9b380689c69f82875be33dac9714696f339d2e7c6c7493c278754 done
#8 naming to docker.io/library/benchmark-squlearn_266_301:latest done
#8 DONE 0.0s
