#0 building with "desktop-linux" instance using docker driver

#1 [internal] load build definition from Dockerfile.repo-base
#1 transferring dockerfile: 983B done
#1 DONE 0.0s

#2 [internal] load metadata for docker.io/library/qfea-python310:trixie-db7a1753878f
#2 DONE 0.0s

#3 [internal] load .dockerignore
#3 transferring context: 2B done
#3 DONE 0.0s

#4 [stage-0 1/6] FROM docker.io/library/qfea-python310:trixie-db7a1753878f
#4 CACHED

#5 [internal] load build context
#5 transferring context: 43B done
#5 DONE 0.0s

#6 [stage-0 2/6] RUN apt-get update && apt-get install -y --no-install-recommends git gcc g++ gfortran make libgomp1 && rm -rf /var/lib/apt/lists/*
#6 2.525 Get:1 http://deb.debian.org/debian trixie InRelease [140 kB]
#6 3.747 Get:2 http://deb.debian.org/debian trixie-updates InRelease [47.3 kB]
#6 5.063 Get:3 http://deb.debian.org/debian-security trixie-security InRelease [43.4 kB]
#6 65.14 Ign:4 http://deb.debian.org/debian trixie/main amd64 Packages
#6 66.23 Get:5 http://deb.debian.org/debian trixie-updates/main amd64 Packages [4412 B]
#6 68.46 Get:6 http://deb.debian.org/debian-security trixie-security/main amd64 Packages [263 kB]
#6 98.50 Ign:4 http://deb.debian.org/debian trixie/main amd64 Packages
#6 160.6 Ign:4 http://deb.debian.org/debian trixie/main amd64 Packages
#6 CANCELED
ERROR: failed to solve: Canceled: context canceled
