#0 building with "desktop-linux" instance using docker driver

#1 [internal] load build definition from Dockerfile
#1 transferring dockerfile:
#1 transferring dockerfile: 616B done
#1 DONE 0.1s

#2 [internal] load metadata for docker.io/library/benchmark-base:tequila_400_411
#2 DONE 0.0s

#3 [internal] load .dockerignore
#3 transferring context: 2B done
#3 DONE 0.1s

#4 [1/2] FROM docker.io/library/benchmark-base:tequila_400_411
#4 CACHED

#5 [internal] load build context
#5 transferring context: 4.70kB 0.0s done
#5 DONE 0.0s

#6 [2/2] COPY run.sh evaluator.py test_plan.json /benchmark/
#6 DONE 0.1s

#7 exporting to image
#7 exporting layers 0.1s done
#7 writing image sha256:3833a1ed20cea4eef0458d228371f3f65c256faab6ab9c4937d0740a69c77f0e done
#7 naming to docker.io/library/benchmark-tequila_400_411:latest 0.0s done
#7 DONE 0.1s
