Warning: you are leaving 1 commit behind, not connected to
any of your branches:

  1406d26 - Fixes #403 (#407)

If you want to keep it by creating a new branch, this may be a good time
to do so with:

 git branch <new-branch-name> 1406d26

HEAD is now at 2d0f1b8 Implement optimized compiling for general QubitExcitations beyond single and double (#411)
Removing src/tequila_basic.egg-info/
FF                                                                       [100%]
=================================== FAILURES ===================================
____________________________ test_circuit_to_matrix ____________________________

    @pytest.mark.skipif(condition=not HAS_QUIMB, reason="quimb not installed")
    def test_circuit_to_matrix():
        """
        Test the conversion of a 3-qubit circuit to a unitary matrix.
        """
        circuit = tq.gates.H(target=0) + tq.gates.CNOT(target=1,control=0) + tq.gates.CNOT(target=2,control=1)
    
        # Convert the circuit to a unitary matrix
>       unitary_matrix = circuit.to_matrix()
E       AttributeError: 'QCircuit' object has no attribute 'to_matrix'

tests/test_circuit_unitary.py:74: AttributeError
______________________ test_circuit_to_matrix_with_params ______________________

    @pytest.mark.skipif(condition=not HAS_QUIMB, reason="quimb not installed")
    def test_circuit_to_matrix_with_params():
        PM = np.kron(tq.paulis.Y(0).to_matrix(), tq.paulis.X(0).to_matrix())
        U = tq.gates.ExpPauli(paulistring="X(0)Y(1)", angle="a")
    
        N = 2**2
    
        for a in [1.0, 2.0, -1.0]:
>           UM1 = U.to_matrix({"a":a})
E           AttributeError: 'QCircuit' object has no attribute 'to_matrix'

tests/test_circuit_unitary.py:87: AttributeError
=========================== short test summary info ============================
FAILED tests/test_circuit_unitary.py::test_circuit_to_matrix - AttributeError...
FAILED tests/test_circuit_unitary.py::test_circuit_to_matrix_with_params - At...
2 failed, 8 warnings in 6.61s
