Warning: you are leaving 1 commit behind, not connected to
any of your branches:

  0f8d280 Add max_dim argument to diagonalize_fermionic_hamiltonian (#230)

If you want to keep it by creating a new branch, this may be a good time
to do so with:

 git branch <new-branch-name> 0f8d280

HEAD is now at 780c30c Bump mypy from 1.16.0 to 1.16.1 (#228)
F                                                                        [100%]
=================================== FAILURES ===================================
__________ TestFermion.test_diagonalize_fermionic_hamiltonian_max_dim __________

self = <test.test_fermion.TestFermion testMethod=test_diagonalize_fermionic_hamiltonian_max_dim>

    def test_diagonalize_fermionic_hamiltonian_max_dim(self):
        """Test diagonalize_fermionic_hamiltonian with maximum dimension."""
        # Build N2 molecule
        mol = pyscf.gto.Mole()
        mol.build(
            atom=[["N", (0, 0, 0)], ["N", (1.0, 0, 0)]],
            basis="sto-6g",
            symmetry="Dooh",
        )
    
        # Define active space
        n_frozen = 2
        active_space = range(n_frozen, mol.nao_nr())
    
        # Get molecular integrals
        scf = pyscf.scf.RHF(mol).run()
        norb = len(active_space)
        n_electrons = int(sum(scf.mo_occ[active_space]))
        n_alpha = (n_electrons + mol.spin) // 2
        n_beta = (n_electrons - mol.spin) // 2
        nelec = (n_alpha, n_beta)
        cas = pyscf.mcscf.CASCI(scf, norb, nelec)
        mo = cas.sort_mo(active_space, base=0)
        hcore, nuclear_repulsion_energy = cas.get_h1cas(mo)
        eri = pyscf.ao2mo.restore(1, cas.get_h2cas(mo), norb)
        dim_a = math.comb(norb, n_alpha)
        dim_b = math.comb(norb, n_beta)
        fci_dim = dim_a * dim_b
    
        # Compute exact energy
        _, _, fci_vec, _, _ = cas.kernel()
    
        # Generate samples from ground state
        fci_vec = fci_vec.reshape(-1)
        probs = np.abs(fci_vec) ** 2
        addresses = self.rng.choice(fci_dim, size=10_000, p=probs)
        indices_a, indices_b = np.divmod(addresses, dim_b)
        strings_a = [int(s) for s in cistring.addrs2str(norb=norb, nelec=n_alpha, addrs=indices_a)]
        strings_b = [int(s) for s in cistring.addrs2str(norb=norb, nelec=n_beta, addrs=indices_b)]
        strings = [(sb << norb) + sa for sa, sb in zip(strings_a, strings_b)]
        bit_array_ground_state = BitArray.from_samples(strings, num_bits=2 * norb)
    
        # Generate random bitstrings
        bit_array_random = generate_bit_array_uniform(2_000, 2 * norb, rand_seed=self.rng)
    
        # Merge bitstrings
        bit_array = BitArray.concatenate_shots([bit_array_ground_state, bit_array_random])
    
        # Diagonalize
>       result = diagonalize_fermionic_hamiltonian(
            hcore,
            eri,
            bit_array,
            samples_per_batch=10,
            norb=norb,
            nelec=nelec,
            max_iterations=5,
            symmetrize_spin=True,
            max_dim=10,
            seed=self.rng,
        )
E       TypeError: diagonalize_fermionic_hamiltonian() got an unexpected keyword argument 'max_dim'

test/test_fermion.py:171: TypeError
----------------------------- Captured stdout call -----------------------------

WARN: Unable to to identify input symmetry using original axes.
Different symmetry axes will be used.

converged SCF energy = -108.464957764796
CASCI E = -108.595987350986  E(CI) = -32.4115475088426  S^2 = 0.0000000
=========================== short test summary info ============================
FAILED test/test_fermion.py::TestFermion::test_diagonalize_fermionic_hamiltonian_max_dim
1 failed in 1.79s
