HEAD is now at 1b0adcd Remove need for `num_features` before fitting  (#301)

==================================== ERRORS ====================================
_ ERROR collecting tests/encoding_circuit/circuit_library/test_multi_control_encoding_circuit.py _
ImportError while importing test module '/workspace/repo/tests/encoding_circuit/circuit_library/test_multi_control_encoding_circuit.py'.
Hint: make sure your test modules/packages have valid Python names.
Traceback:
tests/encoding_circuit/circuit_library/test_multi_control_encoding_circuit.py:4: in <module>
    from squlearn import Executor
src/squlearn/__init__.py:3: in <module>
    from .util import Executor
src/squlearn/util/__init__.py:1: in <module>
    from .executor import Executor
src/squlearn/util/executor.py:47: in <module>
    from qiskit_algorithms.utils import algorithm_globals as qiskit_algorithm_globals
/usr/local/lib/python3.10/site-packages/qiskit_algorithms/__init__.py:307: in <module>
    from .minimum_eigensolvers import (
/usr/local/lib/python3.10/site-packages/qiskit_algorithms/minimum_eigensolvers/__init__.py:15: in <module>
    from .adapt_vqe import AdaptVQE, AdaptVQEResult
/usr/local/lib/python3.10/site-packages/qiskit_algorithms/minimum_eigensolvers/adapt_vqe.py:25: in <module>
    from qiskit.circuit.library import EvolvedOperatorAnsatz, evolved_operator_ansatz
E   ImportError: cannot import name 'evolved_operator_ansatz' from 'qiskit.circuit.library' (/usr/local/lib/python3.10/site-packages/qiskit/circuit/library/__init__.py)
_ ERROR collecting tests/encoding_circuit/circuit_library/test_random_layered_encoding_circuit.py _
ImportError while importing test module '/workspace/repo/tests/encoding_circuit/circuit_library/test_random_layered_encoding_circuit.py'.
Hint: make sure your test modules/packages have valid Python names.
Traceback:
tests/encoding_circuit/circuit_library/test_random_layered_encoding_circuit.py:4: in <module>
    from squlearn import Executor
src/squlearn/__init__.py:4: in <module>
    from . import observables, encoding_circuit, kernel, optimizers, qnn, util
src/squlearn/kernel/__init__.py:1: in <module>
    from .lowlevel_kernel import FidelityKernel, ProjectedQuantumKernel, KernelOptimizer
src/squlearn/kernel/lowlevel_kernel/__init__.py:1: in <module>
    from .fidelity_kernel import FidelityKernel
src/squlearn/kernel/lowlevel_kernel/fidelity_kernel.py:21: in <module>
    from .fidelity_kernel_expectation_value import FidelityKernelExpectationValue
src/squlearn/kernel/lowlevel_kernel/fidelity_kernel_expectation_value.py:15: in <module>
    from ...qnn.lowlevel_qnn import LowLevelQNN
src/squlearn/qnn/__init__.py:4: in <module>
    from .qnnc import QNNClassifier
src/squlearn/qnn/qnnc.py:24: in <module>
    from .base_qnn import BaseQNN
src/squlearn/qnn/base_qnn.py:27: in <module>
    from ..optimizers.optimizer_base import OptimizerBase, SGDMixin
src/squlearn/optimizers/__init__.py:5: in <module>
    from .optimizers_wrapper import SLSQP, SPSA, LBFGSB
src/squlearn/optimizers/optimizers_wrapper.py:4: in <module>
    import qiskit_algorithms.optimizers as qiskit_optimizers
/usr/local/lib/python3.10/site-packages/qiskit_algorithms/__init__.py:307: in <module>
    from .minimum_eigensolvers import (
/usr/local/lib/python3.10/site-packages/qiskit_algorithms/minimum_eigensolvers/__init__.py:15: in <module>
    from .adapt_vqe import AdaptVQE, AdaptVQEResult
/usr/local/lib/python3.10/site-packages/qiskit_algorithms/minimum_eigensolvers/adapt_vqe.py:25: in <module>
    from qiskit.circuit.library import EvolvedOperatorAnsatz, evolved_operator_ansatz
E   ImportError: cannot import name 'evolved_operator_ansatz' from 'qiskit.circuit.library' (/usr/local/lib/python3.10/site-packages/qiskit/circuit/library/__init__.py)
_ ERROR collecting tests/encoding_circuit/circuit_library/test_param_z_feature_map.py _
ImportError while importing test module '/workspace/repo/tests/encoding_circuit/circuit_library/test_param_z_feature_map.py'.
Hint: make sure your test modules/packages have valid Python names.
Traceback:
tests/encoding_circuit/circuit_library/test_param_z_feature_map.py:4: in <module>
    from squlearn import Executor
src/squlearn/__init__.py:4: in <module>
    from . import observables, encoding_circuit, kernel, optimizers, qnn, util
src/squlearn/optimizers/__init__.py:5: in <module>
    from .optimizers_wrapper import SLSQP, SPSA, LBFGSB
src/squlearn/optimizers/optimizers_wrapper.py:4: in <module>
    import qiskit_algorithms.optimizers as qiskit_optimizers
/usr/local/lib/python3.10/site-packages/qiskit_algorithms/__init__.py:307: in <module>
    from .minimum_eigensolvers import (
/usr/local/lib/python3.10/site-packages/qiskit_algorithms/minimum_eigensolvers/__init__.py:15: in <module>
    from .adapt_vqe import AdaptVQE, AdaptVQEResult
/usr/local/lib/python3.10/site-packages/qiskit_algorithms/minimum_eigensolvers/adapt_vqe.py:25: in <module>
    from qiskit.circuit.library import EvolvedOperatorAnsatz, evolved_operator_ansatz
E   ImportError: cannot import name 'evolved_operator_ansatz' from 'qiskit.circuit.library' (/usr/local/lib/python3.10/site-packages/qiskit/circuit/library/__init__.py)
_ ERROR collecting tests/encoding_circuit/circuit_library/test_kyriienko_encoding_circuit.py _
ImportError while importing test module '/workspace/repo/tests/encoding_circuit/circuit_library/test_kyriienko_encoding_circuit.py'.
Hint: make sure your test modules/packages have valid Python names.
Traceback:
tests/encoding_circuit/circuit_library/test_kyriienko_encoding_circuit.py:4: in <module>
    from squlearn import Executor
src/squlearn/__init__.py:4: in <module>
    from . import observables, encoding_circuit, kernel, optimizers, qnn, util
src/squlearn/optimizers/__init__.py:5: in <module>
    from .optimizers_wrapper import SLSQP, SPSA, LBFGSB
src/squlearn/optimizers/optimizers_wrapper.py:4: in <module>
    import qiskit_algorithms.optimizers as qiskit_optimizers
/usr/local/lib/python3.10/site-packages/qiskit_algorithms/__init__.py:307: in <module>
    from .minimum_eigensolvers import (
/usr/local/lib/python3.10/site-packages/qiskit_algorithms/minimum_eigensolvers/__init__.py:15: in <module>
    from .adapt_vqe import AdaptVQE, AdaptVQEResult
/usr/local/lib/python3.10/site-packages/qiskit_algorithms/minimum_eigensolvers/adapt_vqe.py:25: in <module>
    from qiskit.circuit.library import EvolvedOperatorAnsatz, evolved_operator_ansatz
E   ImportError: cannot import name 'evolved_operator_ansatz' from 'qiskit.circuit.library' (/usr/local/lib/python3.10/site-packages/qiskit/circuit/library/__init__.py)
_ ERROR collecting tests/encoding_circuit/circuit_library/test_high_dim_encoding_circuit.py _
ImportError while importing test module '/workspace/repo/tests/encoding_circuit/circuit_library/test_high_dim_encoding_circuit.py'.
Hint: make sure your test modules/packages have valid Python names.
Traceback:
tests/encoding_circuit/circuit_library/test_high_dim_encoding_circuit.py:5: in <module>
    from squlearn import Executor
src/squlearn/__init__.py:4: in <module>
    from . import observables, encoding_circuit, kernel, optimizers, qnn, util
src/squlearn/optimizers/__init__.py:5: in <module>
    from .optimizers_wrapper import SLSQP, SPSA, LBFGSB
src/squlearn/optimizers/optimizers_wrapper.py:4: in <module>
    import qiskit_algorithms.optimizers as qiskit_optimizers
/usr/local/lib/python3.10/site-packages/qiskit_algorithms/__init__.py:307: in <module>
    from .minimum_eigensolvers import (
/usr/local/lib/python3.10/site-packages/qiskit_algorithms/minimum_eigensolvers/__init__.py:15: in <module>
    from .adapt_vqe import AdaptVQE, AdaptVQEResult
/usr/local/lib/python3.10/site-packages/qiskit_algorithms/minimum_eigensolvers/adapt_vqe.py:25: in <module>
    from qiskit.circuit.library import EvolvedOperatorAnsatz, evolved_operator_ansatz
E   ImportError: cannot import name 'evolved_operator_ansatz' from 'qiskit.circuit.library' (/usr/local/lib/python3.10/site-packages/qiskit/circuit/library/__init__.py)
_ ERROR collecting tests/encoding_circuit/circuit_library/test_hubregtsen_encoding_circuit.py _
ImportError while importing test module '/workspace/repo/tests/encoding_circuit/circuit_library/test_hubregtsen_encoding_circuit.py'.
Hint: make sure your test modules/packages have valid Python names.
Traceback:
tests/encoding_circuit/circuit_library/test_hubregtsen_encoding_circuit.py:4: in <module>
    from squlearn import Executor
src/squlearn/__init__.py:4: in <module>
    from . import observables, encoding_circuit, kernel, optimizers, qnn, util
src/squlearn/optimizers/__init__.py:5: in <module>
    from .optimizers_wrapper import SLSQP, SPSA, LBFGSB
src/squlearn/optimizers/optimizers_wrapper.py:4: in <module>
    import qiskit_algorithms.optimizers as qiskit_optimizers
/usr/local/lib/python3.10/site-packages/qiskit_algorithms/__init__.py:307: in <module>
    from .minimum_eigensolvers import (
/usr/local/lib/python3.10/site-packages/qiskit_algorithms/minimum_eigensolvers/__init__.py:15: in <module>
    from .adapt_vqe import AdaptVQE, AdaptVQEResult
/usr/local/lib/python3.10/site-packages/qiskit_algorithms/minimum_eigensolvers/adapt_vqe.py:25: in <module>
    from qiskit.circuit.library import EvolvedOperatorAnsatz, evolved_operator_ansatz
E   ImportError: cannot import name 'evolved_operator_ansatz' from 'qiskit.circuit.library' (/usr/local/lib/python3.10/site-packages/qiskit/circuit/library/__init__.py)
_ ERROR collecting tests/encoding_circuit/circuit_library/test_random_encoding_circuit.py _
ImportError while importing test module '/workspace/repo/tests/encoding_circuit/circuit_library/test_random_encoding_circuit.py'.
Hint: make sure your test modules/packages have valid Python names.
Traceback:
tests/encoding_circuit/circuit_library/test_random_encoding_circuit.py:5: in <module>
    from squlearn import Executor
src/squlearn/__init__.py:4: in <module>
    from . import observables, encoding_circuit, kernel, optimizers, qnn, util
src/squlearn/optimizers/__init__.py:5: in <module>
    from .optimizers_wrapper import SLSQP, SPSA, LBFGSB
src/squlearn/optimizers/optimizers_wrapper.py:4: in <module>
    import qiskit_algorithms.optimizers as qiskit_optimizers
/usr/local/lib/python3.10/site-packages/qiskit_algorithms/__init__.py:307: in <module>
    from .minimum_eigensolvers import (
/usr/local/lib/python3.10/site-packages/qiskit_algorithms/minimum_eigensolvers/__init__.py:15: in <module>
    from .adapt_vqe import AdaptVQE, AdaptVQEResult
/usr/local/lib/python3.10/site-packages/qiskit_algorithms/minimum_eigensolvers/adapt_vqe.py:25: in <module>
    from qiskit.circuit.library import EvolvedOperatorAnsatz, evolved_operator_ansatz
E   ImportError: cannot import name 'evolved_operator_ansatz' from 'qiskit.circuit.library' (/usr/local/lib/python3.10/site-packages/qiskit/circuit/library/__init__.py)
_ ERROR collecting tests/encoding_circuit/circuit_library/test_chebyshev_tower.py _
ImportError while importing test module '/workspace/repo/tests/encoding_circuit/circuit_library/test_chebyshev_tower.py'.
Hint: make sure your test modules/packages have valid Python names.
Traceback:
tests/encoding_circuit/circuit_library/test_chebyshev_tower.py:4: in <module>
    from squlearn import Executor
src/squlearn/__init__.py:4: in <module>
    from . import observables, encoding_circuit, kernel, optimizers, qnn, util
src/squlearn/optimizers/__init__.py:5: in <module>
    from .optimizers_wrapper import SLSQP, SPSA, LBFGSB
src/squlearn/optimizers/optimizers_wrapper.py:4: in <module>
    import qiskit_algorithms.optimizers as qiskit_optimizers
/usr/local/lib/python3.10/site-packages/qiskit_algorithms/__init__.py:307: in <module>
    from .minimum_eigensolvers import (
/usr/local/lib/python3.10/site-packages/qiskit_algorithms/minimum_eigensolvers/__init__.py:15: in <module>
    from .adapt_vqe import AdaptVQE, AdaptVQEResult
/usr/local/lib/python3.10/site-packages/qiskit_algorithms/minimum_eigensolvers/adapt_vqe.py:25: in <module>
    from qiskit.circuit.library import EvolvedOperatorAnsatz, evolved_operator_ansatz
E   ImportError: cannot import name 'evolved_operator_ansatz' from 'qiskit.circuit.library' (/usr/local/lib/python3.10/site-packages/qiskit/circuit/library/__init__.py)
_ ERROR collecting tests/encoding_circuit/circuit_library/test_chebyshev_pqc.py _
ImportError while importing test module '/workspace/repo/tests/encoding_circuit/circuit_library/test_chebyshev_pqc.py'.
Hint: make sure your test modules/packages have valid Python names.
Traceback:
tests/encoding_circuit/circuit_library/test_chebyshev_pqc.py:4: in <module>
    from squlearn import Executor
src/squlearn/__init__.py:4: in <module>
    from . import observables, encoding_circuit, kernel, optimizers, qnn, util
src/squlearn/optimizers/__init__.py:5: in <module>
    from .optimizers_wrapper import SLSQP, SPSA, LBFGSB
src/squlearn/optimizers/optimizers_wrapper.py:4: in <module>
    import qiskit_algorithms.optimizers as qiskit_optimizers
/usr/local/lib/python3.10/site-packages/qiskit_algorithms/__init__.py:307: in <module>
    from .minimum_eigensolvers import (
/usr/local/lib/python3.10/site-packages/qiskit_algorithms/minimum_eigensolvers/__init__.py:15: in <module>
    from .adapt_vqe import AdaptVQE, AdaptVQEResult
/usr/local/lib/python3.10/site-packages/qiskit_algorithms/minimum_eigensolvers/adapt_vqe.py:25: in <module>
    from qiskit.circuit.library import EvolvedOperatorAnsatz, evolved_operator_ansatz
E   ImportError: cannot import name 'evolved_operator_ansatz' from 'qiskit.circuit.library' (/usr/local/lib/python3.10/site-packages/qiskit/circuit/library/__init__.py)
_ ERROR collecting tests/encoding_circuit/circuit_library/test_chebyshev_rx.py _
ImportError while importing test module '/workspace/repo/tests/encoding_circuit/circuit_library/test_chebyshev_rx.py'.
Hint: make sure your test modules/packages have valid Python names.
Traceback:
tests/encoding_circuit/circuit_library/test_chebyshev_rx.py:2: in <module>
    from squlearn import Executor
src/squlearn/__init__.py:4: in <module>
    from . import observables, encoding_circuit, kernel, optimizers, qnn, util
src/squlearn/optimizers/__init__.py:5: in <module>
    from .optimizers_wrapper import SLSQP, SPSA, LBFGSB
src/squlearn/optimizers/optimizers_wrapper.py:4: in <module>
    import qiskit_algorithms.optimizers as qiskit_optimizers
/usr/local/lib/python3.10/site-packages/qiskit_algorithms/__init__.py:307: in <module>
    from .minimum_eigensolvers import (
/usr/local/lib/python3.10/site-packages/qiskit_algorithms/minimum_eigensolvers/__init__.py:15: in <module>
    from .adapt_vqe import AdaptVQE, AdaptVQEResult
/usr/local/lib/python3.10/site-packages/qiskit_algorithms/minimum_eigensolvers/adapt_vqe.py:25: in <module>
    from qiskit.circuit.library import EvolvedOperatorAnsatz, evolved_operator_ansatz
E   ImportError: cannot import name 'evolved_operator_ansatz' from 'qiskit.circuit.library' (/usr/local/lib/python3.10/site-packages/qiskit/circuit/library/__init__.py)
________________ ERROR collecting tests/kernel/ml/test_qsvr.py _________________
ImportError while importing test module '/workspace/repo/tests/kernel/ml/test_qsvr.py'.
Hint: make sure your test modules/packages have valid Python names.
Traceback:
tests/kernel/ml/test_qsvr.py:11: in <module>
    from squlearn import Executor
src/squlearn/__init__.py:4: in <module>
    from . import observables, encoding_circuit, kernel, optimizers, qnn, util
src/squlearn/optimizers/__init__.py:5: in <module>
    from .optimizers_wrapper import SLSQP, SPSA, LBFGSB
src/squlearn/optimizers/optimizers_wrapper.py:4: in <module>
    import qiskit_algorithms.optimizers as qiskit_optimizers
/usr/local/lib/python3.10/site-packages/qiskit_algorithms/__init__.py:307: in <module>
    from .minimum_eigensolvers import (
/usr/local/lib/python3.10/site-packages/qiskit_algorithms/minimum_eigensolvers/__init__.py:15: in <module>
    from .adapt_vqe import AdaptVQE, AdaptVQEResult
/usr/local/lib/python3.10/site-packages/qiskit_algorithms/minimum_eigensolvers/adapt_vqe.py:25: in <module>
    from qiskit.circuit.library import EvolvedOperatorAnsatz, evolved_operator_ansatz
E   ImportError: cannot import name 'evolved_operator_ansatz' from 'qiskit.circuit.library' (/usr/local/lib/python3.10/site-packages/qiskit/circuit/library/__init__.py)
________________ ERROR collecting tests/kernel/ml/test_qgpr.py _________________
ImportError while importing test module '/workspace/repo/tests/kernel/ml/test_qgpr.py'.
Hint: make sure your test modules/packages have valid Python names.
Traceback:
tests/kernel/ml/test_qgpr.py:10: in <module>
    from squlearn import Executor
src/squlearn/__init__.py:4: in <module>
    from . import observables, encoding_circuit, kernel, optimizers, qnn, util
src/squlearn/optimizers/__init__.py:5: in <module>
    from .optimizers_wrapper import SLSQP, SPSA, LBFGSB
src/squlearn/optimizers/optimizers_wrapper.py:4: in <module>
    import qiskit_algorithms.optimizers as qiskit_optimizers
/usr/local/lib/python3.10/site-packages/qiskit_algorithms/__init__.py:307: in <module>
    from .minimum_eigensolvers import (
/usr/local/lib/python3.10/site-packages/qiskit_algorithms/minimum_eigensolvers/__init__.py:15: in <module>
    from .adapt_vqe import AdaptVQE, AdaptVQEResult
/usr/local/lib/python3.10/site-packages/qiskit_algorithms/minimum_eigensolvers/adapt_vqe.py:25: in <module>
    from qiskit.circuit.library import EvolvedOperatorAnsatz, evolved_operator_ansatz
E   ImportError: cannot import name 'evolved_operator_ansatz' from 'qiskit.circuit.library' (/usr/local/lib/python3.10/site-packages/qiskit/circuit/library/__init__.py)
________________ ERROR collecting tests/kernel/ml/test_qkrr.py _________________
ImportError while importing test module '/workspace/repo/tests/kernel/ml/test_qkrr.py'.
Hint: make sure your test modules/packages have valid Python names.
Traceback:
tests/kernel/ml/test_qkrr.py:10: in <module>
    from squlearn import Executor
src/squlearn/__init__.py:4: in <module>
    from . import observables, encoding_circuit, kernel, optimizers, qnn, util
src/squlearn/optimizers/__init__.py:5: in <module>
    from .optimizers_wrapper import SLSQP, SPSA, LBFGSB
src/squlearn/optimizers/optimizers_wrapper.py:4: in <module>
    import qiskit_algorithms.optimizers as qiskit_optimizers
/usr/local/lib/python3.10/site-packages/qiskit_algorithms/__init__.py:307: in <module>
    from .minimum_eigensolvers import (
/usr/local/lib/python3.10/site-packages/qiskit_algorithms/minimum_eigensolvers/__init__.py:15: in <module>
    from .adapt_vqe import AdaptVQE, AdaptVQEResult
/usr/local/lib/python3.10/site-packages/qiskit_algorithms/minimum_eigensolvers/adapt_vqe.py:25: in <module>
    from qiskit.circuit.library import EvolvedOperatorAnsatz, evolved_operator_ansatz
E   ImportError: cannot import name 'evolved_operator_ansatz' from 'qiskit.circuit.library' (/usr/local/lib/python3.10/site-packages/qiskit/circuit/library/__init__.py)
________________ ERROR collecting tests/kernel/ml/test_qsvc.py _________________
ImportError while importing test module '/workspace/repo/tests/kernel/ml/test_qsvc.py'.
Hint: make sure your test modules/packages have valid Python names.
Traceback:
tests/kernel/ml/test_qsvc.py:11: in <module>
    from squlearn import Executor
src/squlearn/__init__.py:4: in <module>
    from . import observables, encoding_circuit, kernel, optimizers, qnn, util
src/squlearn/optimizers/__init__.py:5: in <module>
    from .optimizers_wrapper import SLSQP, SPSA, LBFGSB
src/squlearn/optimizers/optimizers_wrapper.py:4: in <module>
    import qiskit_algorithms.optimizers as qiskit_optimizers
/usr/local/lib/python3.10/site-packages/qiskit_algorithms/__init__.py:307: in <module>
    from .minimum_eigensolvers import (
/usr/local/lib/python3.10/site-packages/qiskit_algorithms/minimum_eigensolvers/__init__.py:15: in <module>
    from .adapt_vqe import AdaptVQE, AdaptVQEResult
/usr/local/lib/python3.10/site-packages/qiskit_algorithms/minimum_eigensolvers/adapt_vqe.py:25: in <module>
    from qiskit.circuit.library import EvolvedOperatorAnsatz, evolved_operator_ansatz
E   ImportError: cannot import name 'evolved_operator_ansatz' from 'qiskit.circuit.library' (/usr/local/lib/python3.10/site-packages/qiskit/circuit/library/__init__.py)
________________ ERROR collecting tests/kernel/ml/test_qgpc.py _________________
ImportError while importing test module '/workspace/repo/tests/kernel/ml/test_qgpc.py'.
Hint: make sure your test modules/packages have valid Python names.
Traceback:
tests/kernel/ml/test_qgpc.py:11: in <module>
    from squlearn import Executor
src/squlearn/__init__.py:4: in <module>
    from . import observables, encoding_circuit, kernel, optimizers, qnn, util
src/squlearn/optimizers/__init__.py:5: in <module>
    from .optimizers_wrapper import SLSQP, SPSA, LBFGSB
src/squlearn/optimizers/optimizers_wrapper.py:4: in <module>
    import qiskit_algorithms.optimizers as qiskit_optimizers
/usr/local/lib/python3.10/site-packages/qiskit_algorithms/__init__.py:307: in <module>
    from .minimum_eigensolvers import (
/usr/local/lib/python3.10/site-packages/qiskit_algorithms/minimum_eigensolvers/__init__.py:15: in <module>
    from .adapt_vqe import AdaptVQE, AdaptVQEResult
/usr/local/lib/python3.10/site-packages/qiskit_algorithms/minimum_eigensolvers/adapt_vqe.py:25: in <module>
    from qiskit.circuit.library import EvolvedOperatorAnsatz, evolved_operator_ansatz
E   ImportError: cannot import name 'evolved_operator_ansatz' from 'qiskit.circuit.library' (/usr/local/lib/python3.10/site-packages/qiskit/circuit/library/__init__.py)
___ ERROR collecting tests/encoding_circuit/test_layered_encoding_circuit.py ___
ImportError while importing test module '/workspace/repo/tests/encoding_circuit/test_layered_encoding_circuit.py'.
Hint: make sure your test modules/packages have valid Python names.
Traceback:
tests/encoding_circuit/test_layered_encoding_circuit.py:9: in <module>
    from squlearn import Executor
src/squlearn/__init__.py:4: in <module>
    from . import observables, encoding_circuit, kernel, optimizers, qnn, util
src/squlearn/optimizers/__init__.py:5: in <module>
    from .optimizers_wrapper import SLSQP, SPSA, LBFGSB
src/squlearn/optimizers/optimizers_wrapper.py:4: in <module>
    import qiskit_algorithms.optimizers as qiskit_optimizers
/usr/local/lib/python3.10/site-packages/qiskit_algorithms/__init__.py:307: in <module>
    from .minimum_eigensolvers import (
/usr/local/lib/python3.10/site-packages/qiskit_algorithms/minimum_eigensolvers/__init__.py:15: in <module>
    from .adapt_vqe import AdaptVQE, AdaptVQEResult
/usr/local/lib/python3.10/site-packages/qiskit_algorithms/minimum_eigensolvers/adapt_vqe.py:25: in <module>
    from qiskit.circuit.library import EvolvedOperatorAnsatz, evolved_operator_ansatz
E   ImportError: cannot import name 'evolved_operator_ansatz' from 'qiskit.circuit.library' (/usr/local/lib/python3.10/site-packages/qiskit/circuit/library/__init__.py)
=========================== short test summary info ============================
ERROR tests/encoding_circuit/circuit_library/test_multi_control_encoding_circuit.py
ERROR tests/encoding_circuit/circuit_library/test_random_layered_encoding_circuit.py
ERROR: found no collectors for /workspace/repo/tests/encoding_circuit/circuit_library/test_multi_control_encoding_circuit.py::TestMultiControlEncodingCircuit::test_minimal_fit

ERROR: found no collectors for /workspace/repo/tests/encoding_circuit/circuit_library/test_random_layered_encoding_circuit.py::TestRandomLayeredEncodingCircuit::test_minimal_fit

ERROR: found no collectors for /workspace/repo/tests/encoding_circuit/circuit_library/test_param_z_feature_map.py::TestParamZFeatureMap::test_minimal_fit

ERROR: found no collectors for /workspace/repo/tests/encoding_circuit/circuit_library/test_kyriienko_encoding_circuit.py::TestKyriienkoEncodingCircuit::test_minimal_fit

ERROR: found no collectors for /workspace/repo/tests/encoding_circuit/circuit_library/test_high_dim_encoding_circuit.py::TestHighDimEncodingCircuit::test_minimal_fit

ERROR: found no collectors for /workspace/repo/tests/encoding_circuit/circuit_library/test_hubregtsen_encoding_circuit.py::TestHubregtsenEncodingCircuit::test_minimal_fit

ERROR: found no collectors for /workspace/repo/tests/encoding_circuit/circuit_library/test_random_encoding_circuit.py::TestRandomEncodingCircuit::test_minimal_fit

ERROR: found no collectors for /workspace/repo/tests/encoding_circuit/circuit_library/test_chebyshev_tower.py::TestChebyshevTower::test_minimal_fit

ERROR: found no collectors for /workspace/repo/tests/encoding_circuit/circuit_library/test_chebyshev_pqc.py::TestChebyshevPQC::test_minimal_fit

ERROR: found no collectors for /workspace/repo/tests/encoding_circuit/circuit_library/test_chebyshev_rx.py::TestChebyshevRx::test_minimal_fit

ERROR: found no collectors for /workspace/repo/tests/kernel/ml/test_qsvr.py::TestQSVR::test_predict_without_num_features

ERROR: found no collectors for /workspace/repo/tests/kernel/ml/test_qgpr.py::TestQGPR::test_predict_without_num_features

ERROR: found no collectors for /workspace/repo/tests/kernel/ml/test_qkrr.py::TestQKRR::test_predict_without_num_features

ERROR: found no collectors for /workspace/repo/tests/kernel/ml/test_qsvc.py::TestQSVC::test_predict_without_num_features

ERROR: found no collectors for /workspace/repo/tests/kernel/ml/test_qgpc.py::TestQGPC::test_predict_without_num_features

ERROR: found no collectors for /workspace/repo/tests/encoding_circuit/test_layered_encoding_circuit.py::TestLayeredEncodingCircuit::test_minimal_fit

ERROR: found no collectors for /workspace/repo/tests/encoding_circuit/test_layered_encoding_circuit.py::TestLayeredEncodingCircuit::test_feature_consistency

ERROR: found no collectors for /workspace/repo/tests/encoding_circuit/circuit_library/test_multi_control_encoding_circuit.py::TestMultiControlEncodingCircuit::test_feature_consistency

ERROR: found no collectors for /workspace/repo/tests/encoding_circuit/circuit_library/test_random_layered_encoding_circuit.py::TestRandomLayeredEncodingCircuit::test_feature_consistency

ERROR: found no collectors for /workspace/repo/tests/encoding_circuit/circuit_library/test_param_z_feature_map.py::TestParamZFeatureMap::test_feature_consistency

ERROR: found no collectors for /workspace/repo/tests/encoding_circuit/circuit_library/test_kyriienko_encoding_circuit.py::TestKyriienkoEncodingCircuit::test_feature_consistency

ERROR: found no collectors for /workspace/repo/tests/encoding_circuit/circuit_library/test_high_dim_encoding_circuit.py::TestHighDimEncodingCircuit::test_feature_consistency

ERROR: found no collectors for /workspace/repo/tests/encoding_circuit/circuit_library/test_hubregtsen_encoding_circuit.py::TestHubregtsenEncodingCircuit::test_feature_consistency

ERROR: found no collectors for /workspace/repo/tests/encoding_circuit/circuit_library/test_random_encoding_circuit.py::TestRandomEncodingCircuit::test_feature_consistency

ERROR: found no collectors for /workspace/repo/tests/encoding_circuit/circuit_library/test_chebyshev_tower.py::TestChebyshevTower::test_feature_consistency

ERROR: found no collectors for /workspace/repo/tests/encoding_circuit/circuit_library/test_chebyshev_pqc.py::TestChebyshevPQC::test_feature_consistency

ERROR: found no collectors for /workspace/repo/tests/encoding_circuit/circuit_library/test_chebyshev_rx.py::TestChebyshevRx::test_feature_consistency

ERROR tests/encoding_circuit/circuit_library/test_param_z_feature_map.py
ERROR tests/encoding_circuit/circuit_library/test_kyriienko_encoding_circuit.py
ERROR tests/encoding_circuit/circuit_library/test_high_dim_encoding_circuit.py
ERROR tests/encoding_circuit/circuit_library/test_hubregtsen_encoding_circuit.py
ERROR tests/encoding_circuit/circuit_library/test_random_encoding_circuit.py
ERROR tests/encoding_circuit/circuit_library/test_chebyshev_tower.py
ERROR tests/encoding_circuit/circuit_library/test_chebyshev_pqc.py
ERROR tests/encoding_circuit/circuit_library/test_chebyshev_rx.py
ERROR tests/kernel/ml/test_qsvr.py
ERROR tests/kernel/ml/test_qgpr.py
ERROR tests/kernel/ml/test_qkrr.py
ERROR tests/kernel/ml/test_qsvc.py
ERROR tests/kernel/ml/test_qgpc.py
ERROR tests/encoding_circuit/test_layered_encoding_circuit.py
2 tests collected, 16 errors in 8.31s
