#0 building with "desktop-linux" instance using docker driver

#1 [internal] load build definition from Dockerfile
#1 transferring dockerfile: 632B done
#1 DONE 0.0s

#2 [internal] load metadata for docker.io/library/benchmark-base:qiskit_addon_sqd_265_343
#2 DONE 0.0s

#3 [internal] load .dockerignore
#3 transferring context: 2B done
#3 DONE 0.0s

#4 [internal] load build context
#4 transferring context: 3.42kB done
#4 DONE 0.0s

#5 [1/2] FROM docker.io/library/benchmark-base:qiskit_addon_sqd_265_343
#5 DONE 0.1s

#6 [2/2] COPY run.sh /benchmark/run.sh
#6 DONE 0.1s

#7 exporting to image
#7 exporting layers 0.0s done
#7 writing image sha256:b097ce8ec563837a730ac2e3517680a5c95d48628c1193e5e4fe3fe15146ec1a
#7 writing image sha256:b097ce8ec563837a730ac2e3517680a5c95d48628c1193e5e4fe3fe15146ec1a 0.2s done
#7 naming to docker.io/library/benchmark-qiskit_addon_sqd_265_343:latest
#7 naming to docker.io/library/benchmark-qiskit_addon_sqd_265_343:latest done
#7 DONE 0.2s
