#0 building with "desktop-linux" instance using docker driver

#1 [internal] load build definition from Dockerfile
#1 transferring dockerfile: 632B 0.0s done
#1 DONE 0.1s

#2 [internal] load metadata for docker.io/library/benchmark-base:qiskit_addon_sqd_265_343
#2 DONE 0.0s

#3 [internal] load .dockerignore
#3 transferring context: 2B done
#3 DONE 0.0s

#4 [internal] load build context
#4 transferring context: 3.42kB done
#4 DONE 0.0s

#5 [1/2] FROM docker.io/library/benchmark-base:qiskit_addon_sqd_265_343
#5 DONE 0.5s

#6 [2/2] COPY run.sh /benchmark/run.sh
#6 DONE 0.3s

#7 exporting to image
#7 exporting layers 0.1s done
#7 writing image sha256:5b947a05e6562a8e14e769b28baeac2050125f24c4902aceb872dc9219596b9b
#7 writing image sha256:5b947a05e6562a8e14e769b28baeac2050125f24c4902aceb872dc9219596b9b 0.2s done
#7 naming to docker.io/library/benchmark-qiskit_addon_sqd_265_343:latest
#7 naming to docker.io/library/benchmark-qiskit_addon_sqd_265_343:latest 0.0s done
#7 DONE 0.4s
