#0 building with "desktop-linux" instance using docker driver

#1 [internal] load build definition from Dockerfile
#1 transferring dockerfile: 654B 0.0s done
#1 DONE 0.1s

#2 [internal] load metadata for docker.io/library/benchmark-base:qiskit_addon_sqd_265_343
#2 DONE 0.0s

#3 [internal] load .dockerignore
#3 transferring context: 2B 0.0s done
#3 DONE 0.0s

#4 [1/2] FROM docker.io/library/benchmark-base:qiskit_addon_sqd_265_343
#4 CACHED

#5 [internal] load build context
#5 transferring context: 4.45kB 0.0s done
#5 DONE 0.1s

#6 [2/2] COPY run.sh evaluator.py test_plan.json /benchmark/
#6 DONE 0.3s

#7 exporting to image
#7 exporting layers 0.1s done
#7 writing image sha256:e48778b444480bf7ae29d4cb50a3666a780d04c18121643cf89d391c4785cc66
#7 writing image sha256:e48778b444480bf7ae29d4cb50a3666a780d04c18121643cf89d391c4785cc66 0.0s done
#7 naming to docker.io/library/benchmark-qiskit_addon_sqd_265_343:latest 0.0s done
#7 DONE 0.2s
