#0 building with "desktop-linux" instance using docker driver

#1 [internal] load build definition from Dockerfile
#1 transferring dockerfile: 694B done
#1 DONE 0.0s

#2 [internal] load metadata for docker.io/library/benchmark-base:qiskit_addon_sqd_265_343
#2 DONE 0.0s

#3 [internal] load .dockerignore
#3 transferring context: 2B done
#3 DONE 0.0s

#4 [1/3] FROM docker.io/library/benchmark-base:qiskit_addon_sqd_265_343
#4 DONE 0.0s

#5 [internal] load build context
#5 transferring context: 5.42kB done
#5 DONE 0.0s

#6 [2/3] COPY run.sh evaluator.py test_plan.json /benchmark/
#6 CACHED

#7 [3/3] COPY sample.json /benchmark/sample.json
#7 DONE 0.1s

#8 exporting to image
#8 exporting layers 0.0s done
#8 writing image sha256:def10d5ebb21392a48d450bc61bcbccc18663384b86d7ed2d4125de45797a6ee done
#8 naming to docker.io/library/benchmark-qiskit_addon_sqd_265_343:latest done
#8 DONE 0.0s
