#0 building with "desktop-linux" instance using docker driver

#1 [internal] load build definition from Dockerfile
#1 transferring dockerfile: 631B 0.0s done
#1 DONE 0.0s

#2 [internal] load metadata for docker.io/library/benchmark-base:openqaoa_112_85
#2 DONE 0.0s

#3 [internal] load .dockerignore
#3 transferring context: 2B done
#3 DONE 0.0s

#4 [1/2] FROM docker.io/library/benchmark-base:openqaoa_112_85
#4 CACHED

#5 [internal] load build context
#5 transferring context: 4.55kB done
#5 DONE 0.0s

#6 [2/2] COPY run.sh evaluator.py test_plan.json /benchmark/
#6 DONE 0.1s

#7 exporting to image
#7 exporting layers 0.0s done
#7 writing image sha256:35b072002b3d434ec2a6c44be1769e1a52b07fb4a6f836648c6a7fdff44b92f0 done
#7 naming to docker.io/library/benchmark-openqaoa_112_85:latest done
#7 DONE 0.1s
