#0 building with "desktop-linux" instance using docker driver

#1 [internal] load build definition from Dockerfile
#1 transferring dockerfile: 671B 0.0s done
#1 DONE 0.0s

#2 [internal] load metadata for docker.io/library/benchmark-base:openqaoa_112_85
#2 DONE 0.0s

#3 [internal] load .dockerignore
#3 transferring context: 2B 0.0s done
#3 DONE 0.0s

#4 [1/3] FROM docker.io/library/benchmark-base:openqaoa_112_85
#4 DONE 0.0s

#5 [internal] load build context
#5 transferring context: 6.46kB done
#5 DONE 0.0s

#6 [2/3] COPY run.sh evaluator.py test_plan.json /benchmark/
#6 CACHED

#7 [3/3] COPY sample.json /benchmark/sample.json
#7 DONE 0.1s

#8 exporting to image
#8 exporting layers 0.0s done
#8 writing image sha256:1835cdcfacc8181341b705f231d21bf398aed7f3f2ab3766d613dcb3b10c608b done
#8 naming to docker.io/library/benchmark-openqaoa_112_85:latest done
#8 DONE 0.1s
