#0 building with "desktop-linux" instance using docker driver

#1 [internal] load build definition from Dockerfile
#1 transferring dockerfile: 612B done
#1 DONE 0.0s

#2 [internal] load metadata for docker.io/library/benchmark-base:openqaoa_232_241
#2 DONE 0.0s

#3 [internal] load .dockerignore
#3 transferring context: 2B done
#3 DONE 0.0s

#4 [internal] load build context
#4 transferring context: 3.42kB done
#4 DONE 0.0s

#5 [1/2] FROM docker.io/library/benchmark-base:openqaoa_232_241
#5 DONE 0.1s

#6 [2/2] COPY run.sh /benchmark/run.sh
#6 DONE 0.1s

#7 exporting to image
#7 exporting layers 0.0s done
#7 writing image sha256:c4cbda58d1eac3fb8a58e1ee872e232bc058746dfda8d77e300ccaaa42a5ea49 done
#7 naming to docker.io/library/benchmark-openqaoa_232_241:latest done
#7 DONE 0.0s
