#0 building with "desktop-linux" instance using docker driver

#1 [internal] load build definition from Dockerfile
#1 transferring dockerfile: 634B done
#1 DONE 0.0s

#2 [internal] load metadata for docker.io/library/benchmark-base:openqaoa_232_241
#2 DONE 0.0s

#3 [internal] load .dockerignore
#3 transferring context: 2B done
#3 DONE 0.0s

#4 [1/2] FROM docker.io/library/benchmark-base:openqaoa_232_241
#4 CACHED

#5 [internal] load build context
#5 transferring context: 4.56kB done
#5 DONE 0.0s

#6 [2/2] COPY run.sh evaluator.py test_plan.json /benchmark/
#6 DONE 0.2s

#7 exporting to image
#7 exporting layers 0.0s done
#7 writing image sha256:af9405b8ace0ddece2c115597d30416864a8b943b626bed0a04a0fba01779652 done
#7 naming to docker.io/library/benchmark-openqaoa_232_241:latest done
#7 DONE 0.1s
