#0 building with "desktop-linux" instance using docker driver

#1 [internal] load build definition from Dockerfile
#1 transferring dockerfile: 674B done
#1 DONE 0.0s

#2 [internal] load metadata for docker.io/library/benchmark-base:openqaoa_232_241
#2 DONE 0.0s

#3 [internal] load .dockerignore
#3 transferring context: 2B done
#3 DONE 0.0s

#4 [1/3] FROM docker.io/library/benchmark-base:openqaoa_232_241
#4 DONE 0.0s

#5 [internal] load build context
#5 transferring context: 5.78kB done
#5 DONE 0.0s

#6 [2/3] COPY run.sh evaluator.py test_plan.json /benchmark/
#6 CACHED

#7 [3/3] COPY sample.json /benchmark/sample.json
#7 DONE 0.1s

#8 exporting to image
#8 exporting layers 0.0s done
#8 writing image sha256:16223cb8fcc926eeb69a4f554c7e7e4c30a8f7dca90fd89a365e59a3ddc5ff55 done
#8 naming to docker.io/library/benchmark-openqaoa_232_241:latest 0.0s done
#8 DONE 0.1s
