#0 building with "desktop-linux" instance using docker driver

#1 [stage-0 1/7] FROM docker.io/library/qfea-python310:trixie-db7a1753878f
#1 DONE 0.0s

#2 [internal] load build definition from Dockerfile.repo-base
#2 transferring dockerfile: 1.27kB 0.0s done
#2 DONE 0.0s

#3 [internal] load metadata for docker.io/library/qfea-python310:trixie-db7a1753878f
#3 DONE 0.0s

#4 [internal] load .dockerignore
#4 transferring context: 2B done
#4 DONE 0.0s

#5 [internal] load build context
#5 transferring context: 71B done
#5 DONE 0.0s

#6 [stage-0 2/7] RUN sed -i "s|http://deb.debian.org/debian-security|https://mirrors.tuna.tsinghua.edu.cn/debian-security|g; s|http://deb.debian.org/debian|https://mirrors.tuna.tsinghua.edu.cn/debian|g" /etc/apt/sources.list.d/debian.sources && apt-get -o Acquire::Retries=3 update && apt-get install -y --no-install-recommends git gcc g++ gfortran make libgomp1 && rm -rf /var/lib/apt/lists/*
#6 CACHED

#7 [stage-0 3/7] WORKDIR /workspace/repo
#7 CACHED

#8 [stage-0 4/7] ADD --chown=0:0 source.tar.gz /workspace/repo
#8 CACHED

#9 [stage-0 5/7] RUN chown -R root:root /workspace/repo && git checkout --detach 1406d26db32f7f5f0152adc246f6ded1ec3fb077 && git cat-file -e 2d0f1b862d842ab83bea3c53c676a1b9bbea999c^{commit}
#9 0.636 HEAD is now at 1406d26 - Fixes #403 (#407)
#9 DONE 0.8s

#10 [stage-0 6/7] COPY constraints.txt /opt/constraints.txt
#10 DONE 0.0s

#11 [stage-0 7/7] RUN --mount=type=cache,id=quanbench-pip,target=/root/.cache/pip python -m pip install 'pip<25' 'setuptools<81' wheel && python -m pip install -c /opt/constraints.txt -e . pytest qulacs quimb && python -m pip freeze > /opt/build-freeze.txt
#11 1.969 Looking in indexes: https://pypi.tuna.tsinghua.edu.cn/simple
#11 1.970 Requirement already satisfied: pip<25 in /usr/local/lib/python3.10/site-packages (23.0.1)
#11 1.970 Requirement already satisfied: setuptools<81 in /usr/local/lib/python3.10/site-packages (79.0.1)
#11 1.971 Requirement already satisfied: wheel in /usr/local/lib/python3.10/site-packages (0.45.1)
#11 2.013 WARNING: Running pip as the 'root' user can result in broken permissions and conflicting behaviour with the system package manager. It is recommended to use a virtual environment instead: https://pip.pypa.io/warnings/venv
#11 2.023 
#11 2.023 [notice] A new release of pip is available: 23.0.1 -> 26.2.1
#11 2.023 [notice] To update, run: pip install --upgrade pip
#11 2.542 Looking in indexes: https://pypi.tuna.tsinghua.edu.cn/simple
#11 2.542 Obtaining file:///workspace/repo
#11 2.546   Preparing metadata (setup.py): started
#11 3.062   Preparing metadata (setup.py): finished with status 'done'
#11 3.440 Collecting pytest
#11 3.511   Using cached https://pypi.tuna.tsinghua.edu.cn/packages/24/25/1de2678b631f5a49215c6c96fff41ba892b0a34df68d6d80292b1b48aa7f/pytest-9.1.1-py3-none-any.whl (386 kB)
#11 3.652 Collecting qulacs
#11 3.756   Using cached https://pypi.tuna.tsinghua.edu.cn/packages/a3/c0/59c45348f82cb79cdd2b7595a1af8cc8f5e4f4060c802cd47c03c585203e/qulacs-0.6.14-cp310-cp310-manylinux_2_24_x86_64.manylinux_2_28_x86_64.whl (1.0 MB)
#11 3.902 Collecting quimb
#11 3.968   Downloading https://pypi.tuna.tsinghua.edu.cn/packages/00/ce/6c2ddde4673acc01715da71c766ac3f638919fd79eb523d9530f885c869f/quimb-1.12.0-py3-none-any.whl (2.0 MB)
#11 4.276      ━━━━━━━━━━━━━━━━━━━━━━━━━━━━━━━━━━━━━━━━ 2.0/2.0 MB 6.6 MB/s eta 0:00:00
#11 4.381 Collecting packaging>=22
#11 4.443   Using cached https://pypi.tuna.tsinghua.edu.cn/packages/63/34/ba1c580383c9eada3711951fef0795c80b829a078d72188184bcab9dd527/packaging-26.3-py3-none-any.whl (129 kB)
#11 4.519 Collecting iniconfig>=1.0.1
#11 4.582   Using cached https://pypi.tuna.tsinghua.edu.cn/packages/cb/b1/3846dd7f199d53cb17f49cba7e651e9ce294d8497c8c150530ed11865bb8/iniconfig-2.3.0-py3-none-any.whl (7.5 kB)
#11 4.657 Collecting pluggy<2,>=1.5
#11 4.715   Using cached https://pypi.tuna.tsinghua.edu.cn/packages/54/20/4d324d65cc6d9205fabedc306948156824eb9f0ee1633355a8f7ec5c66bf/pluggy-1.6.0-py3-none-any.whl (20 kB)
#11 4.787 Collecting exceptiongroup>=1
#11 4.845   Using cached https://pypi.tuna.tsinghua.edu.cn/packages/8a/0e/97c33bf5009bdbac74fd2beace167cab3f978feb69cc36f1ef79360d6c4e/exceptiongroup-1.3.1-py3-none-any.whl (16 kB)
#11 4.931 Collecting pygments>=2.7.2
#11 5.002   Using cached https://pypi.tuna.tsinghua.edu.cn/packages/71/46/17f022dd3e953bf20a04a028a21ec746d942f8d2af30fa0f124fa0e6a684/pygments-2.21.0-py3-none-any.whl (1.3 MB)
#11 5.114 Collecting tomli>=1
#11 5.173   Using cached https://pypi.tuna.tsinghua.edu.cn/packages/7b/61/cceae43728b7de99d9b847560c262873a1f6c98202171fd5ed62640b494b/tomli-2.4.1-py3-none-any.whl (14 kB)
#11 5.779 Collecting numpy
#11 5.963   Using cached https://pypi.tuna.tsinghua.edu.cn/packages/b4/63/3de6a34ad7ad6646ac7d2f55ebc6ad439dbbf9c4370017c50cf403fb19b5/numpy-2.2.6-cp310-cp310-manylinux_2_17_x86_64.manylinux2014_x86_64.whl (16.8 MB)
#11 6.437 Collecting scipy
#11 6.802   Using cached https://pypi.tuna.tsinghua.edu.cn/packages/8e/6d/41991e503e51fc1134502694c5fa7a1671501a17ffa12716a4a9151af3df/scipy-1.15.3-cp310-cp310-manylinux_2_17_x86_64.manylinux2014_x86_64.whl (37.7 MB)
#11 7.079 Collecting autoray>=0.8
#11 7.139   Downloading https://pypi.tuna.tsinghua.edu.cn/packages/9f/be/f0352174093c8beed98e85e37f9190cc7da8f26330b9853f5153a9514a0a/autoray-0.8.11-py3-none-any.whl (941 kB)
#11 7.174      ━━━━━━━━━━━━━━━━━━━━━━━━━━━━━━━━━━━━━━ 941.6/941.6 kB 28.3 MB/s eta 0:00:00
#11 7.308 Collecting tqdm>=4
#11 7.365   Using cached https://pypi.tuna.tsinghua.edu.cn/packages/a7/03/921a3d3c75785aca9ebfbfcabfbc3a1be12e2ab5265deb026d55a5a3f83e/tqdm-4.70.1-py3-none-any.whl (80 kB)
#11 7.591 Collecting cytoolz>=0.8.0
#11 7.652   Downloading https://pypi.tuna.tsinghua.edu.cn/packages/9f/33/afad6593829ba73fc87b5ae64441e380fc937f79f24a1cda60d23cb99b8c/cytoolz-1.1.0-cp310-cp310-manylinux2014_x86_64.manylinux_2_17_x86_64.manylinux_2_28_x86_64.whl (2.7 MB)
#11 7.744      ━━━━━━━━━━━━━━━━━━━━━━━━━━━━━━━━━━━━━━━━ 2.7/2.7 MB 29.9 MB/s eta 0:00:00
#11 8.088 Collecting numba>=0.39
#11 8.164   Downloading https://pypi.tuna.tsinghua.edu.cn/packages/e5/17/5358f24235ef1a5a80b7e28f3e1baa886c0bcf07dc68557009284e6ba698/numba-0.67.0-cp310-cp310-manylinux2014_x86_64.manylinux_2_17_x86_64.whl (3.8 MB)
#11 8.335      ━━━━━━━━━━━━━━━━━━━━━━━━━━━━━━━━━━━━━━━━ 3.8/3.8 MB 35.0 MB/s eta 0:00:00
#11 8.614 Collecting psutil>=4.3.1
#11 8.671   Downloading https://pypi.tuna.tsinghua.edu.cn/packages/b5/70/5d8df3b09e25bce090399cf48e452d25c935ab72dad19406c77f4e828045/psutil-7.2.2-cp36-abi3-manylinux2010_x86_64.manylinux_2_12_x86_64.manylinux_2_28_x86_64.whl (155 kB)
#11 8.679      ━━━━━━━━━━━━━━━━━━━━━━━━━━━━━━━━━━━━━━ 155.6/155.6 kB 23.3 MB/s eta 0:00:00
#11 8.689 Collecting quimb
#11 8.747   Downloading https://pypi.tuna.tsinghua.edu.cn/packages/4c/be/cc32aaf468c5856e0c738ae7b2e494d12d50db3906c751834ca5f0e157fb/quimb-1.11.2-py3-none-any.whl (2.1 MB)
#11 8.829      ━━━━━━━━━━━━━━━━━━━━━━━━━━━━━━━━━━━━━━━━ 2.1/2.1 MB 26.2 MB/s eta 0:00:00
#11 8.931 Collecting cotengra>=0.7.1
#11 8.991   Downloading https://pypi.tuna.tsinghua.edu.cn/packages/f6/27/157df41828f9d3ea3db17b1d299c900e7faa84e14fc0cf32ded39e87b7e8/cotengra-0.8.2-py3-none-any.whl (254 kB)
#11 9.002      ━━━━━━━━━━━━━━━━━━━━━━━━━━━━━━━━━━━━━━ 254.4/254.4 kB 33.8 MB/s eta 0:00:00
#11 9.092 Collecting sympy
#11 9.195   Using cached https://pypi.tuna.tsinghua.edu.cn/packages/a2/09/77d55d46fd61b4a135c444fc97158ef34a095e5681d0a6c10b75bf356191/sympy-1.14.0-py3-none-any.whl (6.3 MB)
#11 9.305 Collecting autograd
#11 9.363   Using cached https://pypi.tuna.tsinghua.edu.cn/packages/6e/ce/8c98e6604bb1ec9d03c8493c328185b69bb7533fe08f3640f0f3641bd9d1/autograd-1.9.1-py3-none-any.whl (54 kB)
#11 9.365 Requirement already satisfied: setuptools in /usr/local/lib/python3.10/site-packages (from tequila-basic==1.9.9) (79.0.1)
#11 9.433 Collecting openfermion~=1.0
#11 10.20   Using cached https://pypi.tuna.tsinghua.edu.cn/packages/e2/64/14780633d9bafe69a485b67739e228b925c74d32e46e0da15d70a2aed7ba/openfermion-1.8.1-py3-none-any.whl (44.7 MB)
#11 10.53 Collecting toolz>=0.8.0
#11 10.58   Downloading https://pypi.tuna.tsinghua.edu.cn/packages/fb/12/5911ae3eeec47800503a238d971e51722ccea5feb8569b735184d5fcdbc0/toolz-1.1.0-py3-none-any.whl (58 kB)
#11 10.59      ━━━━━━━━━━━━━━━━━━━━━━━━━━━━━━━━━━━━━━━━ 58.1/58.1 kB 14.3 MB/s eta 0:00:00
#11 10.70 Collecting typing-extensions>=4.6.0
#11 10.76   Using cached https://pypi.tuna.tsinghua.edu.cn/packages/49/d3/b8441a820a491ddfc024b0b0cf0393375b75ea13866d9c66727e54c2fc80/typing_extensions-4.16.0-py3-none-any.whl (45 kB)
#11 10.98 Collecting llvmlite<0.50,>=0.49.0dev0
#11 11.04   Downloading https://pypi.tuna.tsinghua.edu.cn/packages/72/2c/eb42378b4f3afc71f9fe172d01f30135dc1d54c7fd95cf76d5445d6f7809/llvmlite-0.49.0-cp310-cp310-manylinux2014_x86_64.manylinux_2_17_x86_64.whl (59.9 MB)
#11 13.20      ━━━━━━━━━━━━━━━━━━━━━━━━━━━━━━━━━━━━━━━━ 59.9/59.9 MB 20.0 MB/s eta 0:00:00
#11 13.49 Collecting deprecation
#11 13.55   Using cached https://pypi.tuna.tsinghua.edu.cn/packages/02/c3/253a89ee03fc9b9682f1541728eb66db7db22148cd94f89ab22528cd1e1b/deprecation-2.1.0-py2.py3-none-any.whl (11 kB)
#11 13.62 Collecting pubchempy
#11 13.67   Using cached https://pypi.tuna.tsinghua.edu.cn/packages/6b/e3/2c887645f21b94d992a16775bcf81cdf6dcc36cf1606782cb2a3c86e9a35/pubchempy-1.0.5-py3-none-any.whl (21 kB)
#11 13.84 Collecting h5py
#11 13.93   Using cached https://pypi.tuna.tsinghua.edu.cn/packages/cb/92/a8851d936547efe30cc0ce5245feac01f3ec6171f7899bc3f775c72030b3/h5py-3.16.0-cp310-cp310-manylinux_2_28_x86_64.whl (5.1 MB)
#11 14.08 Collecting networkx
#11 14.14   Using cached https://pypi.tuna.tsinghua.edu.cn/packages/b9/54/dd730b32ea14ea797530a4479b2ed46a6fb250f682a9cfb997e968bf0261/networkx-3.4.2-py3-none-any.whl (1.7 MB)
#11 14.72 Collecting cirq-core<1.6.0,>=1.4.1
#11 14.79   Using cached https://pypi.tuna.tsinghua.edu.cn/packages/15/1e/ce461c2c75a029c47c10e0f2f95e0a694cedd4f2888b70b8e3fbcf806972/cirq_core-1.5.0-py3-none-any.whl (2.0 MB)
#11 14.90 Collecting requests
#11 14.95   Using cached https://pypi.tuna.tsinghua.edu.cn/packages/a0/f4/c67b0b3f1b9245e8d266f0f112c500d50e5b4e83cb6f3b71b6528104182a/requests-2.34.2-py3-none-any.whl (73 kB)
#11 15.17 Collecting mpmath<1.4,>=1.1.0
#11 15.23   Using cached https://pypi.tuna.tsinghua.edu.cn/packages/43/e3/7d92a15f894aa0c9c4b49b8ee9ac9850d6e63b03c9c32c0367a13ae62209/mpmath-1.3.0-py3-none-any.whl (536 kB)
#11 15.33 Collecting duet>=0.2.8
#11 15.39   Using cached https://pypi.tuna.tsinghua.edu.cn/packages/be/95/03c8215f675349ff719cb44cd837c2468fdc0c05f55f523f3cad86bbdcc6/duet-0.2.9-py3-none-any.whl (29 kB)
#11 15.75 Collecting pandas~=2.0
#11 15.92   Using cached https://pypi.tuna.tsinghua.edu.cn/packages/40/a8/4dac1f8f8235e5d25b9955d02ff6f29396191d4e665d71122c3722ca83c5/pandas-2.3.3-cp310-cp310-manylinux_2_24_x86_64.manylinux_2_28_x86_64.whl (12.8 MB)
#11 16.08 Collecting attrs>=21.3.0
#11 16.14   Using cached https://pypi.tuna.tsinghua.edu.cn/packages/64/b4/17d4b0b2a2dc85a6df63d1157e028ed19f90d4cd97c36717afef2bc2f395/attrs-26.1.0-py3-none-any.whl (67 kB)
#11 16.31 Collecting sortedcontainers~=2.0
#11 16.37   Using cached https://pypi.tuna.tsinghua.edu.cn/packages/32/46/9cb0e58b2deb7f82b84065f37f3bffeb12413f947f9388e4cac22c4621ce/sortedcontainers-2.4.0-py2.py3-none-any.whl (29 kB)
#11 16.80 Collecting matplotlib~=3.7
#11 16.92   Using cached https://pypi.tuna.tsinghua.edu.cn/packages/fc/b7/d8bcec2626c35f96972bff656299fef4578113ea6193c8fdad324710410c/matplotlib-3.10.9-cp310-cp310-manylinux2014_x86_64.manylinux_2_17_x86_64.whl (8.8 MB)
#11 17.53 Collecting charset_normalizer<4,>=2
#11 17.59   Using cached https://pypi.tuna.tsinghua.edu.cn/packages/c4/9f/9f52d2886d52645987d603425482c63c5045a3005db1354a7097e5ed1ae9/charset_normalizer-3.5.2-cp310-cp310-manylinux2014_x86_64.manylinux_2_17_x86_64.manylinux_2_28_x86_64.whl (271 kB)
#11 17.70 Collecting urllib3<3,>=1.26
#11 17.76   Using cached https://pypi.tuna.tsinghua.edu.cn/packages/92/9d/c4e665119135114480843e7ab388fa94d8480650450e6f8e26b70d323a4c/urllib3-2.8.0-py3-none-any.whl (135 kB)
#11 17.84 Collecting idna<4,>=2.5
#11 17.90   Using cached https://pypi.tuna.tsinghua.edu.cn/packages/58/a2/bb081bab032533a855d44de1d56f8e8426114ff1ba5d1f07a438a0a654f8/idna-3.20-py3-none-any.whl (69 kB)
#11 17.98 Collecting certifi>=2023.5.7
#11 18.04   Using cached https://pypi.tuna.tsinghua.edu.cn/packages/0b/a7/71ac2cff56fec219ed242bb11b8efb69fcc4bec75db06fb7bfe35de520e6/certifi-2026.7.22-py3-none-any.whl (136 kB)
#11 18.66 Collecting pillow>=8
#11 18.76   Using cached https://pypi.tuna.tsinghua.edu.cn/packages/4e/89/36f4cd76cf4baf05c50ababb976249153f18c959171c7f6ba09a6f217260/pillow-12.3.0-cp310-cp310-manylinux_2_27_x86_64.manylinux_2_28_x86_64.whl (6.9 MB)
#11 18.86 Collecting cycler>=0.10
#11 18.93   Using cached https://pypi.tuna.tsinghua.edu.cn/packages/e7/05/c19819d5e3d95294a6f5947fb9b9629efb316b96de511b418c53d245aae6/cycler-0.12.1-py3-none-any.whl (8.3 kB)
#11 19.17 Collecting kiwisolver>=1.3.1
#11 19.24   Using cached https://pypi.tuna.tsinghua.edu.cn/packages/f1/0e/9f394d693be549fa3fab62498c2778294595991047adc3dcf10aa99b91c0/kiwisolver-1.5.1-cp310-cp310-manylinux_2_12_x86_64.manylinux2010_x86_64.whl (1.6 MB)
#11 19.74 Collecting fonttools>=4.22.0
#11 19.82   Using cached https://pypi.tuna.tsinghua.edu.cn/packages/ee/56/151b5e81d20c63834f48ad37a0cbbbe2f9b248e38f8d10387f0cf5219244/fonttools-4.65.0-cp310-cp310-manylinux2014_x86_64.manylinux_2_17_x86_64.whl (5.3 MB)
#11 19.92 Collecting python-dateutil>=2.7
#11 19.98   Using cached https://pypi.tuna.tsinghua.edu.cn/packages/ec/57/56b9bcc3c9c6a792fcbaf139543cee77261f3651ca9da0c93f5c1221264b/python_dateutil-2.9.0.post0-py2.py3-none-any.whl (229 kB)
#11 20.16 Collecting pyparsing>=3
#11 20.22   Using cached https://pypi.tuna.tsinghua.edu.cn/packages/38/bb/d215ee7c73b61497b28a5503f9f53523f294fcc936762b7caf90e0c1c2b5/pyparsing-3.3.3-py3-none-any.whl (126 kB)
#11 20.47 Collecting contourpy>=1.0.1
#11 20.79   Using cached https://pypi.tuna.tsinghua.edu.cn/packages/32/5c/1ee32d1c7956923202f00cf8d2a14a62ed7517bdc0ee1e55301227fc273c/contourpy-1.3.2-cp310-cp310-manylinux_2_17_x86_64.manylinux2014_x86_64.whl (325 kB)
#11 21.03 Collecting tzdata>=2022.7
#11 21.09   Using cached https://pypi.tuna.tsinghua.edu.cn/packages/f9/bc/8737e8d54cf51106118039b83f485a4783112fab49ea9d044b234978a46e/tzdata-2026.4-py2.py3-none-any.whl (347 kB)
#11 21.23 Collecting pytz>=2020.1
#11 21.29   Using cached https://pypi.tuna.tsinghua.edu.cn/packages/d5/11/e3df59614bebe0ca50c905442603eda64ae7ac19811d4e4f74aa2d51ca85/pytz-2026.4-py2.py3-none-any.whl (506 kB)
#11 21.47 Collecting six>=1.5
#11 21.53   Using cached https://pypi.tuna.tsinghua.edu.cn/packages/b7/ce/149a00dd41f10bc29e5921b496af8b574d8413afcd5e30dfa0ed46c2cc5e/six-1.17.0-py2.py3-none-any.whl (11 kB)
#11 22.03 Installing collected packages: sortedcontainers, pytz, mpmath, urllib3, tzdata, typing-extensions, tqdm, toolz, tomli, sympy, six, pyparsing, pygments, pubchempy, psutil, pluggy, pillow, packaging, numpy, networkx, llvmlite, kiwisolver, iniconfig, idna, fonttools, duet, cycler, charset_normalizer, certifi, autoray, attrs, scipy, requests, python-dateutil, numba, h5py, exceptiongroup, deprecation, cytoolz, cotengra, contourpy, autograd, qulacs, quimb, pytest, pandas, matplotlib, cirq-core, openfermion, tequila-basic
#11 47.57   Running setup.py develop for tequila-basic
#11 48.40 Successfully installed attrs-26.1.0 autograd-1.9.1 autoray-0.8.11 certifi-2026.7.22 charset_normalizer-3.5.2 cirq-core-1.5.0 contourpy-1.3.2 cotengra-0.8.2 cycler-0.12.1 cytoolz-1.1.0 deprecation-2.1.0 duet-0.2.9 exceptiongroup-1.3.1 fonttools-4.65.0 h5py-3.16.0 idna-3.20 iniconfig-2.3.0 kiwisolver-1.5.1 llvmlite-0.49.0 matplotlib-3.10.9 mpmath-1.3.0 networkx-3.4.2 numba-0.67.0 numpy-2.2.6 openfermion-1.8.1 packaging-26.3 pandas-2.3.3 pillow-12.3.0 pluggy-1.6.0 psutil-7.2.2 pubchempy-1.0.5 pygments-2.21.0 pyparsing-3.3.3 pytest-9.1.1 python-dateutil-2.9.0.post0 pytz-2026.4 quimb-1.11.2 qulacs-0.6.14 requests-2.34.2 scipy-1.15.3 six-1.17.0 sortedcontainers-2.4.0 sympy-1.14.0 tequila-basic-1.9.9 tomli-2.4.1 toolz-1.1.0 tqdm-4.70.1 typing-extensions-4.16.0 tzdata-2026.4 urllib3-2.8.0
#11 48.40 WARNING: Running pip as the 'root' user can result in broken permissions and conflicting behaviour with the system package manager. It is recommended to use a virtual environment instead: https://pip.pypa.io/warnings/venv
#11 48.41 
#11 48.41 [notice] A new release of pip is available: 23.0.1 -> 26.2.1
#11 48.41 [notice] To update, run: pip install --upgrade pip
#11 DONE 50.1s

#12 exporting to image
#12 exporting layers
#12 exporting layers 2.5s done
#12 writing image sha256:cb56329453ea9f7b164e65e4708c7e07e7bdc483d94215404a5d88b7f001f8dc done
#12 naming to docker.io/library/benchmark-base:tequila_403_407 done
#12 DONE 2.6s
