#0 building with "desktop-linux" instance using docker driver

#1 [internal] load build definition from Dockerfile
#1 transferring dockerfile: 594B done
#1 DONE 0.0s

#2 [internal] load metadata for docker.io/library/benchmark-base:tequila_403_407
#2 DONE 0.0s

#3 [internal] load .dockerignore
#3 transferring context: 2B done
#3 DONE 0.0s

#4 [internal] load build context
#4 transferring context: 3.42kB done
#4 DONE 0.0s

#5 [1/2] FROM docker.io/library/benchmark-base:tequila_403_407
#5 DONE 0.1s

#6 [2/2] COPY run.sh /benchmark/run.sh
#6 DONE 0.3s

#7 exporting to image
#7 exporting layers 0.0s done
#7 writing image sha256:e7dbeae263393ad446afe8adef19763b4eabba3d96b9f5cebb080ecf117862c0 0.1s done
#7 naming to docker.io/library/benchmark-tequila_403_407:latest done
#7 DONE 0.1s
