#0 building with "desktop-linux" instance using docker driver

#1 [internal] load build definition from Dockerfile
#1 transferring dockerfile: 616B 0.0s done
#1 DONE 0.1s

#2 [internal] load metadata for docker.io/library/benchmark-base:tequila_403_407
#2 DONE 0.0s

#3 [internal] load .dockerignore
#3 transferring context: 2B done
#3 DONE 0.0s

#4 [1/2] FROM docker.io/library/benchmark-base:tequila_403_407
#4 CACHED

#5 [internal] load build context
#5 transferring context: 3.87kB done
#5 DONE 0.1s

#6 [2/2] COPY run.sh evaluator.py test_plan.json /benchmark/
#6 DONE 0.3s

#7 exporting to image
#7 exporting layers 0.1s done
#7 writing image sha256:1cdebe4d17e41efe5a6ccc231b9e8ddafadec755f1330690203269ab8f42cec7
#7 writing image sha256:1cdebe4d17e41efe5a6ccc231b9e8ddafadec755f1330690203269ab8f42cec7 done
#7 naming to docker.io/library/benchmark-tequila_403_407:latest 0.0s done
#7 DONE 0.1s
